10:19:18 **** Build of project hello_world_bsp ****
make -k all 
libgen -hw ../m152b_fall2018_hw_platform/system.xml\
	       \
	       -pe microblaze_0 \
	       -log libgen.log \
	       system.mss
libgen
Xilinx EDK 14.6 Build EDK_P.68d
Copyright (c) 1995-2012 Xilinx, Inc.  All rights reserved.

Command Line: libgen -hw ../m152b_fall2018_hw_platform/system.xml -pe
microblaze_0 -log libgen.log system.mss 


Staging source files.
Running DRCs.
Running generate.
Running post_generate.
Running include - 'make -s include "COMPILER=mb-gcc" "ARCHIVER=mb-ar"
"COMPILER_FLAGS=-mno-xl-soft-mul -mxl-barrel-shift -mxl-pattern-compare
-mcpu=v8.50.b  -O2 -c" "EXTRA_COMPILER_FLAGS=-g -ffunction-sections
-fdata-sections"'.

Running libs - 'make -s libs "COMPILER=mb-gcc" "ARCHIVER=mb-ar"
"COMPILER_FLAGS=-mno-xl-soft-mul -mxl-barrel-shift -mxl-pattern-compare
-mcpu=v8.50.b  -O2 -c" "EXTRA_COMPILER_FLAGS=-g -ffunction-sections
-fdata-sections"'.
Compiling common
Compiling lldma
Compiling standalone
Compiling mpmc
Compiling gpio
Compiling bram
Compiling uartlite
Compiling uartns550
Compiling cpu
Running execs_generate.
Finished building libraries
10:19:41 **** Build of configuration Debug for project hello_world ****
make all 
Building file: ../src/helloworld.c
Invoking: MicroBlaze gcc compiler
mb-gcc -Wall -O0 -g3 -c -fmessage-length=0 -I../../hello_world_bsp/microblaze_0/include -mxl-barrel-shift -mxl-pattern-compare -mcpu=v8.50.b -mno-xl-soft-mul -Wl,--no-relax -ffunction-sections -fdata-sections -MMD -MP -MF"src/helloworld.d" -MT"src/helloworld.d" -o "src/helloworld.o" "../src/helloworld.c"
Finished building: ../src/helloworld.c
 
Building file: ../src/platform.c
Invoking: MicroBlaze gcc compiler
mb-gcc -Wall -O0 -g3 -c -fmessage-length=0 -I../../hello_world_bsp/microblaze_0/include -mxl-barrel-shift -mxl-pattern-compare -mcpu=v8.50.b -mno-xl-soft-mul -Wl,--no-relax -ffunction-sections -fdata-sections -MMD -MP -MF"src/platform.d" -MT"src/platform.d" -o "src/platform.o" "../src/platform.c"
Finished building: ../src/platform.c
 
Building target: hello_world.elf
Invoking: MicroBlaze gcc linker
mb-gcc -Wl,-T -Wl,../src/lscript.ld -L../../hello_world_bsp/microblaze_0/lib -mxl-barrel-shift -mxl-pattern-compare -mcpu=v8.50.b -mno-xl-soft-mul -Wl,--no-relax -Wl,--gc-sections -o "hello_world.elf"  ./src/helloworld.o ./src/platform.o   -Wl,--start-group,-lxil,-lgcc,-lc,--end-group
Finished building target: hello_world.elf
 
Invoking: MicroBlaze Print Size
mb-size hello_world.elf  |tee "hello_world.elf.size"
   text	   data	    bss	    dec	    hex	filename
   2490	    268	   2090	   4848	   12f0	hello_world.elf
Finished building: hello_world.elf.size
 
Invoking: Xilinx ELF Check
elfcheck hello_world.elf -hw ../../m152b_fall2018_hw_platform/system.xml -pe microblaze_0  |tee "hello_world.elf.elfcheck"
elfcheck
Xilinx EDK 14.6 Build EDK_P.68d
Copyright (c) 1995-2012 Xilinx, Inc.  All rights reserved.

Command Line: elfcheck -hw ../../m152b_fall2018_hw_platform/system.xml -pe
microblaze_0 hello_world.elf 

ELF file	: hello_world.elf
elfcheck passed.
Finished building: hello_world.elf.elfcheck
 
10:24:39 **** Auto Build of project hello_world_bsp ****
make -k all 
Finished building libraries
10:24:53 **** Incremental Build of configuration Debug for project hello_world ****
make all 
make: Nothing to be done for `all'.
10:32:21 **** Incremental Build of configuration Debug for project hello_world ****
make all 
make: Nothing to be done for `all'.
10:33:36 **** Incremental Build of configuration Debug for project hello_world ****
make all 
make: Nothing to be done for `all'.
10:37:24 **** Incremental Build of configuration Debug for project hello_world ****
make all 
make: Nothing to be done for `all'.
10:38:32 **** Auto Build of configuration Debug for project hello_world ****
make all 
Building file: ../src/helloworld.c
Invoking: MicroBlaze gcc compiler
mb-gcc -Wall -O0 -g3 -c -fmessage-length=0 -I../../hello_world_bsp/microblaze_0/include -mxl-barrel-shift -mxl-pattern-compare -mcpu=v8.50.b -mno-xl-soft-mul -Wl,--no-relax -ffunction-sections -fdata-sections -MMD -MP -MF"src/helloworld.d" -MT"src/helloworld.d" -o "src/helloworld.o" "../src/helloworld.c"
../src/helloworld.c: In function 'main':
../src/helloworld.c:42:14: error: 'a' undeclared (first use in this function)
../src/helloworld.c:42:14: note: each undeclared identifier is reported only once for each function it appears in
../src/helloworld.c:48:1: warning: control reaches end of non-void function [-Wreturn-type]
make: *** [src/helloworld.o] Error 1
10:41:40 **** Auto Build of configuration Debug for project hello_world ****
make all 
Building file: ../src/helloworld.c
Invoking: MicroBlaze gcc compiler
mb-gcc -Wall -O0 -g3 -c -fmessage-length=0 -I../../hello_world_bsp/microblaze_0/include -mxl-barrel-shift -mxl-pattern-compare -mcpu=v8.50.b -mno-xl-soft-mul -Wl,--no-relax -ffunction-sections -fdata-sections -MMD -MP -MF"src/helloworld.d" -MT"src/helloworld.d" -o "src/helloworld.o" "../src/helloworld.c"
../src/helloworld.c:39:1: error: two or more data types in declaration specifiers
../src/helloworld.c:39:5: warning: return type of 'main' is not 'int' [-Wmain]
../src/helloworld.c: In function 'main':
../src/helloworld.c:47:1: warning: control reaches end of non-void function [-Wreturn-type]
make: *** [src/helloworld.o] Error 1
10:41:57 **** Auto Build of configuration Debug for project hello_world ****
make all 
Building file: ../src/helloworld.c
Invoking: MicroBlaze gcc compiler
mb-gcc -Wall -O0 -g3 -c -fmessage-length=0 -I../../hello_world_bsp/microblaze_0/include -mxl-barrel-shift -mxl-pattern-compare -mcpu=v8.50.b -mno-xl-soft-mul -Wl,--no-relax -ffunction-sections -fdata-sections -MMD -MP -MF"src/helloworld.d" -MT"src/helloworld.d" -o "src/helloworld.o" "../src/helloworld.c"
../src/helloworld.c:39:1: error: two or more data types in declaration specifiers
../src/helloworld.c:39:5: warning: return type of 'main' is not 'int' [-Wmain]
make: *** [src/helloworld.o] Error 1
10:42:12 **** Auto Build of configuration Debug for project hello_world ****
make all 
Building file: ../src/helloworld.c
Invoking: MicroBlaze gcc compiler
mb-gcc -Wall -O0 -g3 -c -fmessage-length=0 -I../../hello_world_bsp/microblaze_0/include -mxl-barrel-shift -mxl-pattern-compare -mcpu=v8.50.b -mno-xl-soft-mul -Wl,--no-relax -ffunction-sections -fdata-sections -MMD -MP -MF"src/helloworld.d" -MT"src/helloworld.d" -o "src/helloworld.o" "../src/helloworld.c"
../src/helloworld.c:39:1: error: two or more data types in declaration specifiers
../src/helloworld.c:39:6: warning: return type of 'main' is not 'int' [-Wmain]
make: *** [src/helloworld.o] Error 1
10:42:21 **** Auto Build of configuration Debug for project hello_world ****
make all 
Building file: ../src/helloworld.c
Invoking: MicroBlaze gcc compiler
mb-gcc -Wall -O0 -g3 -c -fmessage-length=0 -I../../hello_world_bsp/microblaze_0/include -mxl-barrel-shift -mxl-pattern-compare -mcpu=v8.50.b -mno-xl-soft-mul -Wl,--no-relax -ffunction-sections -fdata-sections -MMD -MP -MF"src/helloworld.d" -MT"src/helloworld.d" -o "src/helloworld.o" "../src/helloworld.c"
Finished building: ../src/helloworld.c
 
Building target: hello_world.elf
Invoking: MicroBlaze gcc linker
mb-gcc -Wl,-T -Wl,../src/lscript.ld -L../../hello_world_bsp/microblaze_0/lib -mxl-barrel-shift -mxl-pattern-compare -mcpu=v8.50.b -mno-xl-soft-mul -Wl,--no-relax -Wl,--gc-sections -o "hello_world.elf"  ./src/helloworld.o ./src/platform.o   -Wl,--start-group,-lxil,-lgcc,-lc,--end-group
Finished building target: hello_world.elf
 
Invoking: MicroBlaze Print Size
mb-size hello_world.elf  |tee "hello_world.elf.size"
   text	   data	    bss	    dec	    hex	filename
  12360	   1308	   2148	  15816	   3dc8	hello_world.elf
Finished building: hello_world.elf.size
 
Invoking: Xilinx ELF Check
elfcheck hello_world.elf -hw ../../m152b_fall2018_hw_platform/system.xml -pe microblaze_0  |tee "hello_world.elf.elfcheck"
elfcheck
Xilinx EDK 14.6 Build EDK_P.68d
Copyright (c) 1995-2012 Xilinx, Inc.  All rights reserved.

Command Line: elfcheck -hw ../../m152b_fall2018_hw_platform/system.xml -pe
microblaze_0 hello_world.elf 

ELF file	: hello_world.elf
elfcheck passed.
Finished building: hello_world.elf.elfcheck
 
10:42:35 **** Incremental Build of configuration Debug for project hello_world ****
make all 
make: Nothing to be done for `all'.
10:42:56 **** Incremental Build of configuration Debug for project hello_world ****
make all 
make: Nothing to be done for `all'.
10:43:27 **** Incremental Build of configuration Debug for project hello_world ****
make all 
make: Nothing to be done for `all'.
10:43:58 **** Auto Build of configuration Debug for project hello_world ****
make all 
Building file: ../src/helloworld.c
Invoking: MicroBlaze gcc compiler
mb-gcc -Wall -O0 -g3 -c -fmessage-length=0 -I../../hello_world_bsp/microblaze_0/include -mxl-barrel-shift -mxl-pattern-compare -mcpu=v8.50.b -mno-xl-soft-mul -Wl,--no-relax -ffunction-sections -fdata-sections -MMD -MP -MF"src/helloworld.d" -MT"src/helloworld.d" -o "src/helloworld.o" "../src/helloworld.c"
Finished building: ../src/helloworld.c
 
Building target: hello_world.elf
Invoking: MicroBlaze gcc linker
mb-gcc -Wl,-T -Wl,../src/lscript.ld -L../../hello_world_bsp/microblaze_0/lib -mxl-barrel-shift -mxl-pattern-compare -mcpu=v8.50.b -mno-xl-soft-mul -Wl,--no-relax -Wl,--gc-sections -o "hello_world.elf"  ./src/helloworld.o ./src/platform.o   -Wl,--start-group,-lxil,-lgcc,-lc,--end-group
Finished building target: hello_world.elf
 
Invoking: MicroBlaze Print Size
mb-size hello_world.elf  |tee "hello_world.elf.size"
   text	   data	    bss	    dec	    hex	filename
   1966	    268	   2080	   4314	   10da	hello_world.elf
Finished building: hello_world.elf.size
 
Invoking: Xilinx ELF Check
elfcheck hello_world.elf -hw ../../m152b_fall2018_hw_platform/system.xml -pe microblaze_0  |tee "hello_world.elf.elfcheck"
elfcheck
Xilinx EDK 14.6 Build EDK_P.68d
Copyright (c) 1995-2012 Xilinx, Inc.  All rights reserved.

Command Line: elfcheck -hw ../../m152b_fall2018_hw_platform/system.xml -pe
microblaze_0 hello_world.elf 

ELF file	: hello_world.elf
elfcheck passed.
Finished building: hello_world.elf.elfcheck
 
10:44:04 **** Incremental Build of configuration Debug for project hello_world ****
make all 
make: Nothing to be done for `all'.
10:44:28 **** Auto Build of configuration Debug for project hello_world ****
make all 
Building file: ../src/helloworld.c
Invoking: MicroBlaze gcc compiler
mb-gcc -Wall -O0 -g3 -c -fmessage-length=0 -I../../hello_world_bsp/microblaze_0/include -mxl-barrel-shift -mxl-pattern-compare -mcpu=v8.50.b -mno-xl-soft-mul -Wl,--no-relax -ffunction-sections -fdata-sections -MMD -MP -MF"src/helloworld.d" -MT"src/helloworld.d" -o "src/helloworld.o" "../src/helloworld.c"
Finished building: ../src/helloworld.c
 
Building target: hello_world.elf
Invoking: MicroBlaze gcc linker
mb-gcc -Wl,-T -Wl,../src/lscript.ld -L../../hello_world_bsp/microblaze_0/lib -mxl-barrel-shift -mxl-pattern-compare -mcpu=v8.50.b -mno-xl-soft-mul -Wl,--no-relax -Wl,--gc-sections -o "hello_world.elf"  ./src/helloworld.o ./src/platform.o   -Wl,--start-group,-lxil,-lgcc,-lc,--end-group
Finished building target: hello_world.elf
 
Invoking: MicroBlaze Print Size
mb-size hello_world.elf  |tee "hello_world.elf.size"
   text	   data	    bss	    dec	    hex	filename
   1962	    268	   2090	   4320	   10e0	hello_world.elf
Finished building: hello_world.elf.size
 
Invoking: Xilinx ELF Check
elfcheck hello_world.elf -hw ../../m152b_fall2018_hw_platform/system.xml -pe microblaze_0  |tee "hello_world.elf.elfcheck"
elfcheck
Xilinx EDK 14.6 Build EDK_P.68d
Copyright (c) 1995-2012 Xilinx, Inc.  All rights reserved.

Command Line: elfcheck -hw ../../m152b_fall2018_hw_platform/system.xml -pe
microblaze_0 hello_world.elf 

ELF file	: hello_world.elf
elfcheck passed.
Finished building: hello_world.elf.elfcheck
 
10:44:30 **** Incremental Build of configuration Debug for project hello_world ****
make all 
make: Nothing to be done for `all'.
10:44:51 **** Incremental Build of configuration Debug for project hello_world ****
make all 
make: Nothing to be done for `all'.
10:45:17 **** Incremental Build of configuration Debug for project hello_world ****
make all 
make: Nothing to be done for `all'.
10:45:51 **** Incremental Build of configuration Debug for project hello_world ****
make all 
make: Nothing to be done for `all'.
10:46:53 **** Auto Build of configuration Debug for project hello_world ****
make all 
Building file: ../src/helloworld.c
Invoking: MicroBlaze gcc compiler
mb-gcc -Wall -O0 -g3 -c -fmessage-length=0 -I../../hello_world_bsp/microblaze_0/include -mxl-barrel-shift -mxl-pattern-compare -mcpu=v8.50.b -mno-xl-soft-mul -Wl,--no-relax -ffunction-sections -fdata-sections -MMD -MP -MF"src/helloworld.d" -MT"src/helloworld.d" -o "src/helloworld.o" "../src/helloworld.c"
Finished building: ../src/helloworld.c
 
Building target: hello_world.elf
Invoking: MicroBlaze gcc linker
mb-gcc -Wl,-T -Wl,../src/lscript.ld -L../../hello_world_bsp/microblaze_0/lib -mxl-barrel-shift -mxl-pattern-compare -mcpu=v8.50.b -mno-xl-soft-mul -Wl,--no-relax -Wl,--gc-sections -o "hello_world.elf"  ./src/helloworld.o ./src/platform.o   -Wl,--start-group,-lxil,-lgcc,-lc,--end-group
Finished building target: hello_world.elf
 
Invoking: MicroBlaze Print Size
mb-size hello_world.elf  |tee "hello_world.elf.size"
   text	   data	    bss	    dec	    hex	filename
  12896	   1308	   2148	  16352	   3fe0	hello_world.elf
Finished building: hello_world.elf.size
 
Invoking: Xilinx ELF Check
elfcheck hello_world.elf -hw ../../m152b_fall2018_hw_platform/system.xml -pe microblaze_0  |tee "hello_world.elf.elfcheck"
elfcheck
Xilinx EDK 14.6 Build EDK_P.68d
Copyright (c) 1995-2012 Xilinx, Inc.  All rights reserved.

Command Line: elfcheck -hw ../../m152b_fall2018_hw_platform/system.xml -pe
microblaze_0 hello_world.elf 

ELF file	: hello_world.elf
elfcheck passed.
Finished building: hello_world.elf.elfcheck
 
10:47:55 **** Incremental Build of configuration Debug for project hello_world ****
make all 
make: Nothing to be done for `all'.
10:48:27 **** Auto Build of configuration Debug for project hello_world ****
make all 
Building file: ../src/helloworld.c
Invoking: MicroBlaze gcc compiler
mb-gcc -Wall -O0 -g3 -c -fmessage-length=0 -I../../hello_world_bsp/microblaze_0/include -mxl-barrel-shift -mxl-pattern-compare -mcpu=v8.50.b -mno-xl-soft-mul -Wl,--no-relax -ffunction-sections -fdata-sections -MMD -MP -MF"src/helloworld.d" -MT"src/helloworld.d" -o "src/helloworld.o" "../src/helloworld.c"
Finished building: ../src/helloworld.c
 
Building target: hello_world.elf
Invoking: MicroBlaze gcc linker
mb-gcc -Wl,-T -Wl,../src/lscript.ld -L../../hello_world_bsp/microblaze_0/lib -mxl-barrel-shift -mxl-pattern-compare -mcpu=v8.50.b -mno-xl-soft-mul -Wl,--no-relax -Wl,--gc-sections -o "hello_world.elf"  ./src/helloworld.o ./src/platform.o   -Wl,--start-group,-lxil,-lgcc,-lc,--end-group
Finished building target: hello_world.elf
 
Invoking: MicroBlaze Print Size
mb-size hello_world.elf  |tee "hello_world.elf.size"
   text	   data	    bss	    dec	    hex	filename
   2502	    268	   2080	   4850	   12f2	hello_world.elf
Finished building: hello_world.elf.size
 
Invoking: Xilinx ELF Check
elfcheck hello_world.elf -hw ../../m152b_fall2018_hw_platform/system.xml -pe microblaze_0  |tee "hello_world.elf.elfcheck"
elfcheck
Xilinx EDK 14.6 Build EDK_P.68d
Copyright (c) 1995-2012 Xilinx, Inc.  All rights reserved.

Command Line: elfcheck -hw ../../m152b_fall2018_hw_platform/system.xml -pe
microblaze_0 hello_world.elf 

ELF file	: hello_world.elf
elfcheck passed.
Finished building: hello_world.elf.elfcheck
 
10:48:33 **** Incremental Build of configuration Debug for project hello_world ****
make all 
make: Nothing to be done for `all'.
10:49:03 **** Auto Build of configuration Debug for project hello_world ****
make all 
Building file: ../src/helloworld.c
Invoking: MicroBlaze gcc compiler
mb-gcc -Wall -O0 -g3 -c -fmessage-length=0 -I../../hello_world_bsp/microblaze_0/include -mxl-barrel-shift -mxl-pattern-compare -mcpu=v8.50.b -mno-xl-soft-mul -Wl,--no-relax -ffunction-sections -fdata-sections -MMD -MP -MF"src/helloworld.d" -MT"src/helloworld.d" -o "src/helloworld.o" "../src/helloworld.c"
../src/helloworld.c: In function 'main':
../src/helloworld.c:43:10: warning: unused variable 'a' [-Wunused-variable]
Finished building: ../src/helloworld.c
 
Building target: hello_world.elf
Invoking: MicroBlaze gcc linker
mb-gcc -Wl,-T -Wl,../src/lscript.ld -L../../hello_world_bsp/microblaze_0/lib -mxl-barrel-shift -mxl-pattern-compare -mcpu=v8.50.b -mno-xl-soft-mul -Wl,--no-relax -Wl,--gc-sections -o "hello_world.elf"  ./src/helloworld.o ./src/platform.o   -Wl,--start-group,-lxil,-lgcc,-lc,--end-group
Finished building target: hello_world.elf
 
Invoking: MicroBlaze Print Size
mb-size hello_world.elf  |tee "hello_world.elf.size"
   text	   data	    bss	    dec	    hex	filename
  12844	   1308	   2152	  16304	   3fb0	hello_world.elf
Finished building: hello_world.elf.size
 
Invoking: Xilinx ELF Check
elfcheck hello_world.elf -hw ../../m152b_fall2018_hw_platform/system.xml -pe microblaze_0  |tee "hello_world.elf.elfcheck"
elfcheck
Xilinx EDK 14.6 Build EDK_P.68d
Copyright (c) 1995-2012 Xilinx, Inc.  All rights reserved.

Command Line: elfcheck -hw ../../m152b_fall2018_hw_platform/system.xml -pe
microblaze_0 hello_world.elf 

ELF file	: hello_world.elf
elfcheck passed.
Finished building: hello_world.elf.elfcheck
 
10:49:11 **** Auto Build of configuration Debug for project hello_world ****
make all 
Building file: ../src/helloworld.c
Invoking: MicroBlaze gcc compiler
mb-gcc -Wall -O0 -g3 -c -fmessage-length=0 -I../../hello_world_bsp/microblaze_0/include -mxl-barrel-shift -mxl-pattern-compare -mcpu=v8.50.b -mno-xl-soft-mul -Wl,--no-relax -ffunction-sections -fdata-sections -MMD -MP -MF"src/helloworld.d" -MT"src/helloworld.d" -o "src/helloworld.o" "../src/helloworld.c"
Finished building: ../src/helloworld.c
 
Building target: hello_world.elf
Invoking: MicroBlaze gcc linker
mb-gcc -Wl,-T -Wl,../src/lscript.ld -L../../hello_world_bsp/microblaze_0/lib -mxl-barrel-shift -mxl-pattern-compare -mcpu=v8.50.b -mno-xl-soft-mul -Wl,--no-relax -Wl,--gc-sections -o "hello_world.elf"  ./src/helloworld.o ./src/platform.o   -Wl,--start-group,-lxil,-lgcc,-lc,--end-group
Finished building target: hello_world.elf
 
Invoking: MicroBlaze Print Size
mb-size hello_world.elf  |tee "hello_world.elf.size"
   text	   data	    bss	    dec	    hex	filename
  12896	   1308	   2148	  16352	   3fe0	hello_world.elf
Finished building: hello_world.elf.size
 
Invoking: Xilinx ELF Check
elfcheck hello_world.elf -hw ../../m152b_fall2018_hw_platform/system.xml -pe microblaze_0  |tee "hello_world.elf.elfcheck"
elfcheck
Xilinx EDK 14.6 Build EDK_P.68d
Copyright (c) 1995-2012 Xilinx, Inc.  All rights reserved.

Command Line: elfcheck -hw ../../m152b_fall2018_hw_platform/system.xml -pe
microblaze_0 hello_world.elf 

ELF file	: hello_world.elf
elfcheck passed.
Finished building: hello_world.elf.elfcheck
 
10:49:20 **** Incremental Build of configuration Debug for project hello_world ****
make all 
make: Nothing to be done for `all'.
10:51:08 **** Auto Build of configuration Debug for project hello_world ****
make all 
Building file: ../src/helloworld.c
Invoking: MicroBlaze gcc compiler
mb-gcc -Wall -O0 -g3 -c -fmessage-length=0 -I../../hello_world_bsp/microblaze_0/include -mxl-barrel-shift -mxl-pattern-compare -mcpu=v8.50.b -mno-xl-soft-mul -Wl,--no-relax -ffunction-sections -fdata-sections -MMD -MP -MF"src/helloworld.d" -MT"src/helloworld.d" -o "src/helloworld.o" "../src/helloworld.c"
Finished building: ../src/helloworld.c
 
Building target: hello_world.elf
Invoking: MicroBlaze gcc linker
mb-gcc -Wl,-T -Wl,../src/lscript.ld -L../../hello_world_bsp/microblaze_0/lib -mxl-barrel-shift -mxl-pattern-compare -mcpu=v8.50.b -mno-xl-soft-mul -Wl,--no-relax -Wl,--gc-sections -o "hello_world.elf"  ./src/helloworld.o ./src/platform.o   -Wl,--start-group,-lxil,-lgcc,-lc,--end-group
Finished building target: hello_world.elf
 
Invoking: MicroBlaze Print Size
mb-size hello_world.elf  |tee "hello_world.elf.size"
   text	   data	    bss	    dec	    hex	filename
  12896	   1308	   2148	  16352	   3fe0	hello_world.elf
Finished building: hello_world.elf.size
 
Invoking: Xilinx ELF Check
elfcheck hello_world.elf -hw ../../m152b_fall2018_hw_platform/system.xml -pe microblaze_0  |tee "hello_world.elf.elfcheck"
elfcheck
Xilinx EDK 14.6 Build EDK_P.68d
Copyright (c) 1995-2012 Xilinx, Inc.  All rights reserved.

Command Line: elfcheck -hw ../../m152b_fall2018_hw_platform/system.xml -pe
microblaze_0 hello_world.elf 

ELF file	: hello_world.elf
elfcheck passed.
Finished building: hello_world.elf.elfcheck
 
10:51:11 **** Incremental Build of configuration Debug for project hello_world ****
make all 
make: Nothing to be done for `all'.
10:52:51 **** Incremental Build of configuration Debug for project hello_world ****
make all 
make: Nothing to be done for `all'.
10:56:12 **** Auto Build of configuration Debug for project hello_world ****
make all 
Building file: ../src/helloworld.c
Invoking: MicroBlaze gcc compiler
mb-gcc -Wall -O0 -g3 -c -fmessage-length=0 -I../../hello_world_bsp/microblaze_0/include -mxl-barrel-shift -mxl-pattern-compare -mcpu=v8.50.b -mno-xl-soft-mul -Wl,--no-relax -ffunction-sections -fdata-sections -MMD -MP -MF"src/helloworld.d" -MT"src/helloworld.d" -o "src/helloworld.o" "../src/helloworld.c"
Finished building: ../src/helloworld.c
 
Building target: hello_world.elf
Invoking: MicroBlaze gcc linker
mb-gcc -Wl,-T -Wl,../src/lscript.ld -L../../hello_world_bsp/microblaze_0/lib -mxl-barrel-shift -mxl-pattern-compare -mcpu=v8.50.b -mno-xl-soft-mul -Wl,--no-relax -Wl,--gc-sections -o "hello_world.elf"  ./src/helloworld.o ./src/platform.o   -Wl,--start-group,-lxil,-lgcc,-lc,--end-group
Finished building target: hello_world.elf
 
Invoking: MicroBlaze Print Size
mb-size hello_world.elf  |tee "hello_world.elf.size"
   text	   data	    bss	    dec	    hex	filename
  12896	   1308	   2148	  16352	   3fe0	hello_world.elf
Finished building: hello_world.elf.size
 
Invoking: Xilinx ELF Check
elfcheck hello_world.elf -hw ../../m152b_fall2018_hw_platform/system.xml -pe microblaze_0  |tee "hello_world.elf.elfcheck"
elfcheck
Xilinx EDK 14.6 Build EDK_P.68d
Copyright (c) 1995-2012 Xilinx, Inc.  All rights reserved.

Command Line: elfcheck -hw ../../m152b_fall2018_hw_platform/system.xml -pe
microblaze_0 hello_world.elf 

ELF file	: hello_world.elf
elfcheck passed.
Finished building: hello_world.elf.elfcheck
 
10:57:00 **** Auto Build of configuration Debug for project hello_world ****
make all 
Building file: ../src/helloworld.c
Invoking: MicroBlaze gcc compiler
mb-gcc -Wall -O0 -g3 -c -fmessage-length=0 -I../../hello_world_bsp/microblaze_0/include -mxl-barrel-shift -mxl-pattern-compare -mcpu=v8.50.b -mno-xl-soft-mul -Wl,--no-relax -ffunction-sections -fdata-sections -MMD -MP -MF"src/helloworld.d" -MT"src/helloworld.d" -o "src/helloworld.o" "../src/helloworld.c"
../src/helloworld.c: In function 'main':
../src/helloworld.c:43:5: warning: format '%s' expects argument of type 'char *', but argument 2 has type 'char (*)[10]' [-Wformat]
../src/helloworld.c:43:5: warning: format '%s' expects argument of type 'char *', but argument 2 has type 'char (*)[10]' [-Wformat]
../src/helloworld.c:44:8: error: 'a' undeclared (first use in this function)
../src/helloworld.c:44:8: note: each undeclared identifier is reported only once for each function it appears in
make: *** [src/helloworld.o] Error 1
10:57:16 **** Auto Build of configuration Debug for project hello_world ****
make all 
Building file: ../src/helloworld.c
Invoking: MicroBlaze gcc compiler
mb-gcc -Wall -O0 -g3 -c -fmessage-length=0 -I../../hello_world_bsp/microblaze_0/include -mxl-barrel-shift -mxl-pattern-compare -mcpu=v8.50.b -mno-xl-soft-mul -Wl,--no-relax -ffunction-sections -fdata-sections -MMD -MP -MF"src/helloworld.d" -MT"src/helloworld.d" -o "src/helloworld.o" "../src/helloworld.c"
../src/helloworld.c: In function 'main':
../src/helloworld.c:43:5: warning: format '%s' expects argument of type 'char *', but argument 2 has type 'char (*)[10]' [-Wformat]
../src/helloworld.c:43:5: warning: format '%s' expects argument of type 'char *', but argument 2 has type 'char (*)[10]' [-Wformat]
../src/helloworld.c:44:5: warning: passing argument 1 of 'print' from incompatible pointer type [enabled by default]
c:\xilinx\14.6\ise_ds\edk\gnu\microblaze\nt\bin\../lib/gcc/microblaze-xilinx-elf/4.6.4/../../../../microblaze-xilinx-elf/include/stdio.h:233:9: note: expected 'char *' but argument is of type 'char (*)[10]'
Finished building: ../src/helloworld.c
 
Building target: hello_world.elf
Invoking: MicroBlaze gcc linker
mb-gcc -Wl,-T -Wl,../src/lscript.ld -L../../hello_world_bsp/microblaze_0/lib -mxl-barrel-shift -mxl-pattern-compare -mcpu=v8.50.b -mno-xl-soft-mul -Wl,--no-relax -Wl,--gc-sections -o "hello_world.elf"  ./src/helloworld.o ./src/platform.o   -Wl,--start-group,-lxil,-lgcc,-lc,--end-group
Finished building target: hello_world.elf
 
Invoking: MicroBlaze Print Size
mb-size hello_world.elf  |tee "hello_world.elf.size"
   text	   data	    bss	    dec	    hex	filename
  79480	   1480	   2408	  83368	  145a8	hello_world.elf
Finished building: hello_world.elf.size
 
Invoking: Xilinx ELF Check
elfcheck hello_world.elf -hw ../../m152b_fall2018_hw_platform/system.xml -pe microblaze_0  |tee "hello_world.elf.elfcheck"
elfcheck
Xilinx EDK 14.6 Build EDK_P.68d
Copyright (c) 1995-2012 Xilinx, Inc.  All rights reserved.

Command Line: elfcheck -hw ../../m152b_fall2018_hw_platform/system.xml -pe
microblaze_0 hello_world.elf 

ELF file	: hello_world.elf
elfcheck passed.
Finished building: hello_world.elf.elfcheck
 
10:58:11 **** Auto Build of configuration Debug for project hello_world ****
make all 
Building file: ../src/helloworld.c
Invoking: MicroBlaze gcc compiler
mb-gcc -Wall -O0 -g3 -c -fmessage-length=0 -I../../hello_world_bsp/microblaze_0/include -mxl-barrel-shift -mxl-pattern-compare -mcpu=v8.50.b -mno-xl-soft-mul -Wl,--no-relax -ffunction-sections -fdata-sections -MMD -MP -MF"src/helloworld.d" -MT"src/helloworld.d" -o "src/helloworld.o" "../src/helloworld.c"
../src/helloworld.c: In function 'main':
../src/helloworld.c:43:5: warning: format '%s' expects argument of type 'char *', but argument 2 has type 'char (*)[10]' [-Wformat]
../src/helloworld.c:43:5: warning: format '%s' expects argument of type 'char *', but argument 2 has type 'char (*)[10]' [-Wformat]
../src/helloworld.c:44:5: warning: passing argument 1 of 'print' from incompatible pointer type [enabled by default]
c:\xilinx\14.6\ise_ds\edk\gnu\microblaze\nt\bin\../lib/gcc/microblaze-xilinx-elf/4.6.4/../../../../microblaze-xilinx-elf/include/stdio.h:233:9: note: expected 'char *' but argument is of type 'char (*)[10]'
Finished building: ../src/helloworld.c
 
Building target: hello_world.elf
Invoking: MicroBlaze gcc linker
mb-gcc -Wl,-T -Wl,../src/lscript.ld -L../../hello_world_bsp/microblaze_0/lib -mxl-barrel-shift -mxl-pattern-compare -mcpu=v8.50.b -mno-xl-soft-mul -Wl,--no-relax -Wl,--gc-sections -o "hello_world.elf"  ./src/helloworld.o ./src/platform.o   -Wl,--start-group,-lxil,-lgcc,-lc,--end-group
Finished building target: hello_world.elf
 
Invoking: MicroBlaze Print Size
mb-size hello_world.elf  |tee "hello_world.elf.size"
   text	   data	    bss	    dec	    hex	filename
  79480	   1480	   2408	  83368	  145a8	hello_world.elf
Finished building: hello_world.elf.size
 
Invoking: Xilinx ELF Check
elfcheck hello_world.elf -hw ../../m152b_fall2018_hw_platform/system.xml -pe microblaze_0  |tee "hello_world.elf.elfcheck"
elfcheck
Xilinx EDK 14.6 Build EDK_P.68d
Copyright (c) 1995-2012 Xilinx, Inc.  All rights reserved.

Command Line: elfcheck -hw ../../m152b_fall2018_hw_platform/system.xml -pe
microblaze_0 hello_world.elf 

ELF file	: hello_world.elf
elfcheck passed.
Finished building: hello_world.elf.elfcheck
 
10:58:14 **** Incremental Build of configuration Debug for project hello_world ****
make all 
make: Nothing to be done for `all'.
10:59:20 **** Incremental Build of configuration Debug for project hello_world ****
make all 
make: Nothing to be done for `all'.
11:05:46 **** Auto Build of configuration Debug for project hello_world ****
make all 
Building file: ../src/helloworld.c
Invoking: MicroBlaze gcc compiler
mb-gcc -Wall -O0 -g3 -c -fmessage-length=0 -I../../hello_world_bsp/microblaze_0/include -mxl-barrel-shift -mxl-pattern-compare -mcpu=v8.50.b -mno-xl-soft-mul -Wl,--no-relax -ffunction-sections -fdata-sections -MMD -MP -MF"src/helloworld.d" -MT"src/helloworld.d" -o "src/helloworld.o" "../src/helloworld.c"
../src/helloworld.c: In function 'main':
../src/helloworld.c:43:5: warning: format '%s' expects argument of type 'char *', but argument 2 has type 'char (*)[10]' [-Wformat]
../src/helloworld.c:43:5: warning: format '%s' expects argument of type 'char *', but argument 2 has type 'char (*)[10]' [-Wformat]
../src/helloworld.c:44:5: warning: passing argument 1 of 'printf' from incompatible pointer type [enabled by default]
c:\xilinx\14.6\ise_ds\edk\gnu\microblaze\nt\bin\../lib/gcc/microblaze-xilinx-elf/4.6.4/../../../../microblaze-xilinx-elf/include/stdio.h:182:5: note: expected 'const char *' but argument is of type 'char (*)[10]'
Finished building: ../src/helloworld.c
 
Building target: hello_world.elf
Invoking: MicroBlaze gcc linker
mb-gcc -Wl,-T -Wl,../src/lscript.ld -L../../hello_world_bsp/microblaze_0/lib -mxl-barrel-shift -mxl-pattern-compare -mcpu=v8.50.b -mno-xl-soft-mul -Wl,--no-relax -Wl,--gc-sections -o "hello_world.elf"  ./src/helloworld.o ./src/platform.o   -Wl,--start-group,-lxil,-lgcc,-lc,--end-group
Finished building target: hello_world.elf
 
Invoking: MicroBlaze Print Size
mb-size hello_world.elf  |tee "hello_world.elf.size"
   text	   data	    bss	    dec	    hex	filename
 100832	   1484	   2412	 104728	  19918	hello_world.elf
Finished building: hello_world.elf.size
 
Invoking: Xilinx ELF Check
elfcheck hello_world.elf -hw ../../m152b_fall2018_hw_platform/system.xml -pe microblaze_0  |tee "hello_world.elf.elfcheck"
elfcheck
Xilinx EDK 14.6 Build EDK_P.68d
Copyright (c) 1995-2012 Xilinx, Inc.  All rights reserved.

Command Line: elfcheck -hw ../../m152b_fall2018_hw_platform/system.xml -pe
microblaze_0 hello_world.elf 

ELF file	: hello_world.elf
elfcheck passed.
Finished building: hello_world.elf.elfcheck
 
11:06:18 **** Auto Build of configuration Debug for project hello_world ****
make all 
Building file: ../src/helloworld.c
Invoking: MicroBlaze gcc compiler
mb-gcc -Wall -O0 -g3 -c -fmessage-length=0 -I../../hello_world_bsp/microblaze_0/include -mxl-barrel-shift -mxl-pattern-compare -mcpu=v8.50.b -mno-xl-soft-mul -Wl,--no-relax -ffunction-sections -fdata-sections -MMD -MP -MF"src/helloworld.d" -MT"src/helloworld.d" -o "src/helloworld.o" "../src/helloworld.c"
../src/helloworld.c: In function 'main':
../src/helloworld.c:43:5: warning: format '%s' expects argument of type 'char *', but argument 2 has type 'char (*)[10]' [-Wformat]
../src/helloworld.c:43:5: warning: format '%s' expects argument of type 'char *', but argument 2 has type 'char (*)[10]' [-Wformat]
../src/helloworld.c:44:5: warning: format '%s' expects argument of type 'char *', but argument 2 has type 'char (*)[10]' [-Wformat]
../src/helloworld.c:44:5: warning: format '%s' expects argument of type 'char *', but argument 2 has type 'char (*)[10]' [-Wformat]
Finished building: ../src/helloworld.c
 
Building target: hello_world.elf
Invoking: MicroBlaze gcc linker
mb-gcc -Wl,-T -Wl,../src/lscript.ld -L../../hello_world_bsp/microblaze_0/lib -mxl-barrel-shift -mxl-pattern-compare -mcpu=v8.50.b -mno-xl-soft-mul -Wl,--no-relax -Wl,--gc-sections -o "hello_world.elf"  ./src/helloworld.o ./src/platform.o   -Wl,--start-group,-lxil,-lgcc,-lc,--end-group
Finished building target: hello_world.elf
 
Invoking: MicroBlaze Print Size
mb-size hello_world.elf  |tee "hello_world.elf.size"
   text	   data	    bss	    dec	    hex	filename
 100840	   1484	   2412	 104736	  19920	hello_world.elf
Finished building: hello_world.elf.size
 
Invoking: Xilinx ELF Check
elfcheck hello_world.elf -hw ../../m152b_fall2018_hw_platform/system.xml -pe microblaze_0  |tee "hello_world.elf.elfcheck"
elfcheck
Xilinx EDK 14.6 Build EDK_P.68d
Copyright (c) 1995-2012 Xilinx, Inc.  All rights reserved.

Command Line: elfcheck -hw ../../m152b_fall2018_hw_platform/system.xml -pe
microblaze_0 hello_world.elf 

ELF file	: hello_world.elf
elfcheck passed.
Finished building: hello_world.elf.elfcheck
 
11:06:31 **** Incremental Build of configuration Debug for project hello_world ****
make all 
make: Nothing to be done for `all'.
11:07:49 **** Auto Build of configuration Debug for project hello_world ****
make all 
Building file: ../src/helloworld.c
Invoking: MicroBlaze gcc compiler
mb-gcc -Wall -O0 -g3 -c -fmessage-length=0 -I../../hello_world_bsp/microblaze_0/include -mxl-barrel-shift -mxl-pattern-compare -mcpu=v8.50.b -mno-xl-soft-mul -Wl,--no-relax -ffunction-sections -fdata-sections -MMD -MP -MF"src/helloworld.d" -MT"src/helloworld.d" -o "src/helloworld.o" "../src/helloworld.c"
../src/helloworld.c: In function 'main':
../src/helloworld.c:43:5: warning: format '%s' expects argument of type 'char *', but argument 2 has type 'char (*)[10]' [-Wformat]
../src/helloworld.c:43:5: warning: format '%s' expects argument of type 'char *', but argument 2 has type 'char (*)[10]' [-Wformat]
../src/helloworld.c:44:5: warning: passing argument 1 of 'print' from incompatible pointer type [enabled by default]
c:\xilinx\14.6\ise_ds\edk\gnu\microblaze\nt\bin\../lib/gcc/microblaze-xilinx-elf/4.6.4/../../../../microblaze-xilinx-elf/include/stdio.h:233:9: note: expected 'char *' but argument is of type 'char (*)[10]'
Finished building: ../src/helloworld.c
 
Building target: hello_world.elf
Invoking: MicroBlaze gcc linker
mb-gcc -Wl,-T -Wl,../src/lscript.ld -L../../hello_world_bsp/microblaze_0/lib -mxl-barrel-shift -mxl-pattern-compare -mcpu=v8.50.b -mno-xl-soft-mul -Wl,--no-relax -Wl,--gc-sections -o "hello_world.elf"  ./src/helloworld.o ./src/platform.o   -Wl,--start-group,-lxil,-lgcc,-lc,--end-group
Finished building target: hello_world.elf
 
Invoking: MicroBlaze Print Size
mb-size hello_world.elf  |tee "hello_world.elf.size"
   text	   data	    bss	    dec	    hex	filename
  79480	   1480	   2408	  83368	  145a8	hello_world.elf
Finished building: hello_world.elf.size
 
Invoking: Xilinx ELF Check
elfcheck hello_world.elf -hw ../../m152b_fall2018_hw_platform/system.xml -pe microblaze_0  |tee "hello_world.elf.elfcheck"
elfcheck
Xilinx EDK 14.6 Build EDK_P.68d
Copyright (c) 1995-2012 Xilinx, Inc.  All rights reserved.

Command Line: elfcheck -hw ../../m152b_fall2018_hw_platform/system.xml -pe
microblaze_0 hello_world.elf 

ELF file	: hello_world.elf
elfcheck passed.
Finished building: hello_world.elf.elfcheck
 
11:07:55 **** Incremental Build of configuration Debug for project hello_world ****
make all 
make: Nothing to be done for `all'.
11:13:32 **** Auto Build of configuration Debug for project hello_world ****
make all 
Building file: ../src/helloworld.c
Invoking: MicroBlaze gcc compiler
mb-gcc -Wall -O0 -g3 -c -fmessage-length=0 -I../../hello_world_bsp/microblaze_0/include -mxl-barrel-shift -mxl-pattern-compare -mcpu=v8.50.b -mno-xl-soft-mul -Wl,--no-relax -ffunction-sections -fdata-sections -MMD -MP -MF"src/helloworld.d" -MT"src/helloworld.d" -o "src/helloworld.o" "../src/helloworld.c"
Finished building: ../src/helloworld.c
 
Building target: hello_world.elf
Invoking: MicroBlaze gcc linker
mb-gcc -Wl,-T -Wl,../src/lscript.ld -L../../hello_world_bsp/microblaze_0/lib -mxl-barrel-shift -mxl-pattern-compare -mcpu=v8.50.b -mno-xl-soft-mul -Wl,--no-relax -Wl,--gc-sections -o "hello_world.elf"  ./src/helloworld.o ./src/platform.o   -Wl,--start-group,-lxil,-lgcc,-lc,--end-group
Finished building target: hello_world.elf
 
Invoking: MicroBlaze Print Size
mb-size hello_world.elf  |tee "hello_world.elf.size"
   text	   data	    bss	    dec	    hex	filename
  80052	   1480	   2404	  83936	  147e0	hello_world.elf
Finished building: hello_world.elf.size
 
Invoking: Xilinx ELF Check
elfcheck hello_world.elf -hw ../../m152b_fall2018_hw_platform/system.xml -pe microblaze_0  |tee "hello_world.elf.elfcheck"
elfcheck
Xilinx EDK 14.6 Build EDK_P.68d
Copyright (c) 1995-2012 Xilinx, Inc.  All rights reserved.

Command Line: elfcheck -hw ../../m152b_fall2018_hw_platform/system.xml -pe
microblaze_0 hello_world.elf 

ELF file	: hello_world.elf
elfcheck passed.
Finished building: hello_world.elf.elfcheck
 
11:14:58 **** Auto Build of configuration Debug for project hello_world ****
make all 
Building file: ../src/helloworld.c
Invoking: MicroBlaze gcc compiler
mb-gcc -Wall -O0 -g3 -c -fmessage-length=0 -I../../hello_world_bsp/microblaze_0/include -mxl-barrel-shift -mxl-pattern-compare -mcpu=v8.50.b -mno-xl-soft-mul -Wl,--no-relax -ffunction-sections -fdata-sections -MMD -MP -MF"src/helloworld.d" -MT"src/helloworld.d" -o "src/helloworld.o" "../src/helloworld.c"
Finished building: ../src/helloworld.c
 
Building target: hello_world.elf
Invoking: MicroBlaze gcc linker
mb-gcc -Wl,-T -Wl,../src/lscript.ld -L../../hello_world_bsp/microblaze_0/lib -mxl-barrel-shift -mxl-pattern-compare -mcpu=v8.50.b -mno-xl-soft-mul -Wl,--no-relax -Wl,--gc-sections -o "hello_world.elf"  ./src/helloworld.o ./src/platform.o   -Wl,--start-group,-lxil,-lgcc,-lc,--end-group
Finished building target: hello_world.elf
 
Invoking: MicroBlaze Print Size
mb-size hello_world.elf  |tee "hello_world.elf.size"
   text	   data	    bss	    dec	    hex	filename
  80104	   1480	   2408	  83992	  14818	hello_world.elf
Finished building: hello_world.elf.size
 
Invoking: Xilinx ELF Check
elfcheck hello_world.elf -hw ../../m152b_fall2018_hw_platform/system.xml -pe microblaze_0  |tee "hello_world.elf.elfcheck"
elfcheck
Xilinx EDK 14.6 Build EDK_P.68d
Copyright (c) 1995-2012 Xilinx, Inc.  All rights reserved.

Command Line: elfcheck -hw ../../m152b_fall2018_hw_platform/system.xml -pe
microblaze_0 hello_world.elf 

ELF file	: hello_world.elf
elfcheck passed.
Finished building: hello_world.elf.elfcheck
 
11:15:27 **** Auto Build of configuration Debug for project hello_world ****
make all 
Building file: ../src/helloworld.c
Invoking: MicroBlaze gcc compiler
mb-gcc -Wall -O0 -g3 -c -fmessage-length=0 -I../../hello_world_bsp/microblaze_0/include -mxl-barrel-shift -mxl-pattern-compare -mcpu=v8.50.b -mno-xl-soft-mul -Wl,--no-relax -ffunction-sections -fdata-sections -MMD -MP -MF"src/helloworld.d" -MT"src/helloworld.d" -o "src/helloworld.o" "../src/helloworld.c"
../src/helloworld.c: In function 'main':
../src/helloworld.c:50:5: error: expected expression before '}' token
make: *** [src/helloworld.o] Error 1
11:16:50 **** Auto Build of configuration Debug for project hello_world ****
make all 
Building file: ../src/helloworld.c
Invoking: MicroBlaze gcc compiler
mb-gcc -Wall -O0 -g3 -c -fmessage-length=0 -I../../hello_world_bsp/microblaze_0/include -mxl-barrel-shift -mxl-pattern-compare -mcpu=v8.50.b -mno-xl-soft-mul -Wl,--no-relax -ffunction-sections -fdata-sections -MMD -MP -MF"src/helloworld.d" -MT"src/helloworld.d" -o "src/helloworld.o" "../src/helloworld.c"
../src/helloworld.c: In function 'main':
../src/helloworld.c:58:5: warning: passing argument 1 of 'print' from incompatible pointer type [enabled by default]
c:\xilinx\14.6\ise_ds\edk\gnu\microblaze\nt\bin\../lib/gcc/microblaze-xilinx-elf/4.6.4/../../../../microblaze-xilinx-elf/include/stdio.h:233:9: note: expected 'char *' but argument is of type 'int *'
../src/helloworld.c:59:5: warning: passing argument 1 of 'print' from incompatible pointer type [enabled by default]
c:\xilinx\14.6\ise_ds\edk\gnu\microblaze\nt\bin\../lib/gcc/microblaze-xilinx-elf/4.6.4/../../../../microblaze-xilinx-elf/include/stdio.h:233:9: note: expected 'char *' but argument is of type 'int *'
Finished building: ../src/helloworld.c
 
Building target: hello_world.elf
Invoking: MicroBlaze gcc linker
mb-gcc -Wl,-T -Wl,../src/lscript.ld -L../../hello_world_bsp/microblaze_0/lib -mxl-barrel-shift -mxl-pattern-compare -mcpu=v8.50.b -mno-xl-soft-mul -Wl,--no-relax -Wl,--gc-sections -o "hello_world.elf"  ./src/helloworld.o ./src/platform.o   -Wl,--start-group,-lxil,-lgcc,-lc,--end-group
Finished building target: hello_world.elf
 
Invoking: MicroBlaze Print Size
mb-size hello_world.elf  |tee "hello_world.elf.size"
   text	   data	    bss	    dec	    hex	filename
  13028	   1308	   2168	  16504	   4078	hello_world.elf
Finished building: hello_world.elf.size
 
Invoking: Xilinx ELF Check
elfcheck hello_world.elf -hw ../../m152b_fall2018_hw_platform/system.xml -pe microblaze_0  |tee "hello_world.elf.elfcheck"
elfcheck
Xilinx EDK 14.6 Build EDK_P.68d
Copyright (c) 1995-2012 Xilinx, Inc.  All rights reserved.

Command Line: elfcheck -hw ../../m152b_fall2018_hw_platform/system.xml -pe
microblaze_0 hello_world.elf 

ELF file	: hello_world.elf
elfcheck passed.
Finished building: hello_world.elf.elfcheck
 
11:17:39 **** Auto Build of configuration Debug for project hello_world ****
make all 
Building file: ../src/helloworld.c
Invoking: MicroBlaze gcc compiler
mb-gcc -Wall -O0 -g3 -c -fmessage-length=0 -I../../hello_world_bsp/microblaze_0/include -mxl-barrel-shift -mxl-pattern-compare -mcpu=v8.50.b -mno-xl-soft-mul -Wl,--no-relax -ffunction-sections -fdata-sections -MMD -MP -MF"src/helloworld.d" -MT"src/helloworld.d" -o "src/helloworld.o" "../src/helloworld.c"
../src/helloworld.c: In function 'main':
../src/helloworld.c:58:5: warning: passing argument 1 of 'print' from incompatible pointer type [enabled by default]
c:\xilinx\14.6\ise_ds\edk\gnu\microblaze\nt\bin\../lib/gcc/microblaze-xilinx-elf/4.6.4/../../../../microblaze-xilinx-elf/include/stdio.h:233:9: note: expected 'char *' but argument is of type 'int *'
../src/helloworld.c:59:5: warning: passing argument 1 of 'print' from incompatible pointer type [enabled by default]
c:\xilinx\14.6\ise_ds\edk\gnu\microblaze\nt\bin\../lib/gcc/microblaze-xilinx-elf/4.6.4/../../../../microblaze-xilinx-elf/include/stdio.h:233:9: note: expected 'char *' but argument is of type 'int *'
Finished building: ../src/helloworld.c
 
Building target: hello_world.elf
Invoking: MicroBlaze gcc linker
mb-gcc -Wl,-T -Wl,../src/lscript.ld -L../../hello_world_bsp/microblaze_0/lib -mxl-barrel-shift -mxl-pattern-compare -mcpu=v8.50.b -mno-xl-soft-mul -Wl,--no-relax -Wl,--gc-sections -o "hello_world.elf"  ./src/helloworld.o ./src/platform.o   -Wl,--start-group,-lxil,-lgcc,-lc,--end-group
Finished building target: hello_world.elf
 
Invoking: MicroBlaze Print Size
mb-size hello_world.elf  |tee "hello_world.elf.size"
   text	   data	    bss	    dec	    hex	filename
  13048	   1308	   2164	  16520	   4088	hello_world.elf
Finished building: hello_world.elf.size
 
Invoking: Xilinx ELF Check
elfcheck hello_world.elf -hw ../../m152b_fall2018_hw_platform/system.xml -pe microblaze_0  |tee "hello_world.elf.elfcheck"
elfcheck
Xilinx EDK 14.6 Build EDK_P.68d
Copyright (c) 1995-2012 Xilinx, Inc.  All rights reserved.

Command Line: elfcheck -hw ../../m152b_fall2018_hw_platform/system.xml -pe
microblaze_0 hello_world.elf 

ELF file	: hello_world.elf
elfcheck passed.
Finished building: hello_world.elf.elfcheck
 
11:17:49 **** Incremental Build of configuration Debug for project hello_world ****
make all 
make: Nothing to be done for `all'.
11:19:51 **** Auto Build of configuration Debug for project hello_world ****
make all 
Building file: ../src/helloworld.c
Invoking: MicroBlaze gcc compiler
mb-gcc -Wall -O0 -g3 -c -fmessage-length=0 -I../../hello_world_bsp/microblaze_0/include -mxl-barrel-shift -mxl-pattern-compare -mcpu=v8.50.b -mno-xl-soft-mul -Wl,--no-relax -ffunction-sections -fdata-sections -MMD -MP -MF"src/helloworld.d" -MT"src/helloworld.d" -o "src/helloworld.o" "../src/helloworld.c"
Finished building: ../src/helloworld.c
 
Building target: hello_world.elf
Invoking: MicroBlaze gcc linker
mb-gcc -Wl,-T -Wl,../src/lscript.ld -L../../hello_world_bsp/microblaze_0/lib -mxl-barrel-shift -mxl-pattern-compare -mcpu=v8.50.b -mno-xl-soft-mul -Wl,--no-relax -Wl,--gc-sections -o "hello_world.elf"  ./src/helloworld.o ./src/platform.o   -Wl,--start-group,-lxil,-lgcc,-lc,--end-group
Finished building target: hello_world.elf
 
Invoking: MicroBlaze Print Size
mb-size hello_world.elf  |tee "hello_world.elf.size"
   text	   data	    bss	    dec	    hex	filename
  12888	   1308	   2156	  16352	   3fe0	hello_world.elf
Finished building: hello_world.elf.size
 
Invoking: Xilinx ELF Check
elfcheck hello_world.elf -hw ../../m152b_fall2018_hw_platform/system.xml -pe microblaze_0  |tee "hello_world.elf.elfcheck"
elfcheck
Xilinx EDK 14.6 Build EDK_P.68d
Copyright (c) 1995-2012 Xilinx, Inc.  All rights reserved.

Command Line: elfcheck -hw ../../m152b_fall2018_hw_platform/system.xml -pe
microblaze_0 hello_world.elf 

ELF file	: hello_world.elf
elfcheck passed.
Finished building: hello_world.elf.elfcheck
 
11:19:57 **** Auto Build of configuration Debug for project hello_world ****
make all 
Building file: ../src/helloworld.c
Invoking: MicroBlaze gcc compiler
mb-gcc -Wall -O0 -g3 -c -fmessage-length=0 -I../../hello_world_bsp/microblaze_0/include -mxl-barrel-shift -mxl-pattern-compare -mcpu=v8.50.b -mno-xl-soft-mul -Wl,--no-relax -ffunction-sections -fdata-sections -MMD -MP -MF"src/helloworld.d" -MT"src/helloworld.d" -o "src/helloworld.o" "../src/helloworld.c"
Finished building: ../src/helloworld.c
 
Building target: hello_world.elf
Invoking: MicroBlaze gcc linker
mb-gcc -Wl,-T -Wl,../src/lscript.ld -L../../hello_world_bsp/microblaze_0/lib -mxl-barrel-shift -mxl-pattern-compare -mcpu=v8.50.b -mno-xl-soft-mul -Wl,--no-relax -Wl,--gc-sections -o "hello_world.elf"  ./src/helloworld.o ./src/platform.o   -Wl,--start-group,-lxil,-lgcc,-lc,--end-group
Finished building target: hello_world.elf
 
Invoking: MicroBlaze Print Size
mb-size hello_world.elf  |tee "hello_world.elf.size"
   text	   data	    bss	    dec	    hex	filename
  12892	   1308	   2160	  16360	   3fe8	hello_world.elf
Finished building: hello_world.elf.size
 
Invoking: Xilinx ELF Check
elfcheck hello_world.elf -hw ../../m152b_fall2018_hw_platform/system.xml -pe microblaze_0  |tee "hello_world.elf.elfcheck"
elfcheck
Xilinx EDK 14.6 Build EDK_P.68d
Copyright (c) 1995-2012 Xilinx, Inc.  All rights reserved.

Command Line: elfcheck -hw ../../m152b_fall2018_hw_platform/system.xml -pe
microblaze_0 hello_world.elf 

ELF file	: hello_world.elf
elfcheck passed.
Finished building: hello_world.elf.elfcheck
 
11:19:59 **** Incremental Build of configuration Debug for project hello_world ****
make all 
make: Nothing to be done for `all'.
11:20:26 **** Incremental Build of configuration Debug for project hello_world ****
make all 
make: Nothing to be done for `all'.
11:20:55 **** Incremental Build of configuration Debug for project hello_world ****
make all 
make: Nothing to be done for `all'.
11:30:07 **** Auto Build of configuration Debug for project hello_world ****
make all 
Building file: ../src/helloworld.c
Invoking: MicroBlaze gcc compiler
mb-gcc -Wall -O0 -g3 -c -fmessage-length=0 -I../../hello_world_bsp/microblaze_0/include -mxl-barrel-shift -mxl-pattern-compare -mcpu=v8.50.b -mno-xl-soft-mul -Wl,--no-relax -ffunction-sections -fdata-sections -MMD -MP -MF"src/helloworld.d" -MT"src/helloworld.d" -o "src/helloworld.o" "../src/helloworld.c"
Finished building: ../src/helloworld.c
 
Building target: hello_world.elf
Invoking: MicroBlaze gcc linker
mb-gcc -Wl,-T -Wl,../src/lscript.ld -L../../hello_world_bsp/microblaze_0/lib -mxl-barrel-shift -mxl-pattern-compare -mcpu=v8.50.b -mno-xl-soft-mul -Wl,--no-relax -Wl,--gc-sections -o "hello_world.elf"  ./src/helloworld.o ./src/platform.o   -Wl,--start-group,-lxil,-lgcc,-lc,--end-group
Finished building target: hello_world.elf
 
Invoking: MicroBlaze Print Size
mb-size hello_world.elf  |tee "hello_world.elf.size"
   text	   data	    bss	    dec	    hex	filename
   2526	    268	   2080	   4874	   130a	hello_world.elf
Finished building: hello_world.elf.size
 
Invoking: Xilinx ELF Check
elfcheck hello_world.elf -hw ../../m152b_fall2018_hw_platform/system.xml -pe microblaze_0  |tee "hello_world.elf.elfcheck"
elfcheck
Xilinx EDK 14.6 Build EDK_P.68d
Copyright (c) 1995-2012 Xilinx, Inc.  All rights reserved.

Command Line: elfcheck -hw ../../m152b_fall2018_hw_platform/system.xml -pe
microblaze_0 hello_world.elf 

ELF file	: hello_world.elf
elfcheck passed.
Finished building: hello_world.elf.elfcheck
 
11:30:24 **** Auto Build of configuration Debug for project hello_world ****
make all 
Building file: ../src/helloworld.c
Invoking: MicroBlaze gcc compiler
mb-gcc -Wall -O0 -g3 -c -fmessage-length=0 -I../../hello_world_bsp/microblaze_0/include -mxl-barrel-shift -mxl-pattern-compare -mcpu=v8.50.b -mno-xl-soft-mul -Wl,--no-relax -ffunction-sections -fdata-sections -MMD -MP -MF"src/helloworld.d" -MT"src/helloworld.d" -o "src/helloworld.o" "../src/helloworld.c"
Finished building: ../src/helloworld.c
 
Building target: hello_world.elf
Invoking: MicroBlaze gcc linker
mb-gcc -Wl,-T -Wl,../src/lscript.ld -L../../hello_world_bsp/microblaze_0/lib -mxl-barrel-shift -mxl-pattern-compare -mcpu=v8.50.b -mno-xl-soft-mul -Wl,--no-relax -Wl,--gc-sections -o "hello_world.elf"  ./src/helloworld.o ./src/platform.o   -Wl,--start-group,-lxil,-lgcc,-lc,--end-group
Finished building target: hello_world.elf
 
Invoking: MicroBlaze Print Size
mb-size hello_world.elf  |tee "hello_world.elf.size"
   text	   data	    bss	    dec	    hex	filename
  12872	   1308	   2156	  16336	   3fd0	hello_world.elf
Finished building: hello_world.elf.size
 
Invoking: Xilinx ELF Check
elfcheck hello_world.elf -hw ../../m152b_fall2018_hw_platform/system.xml -pe microblaze_0  |tee "hello_world.elf.elfcheck"
elfcheck
Xilinx EDK 14.6 Build EDK_P.68d
Copyright (c) 1995-2012 Xilinx, Inc.  All rights reserved.

Command Line: elfcheck -hw ../../m152b_fall2018_hw_platform/system.xml -pe
microblaze_0 hello_world.elf 

ELF file	: hello_world.elf
elfcheck passed.
Finished building: hello_world.elf.elfcheck
 
11:30:34 **** Auto Build of configuration Debug for project hello_world ****
make all 
Building file: ../src/helloworld.c
Invoking: MicroBlaze gcc compiler
mb-gcc -Wall -O0 -g3 -c -fmessage-length=0 -I../../hello_world_bsp/microblaze_0/include -mxl-barrel-shift -mxl-pattern-compare -mcpu=v8.50.b -mno-xl-soft-mul -Wl,--no-relax -ffunction-sections -fdata-sections -MMD -MP -MF"src/helloworld.d" -MT"src/helloworld.d" -o "src/helloworld.o" "../src/helloworld.c"
Finished building: ../src/helloworld.c
 
Building target: hello_world.elf
Invoking: MicroBlaze gcc linker
mb-gcc -Wl,-T -Wl,../src/lscript.ld -L../../hello_world_bsp/microblaze_0/lib -mxl-barrel-shift -mxl-pattern-compare -mcpu=v8.50.b -mno-xl-soft-mul -Wl,--no-relax -Wl,--gc-sections -o "hello_world.elf"  ./src/helloworld.o ./src/platform.o   -Wl,--start-group,-lxil,-lgcc,-lc,--end-group
Finished building target: hello_world.elf
 
Invoking: MicroBlaze Print Size
mb-size hello_world.elf  |tee "hello_world.elf.size"
   text	   data	    bss	    dec	    hex	filename
  12868	   1308	   2160	  16336	   3fd0	hello_world.elf
Finished building: hello_world.elf.size
 
Invoking: Xilinx ELF Check
elfcheck hello_world.elf -hw ../../m152b_fall2018_hw_platform/system.xml -pe microblaze_0  |tee "hello_world.elf.elfcheck"
elfcheck
Xilinx EDK 14.6 Build EDK_P.68d
Copyright (c) 1995-2012 Xilinx, Inc.  All rights reserved.

Command Line: elfcheck -hw ../../m152b_fall2018_hw_platform/system.xml -pe
microblaze_0 hello_world.elf 

ELF file	: hello_world.elf
elfcheck passed.
Finished building: hello_world.elf.elfcheck
 
11:31:20 **** Auto Build of configuration Debug for project hello_world ****
make all 
Building file: ../src/helloworld.c
Invoking: MicroBlaze gcc compiler
mb-gcc -Wall -O0 -g3 -c -fmessage-length=0 -I../../hello_world_bsp/microblaze_0/include -mxl-barrel-shift -mxl-pattern-compare -mcpu=v8.50.b -mno-xl-soft-mul -Wl,--no-relax -ffunction-sections -fdata-sections -MMD -MP -MF"src/helloworld.d" -MT"src/helloworld.d" -o "src/helloworld.o" "../src/helloworld.c"
../src/helloworld.c: In function 'main':
../src/helloworld.c:45:5: warning: passing argument 1 of 'gets' from incompatible pointer type [enabled by default]
c:\xilinx\14.6\ise_ds\edk\gnu\microblaze\nt\bin\../lib/gcc/microblaze-xilinx-elf/4.6.4/../../../../microblaze-xilinx-elf/include/stdio.h:200:9: note: expected 'char *' but argument is of type 'char (*)[10]'
../src/helloworld.c:59:5: warning: passing argument 1 of 'print' from incompatible pointer type [enabled by default]
c:\xilinx\14.6\ise_ds\edk\gnu\microblaze\nt\bin\../lib/gcc/microblaze-xilinx-elf/4.6.4/../../../../microblaze-xilinx-elf/include/stdio.h:233:9: note: expected 'char *' but argument is of type 'char (*)[10]'
Finished building: ../src/helloworld.c
 
Building target: hello_world.elf
Invoking: MicroBlaze gcc linker
mb-gcc -Wl,-T -Wl,../src/lscript.ld -L../../hello_world_bsp/microblaze_0/lib -mxl-barrel-shift -mxl-pattern-compare -mcpu=v8.50.b -mno-xl-soft-mul -Wl,--no-relax -Wl,--gc-sections -o "hello_world.elf"  ./src/helloworld.o ./src/platform.o   -Wl,--start-group,-lxil,-lgcc,-lc,--end-group
Finished building target: hello_world.elf
 
Invoking: MicroBlaze Print Size
mb-size hello_world.elf  |tee "hello_world.elf.size"
   text	   data	    bss	    dec	    hex	filename
  13128	   1308	   2164	  16600	   40d8	hello_world.elf
Finished building: hello_world.elf.size
 
Invoking: Xilinx ELF Check
elfcheck hello_world.elf -hw ../../m152b_fall2018_hw_platform/system.xml -pe microblaze_0  |tee "hello_world.elf.elfcheck"
elfcheck
Xilinx EDK 14.6 Build EDK_P.68d
Copyright (c) 1995-2012 Xilinx, Inc.  All rights reserved.

Command Line: elfcheck -hw ../../m152b_fall2018_hw_platform/system.xml -pe
microblaze_0 hello_world.elf 

ELF file	: hello_world.elf
elfcheck passed.
Finished building: hello_world.elf.elfcheck
 
11:31:29 **** Incremental Build of configuration Debug for project hello_world ****
make all 
make: Nothing to be done for `all'.
11:31:48 **** Incremental Build of configuration Debug for project hello_world ****
make all 
make: Nothing to be done for `all'.
11:32:03 **** Auto Build of configuration Debug for project hello_world ****
make all 
Building file: ../src/helloworld.c
Invoking: MicroBlaze gcc compiler
mb-gcc -Wall -O0 -g3 -c -fmessage-length=0 -I../../hello_world_bsp/microblaze_0/include -mxl-barrel-shift -mxl-pattern-compare -mcpu=v8.50.b -mno-xl-soft-mul -Wl,--no-relax -ffunction-sections -fdata-sections -MMD -MP -MF"src/helloworld.d" -MT"src/helloworld.d" -o "src/helloworld.o" "../src/helloworld.c"
../src/helloworld.c: In function 'main':
../src/helloworld.c:59:5: warning: passing argument 1 of 'print' from incompatible pointer type [enabled by default]
c:\xilinx\14.6\ise_ds\edk\gnu\microblaze\nt\bin\../lib/gcc/microblaze-xilinx-elf/4.6.4/../../../../microblaze-xilinx-elf/include/stdio.h:233:9: note: expected 'char *' but argument is of type 'char (*)[10]'
Finished building: ../src/helloworld.c
 
Building target: hello_world.elf
Invoking: MicroBlaze gcc linker
mb-gcc -Wl,-T -Wl,../src/lscript.ld -L../../hello_world_bsp/microblaze_0/lib -mxl-barrel-shift -mxl-pattern-compare -mcpu=v8.50.b -mno-xl-soft-mul -Wl,--no-relax -Wl,--gc-sections -o "hello_world.elf"  ./src/helloworld.o ./src/platform.o   -Wl,--start-group,-lxil,-lgcc,-lc,--end-group
Finished building target: hello_world.elf
 
Invoking: MicroBlaze Print Size
mb-size hello_world.elf  |tee "hello_world.elf.size"
   text	   data	    bss	    dec	    hex	filename
   2522	    268	   2114	   4904	   1328	hello_world.elf
Finished building: hello_world.elf.size
 
Invoking: Xilinx ELF Check
elfcheck hello_world.elf -hw ../../m152b_fall2018_hw_platform/system.xml -pe microblaze_0  |tee "hello_world.elf.elfcheck"
elfcheck
Xilinx EDK 14.6 Build EDK_P.68d
Copyright (c) 1995-2012 Xilinx, Inc.  All rights reserved.

Command Line: elfcheck -hw ../../m152b_fall2018_hw_platform/system.xml -pe
microblaze_0 hello_world.elf 

ELF file	: hello_world.elf
elfcheck passed.
Finished building: hello_world.elf.elfcheck
 
11:32:08 **** Incremental Build of configuration Debug for project hello_world ****
make all 
make: Nothing to be done for `all'.
11:32:54 **** Incremental Build of configuration Debug for project hello_world ****
make all 
make: Nothing to be done for `all'.
11:33:20 **** Incremental Build of configuration Debug for project hello_world ****
make all 
make: Nothing to be done for `all'.
11:33:38 **** Auto Build of configuration Debug for project hello_world ****
make all 
Building file: ../src/helloworld.c
Invoking: MicroBlaze gcc compiler
mb-gcc -Wall -O0 -g3 -c -fmessage-length=0 -I../../hello_world_bsp/microblaze_0/include -mxl-barrel-shift -mxl-pattern-compare -mcpu=v8.50.b -mno-xl-soft-mul -Wl,--no-relax -ffunction-sections -fdata-sections -MMD -MP -MF"src/helloworld.d" -MT"src/helloworld.d" -o "src/helloworld.o" "../src/helloworld.c"
../src/helloworld.c: In function 'main':
../src/helloworld.c:45:5: warning: passing argument 1 of 'gets' from incompatible pointer type [enabled by default]
c:\xilinx\14.6\ise_ds\edk\gnu\microblaze\nt\bin\../lib/gcc/microblaze-xilinx-elf/4.6.4/../../../../microblaze-xilinx-elf/include/stdio.h:200:9: note: expected 'char *' but argument is of type 'char (*)[10]'
../src/helloworld.c:59:5: warning: passing argument 1 of 'print' from incompatible pointer type [enabled by default]
c:\xilinx\14.6\ise_ds\edk\gnu\microblaze\nt\bin\../lib/gcc/microblaze-xilinx-elf/4.6.4/../../../../microblaze-xilinx-elf/include/stdio.h:233:9: note: expected 'char *' but argument is of type 'char (*)[10]'
Finished building: ../src/helloworld.c
 
Building target: hello_world.elf
Invoking: MicroBlaze gcc linker
mb-gcc -Wl,-T -Wl,../src/lscript.ld -L../../hello_world_bsp/microblaze_0/lib -mxl-barrel-shift -mxl-pattern-compare -mcpu=v8.50.b -mno-xl-soft-mul -Wl,--no-relax -Wl,--gc-sections -o "hello_world.elf"  ./src/helloworld.o ./src/platform.o   -Wl,--start-group,-lxil,-lgcc,-lc,--end-group
Finished building target: hello_world.elf
 
Invoking: MicroBlaze Print Size
mb-size hello_world.elf  |tee "hello_world.elf.size"
   text	   data	    bss	    dec	    hex	filename
  13128	   1308	   2164	  16600	   40d8	hello_world.elf
Finished building: hello_world.elf.size
 
Invoking: Xilinx ELF Check
elfcheck hello_world.elf -hw ../../m152b_fall2018_hw_platform/system.xml -pe microblaze_0  |tee "hello_world.elf.elfcheck"
elfcheck
Xilinx EDK 14.6 Build EDK_P.68d
Copyright (c) 1995-2012 Xilinx, Inc.  All rights reserved.

Command Line: elfcheck -hw ../../m152b_fall2018_hw_platform/system.xml -pe
microblaze_0 hello_world.elf 

ELF file	: hello_world.elf
elfcheck passed.
Finished building: hello_world.elf.elfcheck
 
11:33:44 **** Incremental Build of configuration Debug for project hello_world ****
make all 
make: Nothing to be done for `all'.
11:34:10 **** Auto Build of configuration Debug for project hello_world ****
make all 
Building file: ../src/helloworld.c
Invoking: MicroBlaze gcc compiler
mb-gcc -Wall -O0 -g3 -c -fmessage-length=0 -I../../hello_world_bsp/microblaze_0/include -mxl-barrel-shift -mxl-pattern-compare -mcpu=v8.50.b -mno-xl-soft-mul -Wl,--no-relax -ffunction-sections -fdata-sections -MMD -MP -MF"src/helloworld.d" -MT"src/helloworld.d" -o "src/helloworld.o" "../src/helloworld.c"
../src/helloworld.c: In function 'main':
../src/helloworld.c:45:5: warning: passing argument 1 of 'fgets' from incompatible pointer type [enabled by default]
c:\xilinx\14.6\ise_ds\edk\gnu\microblaze\nt\bin\../lib/gcc/microblaze-xilinx-elf/4.6.4/../../../../microblaze-xilinx-elf/include/stdio.h:195:9: note: expected 'char *' but argument is of type 'char (*)[10]'
../src/helloworld.c:45:5: error: too few arguments to function 'fgets'
c:\xilinx\14.6\ise_ds\edk\gnu\microblaze\nt\bin\../lib/gcc/microblaze-xilinx-elf/4.6.4/../../../../microblaze-xilinx-elf/include/stdio.h:195:9: note: declared here
../src/helloworld.c:59:5: warning: passing argument 1 of 'print' from incompatible pointer type [enabled by default]
c:\xilinx\14.6\ise_ds\edk\gnu\microblaze\nt\bin\../lib/gcc/microblaze-xilinx-elf/4.6.4/../../../../microblaze-xilinx-elf/include/stdio.h:233:9: note: expected 'char *' but argument is of type 'char (*)[10]'
make: *** [src/helloworld.o] Error 1
11:35:31 **** Incremental Build of configuration Debug for project hello_world ****
make all 
Building file: ../src/helloworld.c
Invoking: MicroBlaze gcc compiler
mb-gcc -Wall -O0 -g3 -c -fmessage-length=0 -I../../hello_world_bsp/microblaze_0/include -mxl-barrel-shift -mxl-pattern-compare -mcpu=v8.50.b -mno-xl-soft-mul -Wl,--no-relax -ffunction-sections -fdata-sections -MMD -MP -MF"src/helloworld.d" -MT"src/helloworld.d" -o "src/helloworld.o" "../src/helloworld.c"
../src/helloworld.c: In function 'main':
../src/helloworld.c:45:5: warning: passing argument 1 of 'fgets' from incompatible pointer type [enabled by default]
c:\xilinx\14.6\ise_ds\edk\gnu\microblaze\nt\bin\../lib/gcc/microblaze-xilinx-elf/4.6.4/../../../../microblaze-xilinx-elf/include/stdio.h:195:9: note: expected 'char *' but argument is of type 'char (*)[10]'
../src/helloworld.c:45:5: error: too few arguments to function 'fgets'
c:\xilinx\14.6\ise_ds\edk\gnu\microblaze\nt\bin\../lib/gcc/microblaze-xilinx-elf/4.6.4/../../../../microblaze-xilinx-elf/include/stdio.h:195:9: note: declared here
../src/helloworld.c:59:5: warning: passing argument 1 of 'print' from incompatible pointer type [enabled by default]
c:\xilinx\14.6\ise_ds\edk\gnu\microblaze\nt\bin\../lib/gcc/microblaze-xilinx-elf/4.6.4/../../../../microblaze-xilinx-elf/include/stdio.h:233:9: note: expected 'char *' but argument is of type 'char (*)[10]'
make: *** [src/helloworld.o] Error 1
11:36:05 **** Auto Build of configuration Debug for project hello_world ****
make all 
Building file: ../src/helloworld.c
Invoking: MicroBlaze gcc compiler
mb-gcc -Wall -O0 -g3 -c -fmessage-length=0 -I../../hello_world_bsp/microblaze_0/include -mxl-barrel-shift -mxl-pattern-compare -mcpu=v8.50.b -mno-xl-soft-mul -Wl,--no-relax -ffunction-sections -fdata-sections -MMD -MP -MF"src/helloworld.d" -MT"src/helloworld.d" -o "src/helloworld.o" "../src/helloworld.c"
../src/helloworld.c:39:6: error: variably modified 'in' at file scope
../src/helloworld.c: In function 'main':
../src/helloworld.c:60:5: warning: passing argument 1 of 'print' from incompatible pointer type [enabled by default]
c:\xilinx\14.6\ise_ds\edk\gnu\microblaze\nt\bin\../lib/gcc/microblaze-xilinx-elf/4.6.4/../../../../microblaze-xilinx-elf/include/stdio.h:233:9: note: expected 'char *' but argument is of type 'char (*)[1]'
make: *** [src/helloworld.o] Error 1
11:36:36 **** Auto Build of configuration Debug for project hello_world ****
make all 
Building file: ../src/helloworld.c
Invoking: MicroBlaze gcc compiler
mb-gcc -Wall -O0 -g3 -c -fmessage-length=0 -I../../hello_world_bsp/microblaze_0/include -mxl-barrel-shift -mxl-pattern-compare -mcpu=v8.50.b -mno-xl-soft-mul -Wl,--no-relax -ffunction-sections -fdata-sections -MMD -MP -MF"src/helloworld.d" -MT"src/helloworld.d" -o "src/helloworld.o" "../src/helloworld.c"
../src/helloworld.c: In function 'main':
../src/helloworld.c:60:5: warning: passing argument 1 of 'print' from incompatible pointer type [enabled by default]
c:\xilinx\14.6\ise_ds\edk\gnu\microblaze\nt\bin\../lib/gcc/microblaze-xilinx-elf/4.6.4/../../../../microblaze-xilinx-elf/include/stdio.h:233:9: note: expected 'char *' but argument is of type 'char (*)[200]'
Finished building: ../src/helloworld.c
 
Building target: hello_world.elf
Invoking: MicroBlaze gcc linker
mb-gcc -Wl,-T -Wl,../src/lscript.ld -L../../hello_world_bsp/microblaze_0/lib -mxl-barrel-shift -mxl-pattern-compare -mcpu=v8.50.b -mno-xl-soft-mul -Wl,--no-relax -Wl,--gc-sections -o "hello_world.elf"  ./src/helloworld.o ./src/platform.o   -Wl,--start-group,-lxil,-lgcc,-lc,--end-group
Finished building target: hello_world.elf
 
Invoking: MicroBlaze Print Size
mb-size hello_world.elf  |tee "hello_world.elf.size"
   text	   data	    bss	    dec	    hex	filename
  13604	   1308	   2360	  17272	   4378	hello_world.elf
Finished building: hello_world.elf.size
 
Invoking: Xilinx ELF Check
elfcheck hello_world.elf -hw ../../m152b_fall2018_hw_platform/system.xml -pe microblaze_0  |tee "hello_world.elf.elfcheck"
elfcheck
Xilinx EDK 14.6 Build EDK_P.68d
Copyright (c) 1995-2012 Xilinx, Inc.  All rights reserved.

Command Line: elfcheck -hw ../../m152b_fall2018_hw_platform/system.xml -pe
microblaze_0 hello_world.elf 

ELF file	: hello_world.elf
elfcheck passed.
Finished building: hello_world.elf.elfcheck
 
11:36:48 **** Auto Build of configuration Debug for project hello_world ****
make all 
Building file: ../src/helloworld.c
Invoking: MicroBlaze gcc compiler
mb-gcc -Wall -O0 -g3 -c -fmessage-length=0 -I../../hello_world_bsp/microblaze_0/include -mxl-barrel-shift -mxl-pattern-compare -mcpu=v8.50.b -mno-xl-soft-mul -Wl,--no-relax -ffunction-sections -fdata-sections -MMD -MP -MF"src/helloworld.d" -MT"src/helloworld.d" -o "src/helloworld.o" "../src/helloworld.c"
../src/helloworld.c:39:6: error: variably modified 'in' at file scope
../src/helloworld.c: In function 'main':
../src/helloworld.c:60:5: warning: passing argument 1 of 'print' from incompatible pointer type [enabled by default]
c:\xilinx\14.6\ise_ds\edk\gnu\microblaze\nt\bin\../lib/gcc/microblaze-xilinx-elf/4.6.4/../../../../microblaze-xilinx-elf/include/stdio.h:233:9: note: expected 'char *' but argument is of type 'char (*)[1]'
make: *** [src/helloworld.o] Error 1
11:36:54 **** Auto Build of configuration Debug for project hello_world ****
make all 
Building file: ../src/helloworld.c
Invoking: MicroBlaze gcc compiler
mb-gcc -Wall -O0 -g3 -c -fmessage-length=0 -I../../hello_world_bsp/microblaze_0/include -mxl-barrel-shift -mxl-pattern-compare -mcpu=v8.50.b -mno-xl-soft-mul -Wl,--no-relax -ffunction-sections -fdata-sections -MMD -MP -MF"src/helloworld.d" -MT"src/helloworld.d" -o "src/helloworld.o" "../src/helloworld.c"
../src/helloworld.c: In function 'main':
../src/helloworld.c:60:5: warning: passing argument 1 of 'print' from incompatible pointer type [enabled by default]
c:\xilinx\14.6\ise_ds\edk\gnu\microblaze\nt\bin\../lib/gcc/microblaze-xilinx-elf/4.6.4/../../../../microblaze-xilinx-elf/include/stdio.h:233:9: note: expected 'char *' but argument is of type 'char (*)[200]'
Finished building: ../src/helloworld.c
 
Building target: hello_world.elf
Invoking: MicroBlaze gcc linker
mb-gcc -Wl,-T -Wl,../src/lscript.ld -L../../hello_world_bsp/microblaze_0/lib -mxl-barrel-shift -mxl-pattern-compare -mcpu=v8.50.b -mno-xl-soft-mul -Wl,--no-relax -Wl,--gc-sections -o "hello_world.elf"  ./src/helloworld.o ./src/platform.o   -Wl,--start-group,-lxil,-lgcc,-lc,--end-group
Finished building target: hello_world.elf
 
Invoking: MicroBlaze Print Size
mb-size hello_world.elf  |tee "hello_world.elf.size"
   text	   data	    bss	    dec	    hex	filename
  13604	   1308	   2360	  17272	   4378	hello_world.elf
Finished building: hello_world.elf.size
 
Invoking: Xilinx ELF Check
elfcheck hello_world.elf -hw ../../m152b_fall2018_hw_platform/system.xml -pe microblaze_0  |tee "hello_world.elf.elfcheck"
elfcheck
Xilinx EDK 14.6 Build EDK_P.68d
Copyright (c) 1995-2012 Xilinx, Inc.  All rights reserved.

Command Line: elfcheck -hw ../../m152b_fall2018_hw_platform/system.xml -pe
microblaze_0 hello_world.elf 

ELF file	: hello_world.elf
elfcheck passed.
Finished building: hello_world.elf.elfcheck
 
11:36:57 **** Incremental Build of configuration Debug for project hello_world ****
make all 
make: Nothing to be done for `all'.
11:37:08 **** Incremental Build of configuration Debug for project hello_world ****
make all 
make: Nothing to be done for `all'.
11:39:18 **** Auto Build of configuration Debug for project hello_world ****
make all 
Building file: ../src/helloworld.c
Invoking: MicroBlaze gcc compiler
mb-gcc -Wall -O0 -g3 -c -fmessage-length=0 -I../../hello_world_bsp/microblaze_0/include -mxl-barrel-shift -mxl-pattern-compare -mcpu=v8.50.b -mno-xl-soft-mul -Wl,--no-relax -ffunction-sections -fdata-sections -MMD -MP -MF"src/helloworld.d" -MT"src/helloworld.d" -o "src/helloworld.o" "../src/helloworld.c"
../src/helloworld.c: In function 'main':
../src/helloworld.c:48:5: warning: implicit declaration of function 'getline' [-Wimplicit-function-declaration]
../src/helloworld.c:68:5: warning: passing argument 1 of 'print' from incompatible pointer type [enabled by default]
c:\xilinx\14.6\ise_ds\edk\gnu\microblaze\nt\bin\../lib/gcc/microblaze-xilinx-elf/4.6.4/../../../../microblaze-xilinx-elf/include/stdio.h:233:9: note: expected 'char *' but argument is of type 'char (*)[200]'
Finished building: ../src/helloworld.c
 
Building target: hello_world.elf
Invoking: MicroBlaze gcc linker
mb-gcc -Wl,-T -Wl,../src/lscript.ld -L../../hello_world_bsp/microblaze_0/lib -mxl-barrel-shift -mxl-pattern-compare -mcpu=v8.50.b -mno-xl-soft-mul -Wl,--no-relax -Wl,--gc-sections -o "hello_world.elf"  ./src/helloworld.o ./src/platform.o   -Wl,--start-group,-lxil,-lgcc,-lc,--end-group
./src/helloworld.o: In function `main':
C:\Users\CS152B\Documents\m152b_fall2018\Lab3\hello_world\Debug/../src/helloworld.c:48: undefined reference to `getline'
collect2: ld returned 1 exit status
make: *** [hello_world.elf] Error 1
11:39:29 **** Incremental Build of configuration Debug for project hello_world ****
make all 
Building target: hello_world.elf
Invoking: MicroBlaze gcc linker
mb-gcc -Wl,-T -Wl,../src/lscript.ld -L../../hello_world_bsp/microblaze_0/lib -mxl-barrel-shift -mxl-pattern-compare -mcpu=v8.50.b -mno-xl-soft-mul -Wl,--no-relax -Wl,--gc-sections -o "hello_world.elf"  ./src/helloworld.o ./src/platform.o   -Wl,--start-group,-lxil,-lgcc,-lc,--end-group
./src/helloworld.o: In function `main':
C:\Users\CS152B\Documents\m152b_fall2018\Lab3\hello_world\Debug/../src/helloworld.c:48: undefined reference to `getline'
collect2: ld returned 1 exit status
make: *** [hello_world.elf] Error 1
11:42:22 **** Incremental Build of configuration Debug for project hello_world ****
make all 
Building target: hello_world.elf
Invoking: MicroBlaze gcc linker
mb-gcc -Wl,-T -Wl,../src/lscript.ld -L../../hello_world_bsp/microblaze_0/lib -mxl-barrel-shift -mxl-pattern-compare -mcpu=v8.50.b -mno-xl-soft-mul -Wl,--no-relax -Wl,--gc-sections -o "hello_world.elf"  ./src/helloworld.o ./src/platform.o   -Wl,--start-group,-lxil,-lgcc,-lc,--end-group
./src/helloworld.o: In function `main':
C:\Users\CS152B\Documents\m152b_fall2018\Lab3\hello_world\Debug/../src/helloworld.c:48: undefined reference to `getline'
collect2: ld returned 1 exit status
make: *** [hello_world.elf] Error 1
11:42:31 **** Auto Build of configuration Debug for project hello_world ****
make all 
Building file: ../src/helloworld.c
Invoking: MicroBlaze gcc compiler
mb-gcc -Wall -O0 -g3 -c -fmessage-length=0 -I../../hello_world_bsp/microblaze_0/include -mxl-barrel-shift -mxl-pattern-compare -mcpu=v8.50.b -mno-xl-soft-mul -Wl,--no-relax -ffunction-sections -fdata-sections -MMD -MP -MF"src/helloworld.d" -MT"src/helloworld.d" -o "src/helloworld.o" "../src/helloworld.c"
../src/helloworld.c: In function 'main':
../src/helloworld.c:63:5: warning: passing argument 1 of 'print' from incompatible pointer type [enabled by default]
c:\xilinx\14.6\ise_ds\edk\gnu\microblaze\nt\bin\../lib/gcc/microblaze-xilinx-elf/4.6.4/../../../../microblaze-xilinx-elf/include/stdio.h:233:9: note: expected 'char *' but argument is of type 'char (*)[200]'
Finished building: ../src/helloworld.c
 
Building target: hello_world.elf
Invoking: MicroBlaze gcc linker
mb-gcc -Wl,-T -Wl,../src/lscript.ld -L../../hello_world_bsp/microblaze_0/lib -mxl-barrel-shift -mxl-pattern-compare -mcpu=v8.50.b -mno-xl-soft-mul -Wl,--no-relax -Wl,--gc-sections -o "hello_world.elf"  ./src/helloworld.o ./src/platform.o   -Wl,--start-group,-lxil,-lgcc,-lc,--end-group
Finished building target: hello_world.elf
 
Invoking: MicroBlaze Print Size
mb-size hello_world.elf  |tee "hello_world.elf.size"
   text	   data	    bss	    dec	    hex	filename
 100840	   1484	   2612	 104936	  199e8	hello_world.elf
Finished building: hello_world.elf.size
 
Invoking: Xilinx ELF Check
elfcheck hello_world.elf -hw ../../m152b_fall2018_hw_platform/system.xml -pe microblaze_0  |tee "hello_world.elf.elfcheck"
elfcheck
Xilinx EDK 14.6 Build EDK_P.68d
Copyright (c) 1995-2012 Xilinx, Inc.  All rights reserved.

Command Line: elfcheck -hw ../../m152b_fall2018_hw_platform/system.xml -pe
microblaze_0 hello_world.elf 

ELF file	: hello_world.elf
elfcheck passed.
Finished building: hello_world.elf.elfcheck
 
11:42:35 **** Incremental Build of configuration Debug for project hello_world ****
make all 
make: Nothing to be done for `all'.
11:42:43 **** Incremental Build of configuration Debug for project hello_world ****
make all 
make: Nothing to be done for `all'.
11:42:55 **** Incremental Build of configuration Debug for project hello_world ****
make all 
make: Nothing to be done for `all'.
11:43:19 **** Incremental Build of configuration Debug for project hello_world ****
make all 
make: Nothing to be done for `all'.
11:43:50 **** Incremental Build of configuration Debug for project hello_world ****
make all 
make: Nothing to be done for `all'.
11:46:58 **** Incremental Build of configuration Debug for project hello_world ****
make all 
make: Nothing to be done for `all'.
11:47:20 **** Incremental Build of configuration Debug for project hello_world ****
make all 
make: Nothing to be done for `all'.
11:47:43 **** Incremental Build of configuration Debug for project hello_world ****
make all 
make: Nothing to be done for `all'.
11:47:56 **** Incremental Build of configuration Debug for project hello_world ****
make all 
make: Nothing to be done for `all'.
11:49:36 **** Auto Build of configuration Debug for project hello_world ****
make all 
Building file: ../src/helloworld.c
Invoking: MicroBlaze gcc compiler
mb-gcc -Wall -O0 -g3 -c -fmessage-length=0 -I../../hello_world_bsp/microblaze_0/include -mxl-barrel-shift -mxl-pattern-compare -mcpu=v8.50.b -mno-xl-soft-mul -Wl,--no-relax -ffunction-sections -fdata-sections -MMD -MP -MF"src/helloworld.d" -MT"src/helloworld.d" -o "src/helloworld.o" "../src/helloworld.c"
../src/helloworld.c: In function 'getline':
../src/helloworld.c:44:5: warning: implicit declaration of function 'malloc' [-Wimplicit-function-declaration]
../src/helloworld.c:44:19: warning: incompatible implicit declaration of built-in function 'malloc' [enabled by default]
../src/helloworld.c:58:13: warning: implicit declaration of function 'realloc' [-Wimplicit-function-declaration]
../src/helloworld.c:58:28: warning: incompatible implicit declaration of built-in function 'realloc' [enabled by default]
../src/helloworld.c:61:17: warning: implicit declaration of function 'free' [-Wimplicit-function-declaration]
../src/helloworld.c:61:17: warning: incompatible implicit declaration of built-in function 'free' [enabled by default]
../src/helloworld.c: In function 'main':
../src/helloworld.c:79:8: error: incompatible types when assigning to type 'char[200]' from type 'char *'
../src/helloworld.c:96:5: warning: passing argument 1 of 'print' from incompatible pointer type [enabled by default]
c:\xilinx\sdk\2013.2\gnu\microblaze\nt\bin\../lib/gcc/microblaze-xilinx-elf/4.6.4/../../../../microblaze-xilinx-elf/include/stdio.h:233:9: note: expected 'char *' but argument is of type 'char (*)[200]'
make: *** [src/helloworld.o] Error 1
11:49:55 **** Auto Build of configuration Debug for project hello_world ****
make all 
Building file: ../src/helloworld.c
Invoking: MicroBlaze gcc compiler
mb-gcc -Wall -O0 -g3 -c -fmessage-length=0 -I../../hello_world_bsp/microblaze_0/include -mxl-barrel-shift -mxl-pattern-compare -mcpu=v8.50.b -mno-xl-soft-mul -Wl,--no-relax -ffunction-sections -fdata-sections -MMD -MP -MF"src/helloworld.d" -MT"src/helloworld.d" -o "src/helloworld.o" "../src/helloworld.c"
../src/helloworld.c: In function 'getline':
../src/helloworld.c:44:5: warning: implicit declaration of function 'malloc' [-Wimplicit-function-declaration]
../src/helloworld.c:44:19: warning: incompatible implicit declaration of built-in function 'malloc' [enabled by default]
../src/helloworld.c:58:13: warning: implicit declaration of function 'realloc' [-Wimplicit-function-declaration]
../src/helloworld.c:58:28: warning: incompatible implicit declaration of built-in function 'realloc' [enabled by default]
../src/helloworld.c:61:17: warning: implicit declaration of function 'free' [-Wimplicit-function-declaration]
../src/helloworld.c:61:17: warning: incompatible implicit declaration of built-in function 'free' [enabled by default]
../src/helloworld.c: In function 'main':
../src/helloworld.c:96:5: warning: passing argument 1 of 'print' from incompatible pointer type [enabled by default]
c:\xilinx\sdk\2013.2\gnu\microblaze\nt\bin\../lib/gcc/microblaze-xilinx-elf/4.6.4/../../../../microblaze-xilinx-elf/include/stdio.h:233:9: note: expected 'char *' but argument is of type 'char **'
Finished building: ../src/helloworld.c
 
Building target: hello_world.elf
Invoking: MicroBlaze gcc linker
mb-gcc -Wl,-T -Wl,../src/lscript.ld -L../../hello_world_bsp/microblaze_0/lib -mxl-barrel-shift -mxl-pattern-compare -mcpu=v8.50.b -mno-xl-soft-mul -Wl,--no-relax -Wl,--gc-sections -o "hello_world.elf"  ./src/helloworld.o ./src/platform.o   -Wl,--start-group,-lxil,-lgcc,-lc,--end-group
Finished building target: hello_world.elf
 
Invoking: MicroBlaze Print Size
mb-size hello_world.elf  |tee "hello_world.elf.size"
   text	   data	    bss	    dec	    hex	filename
  62128	   1436	   2156	  65720	  100b8	hello_world.elf
Finished building: hello_world.elf.size
 
Invoking: Xilinx ELF Check
elfcheck hello_world.elf -hw ../../m152b_fall2018_hw_platform/system.xml -pe microblaze_0  |tee "hello_world.elf.elfcheck"
elfcheck
Xilinx EDK 2013.2 Build EDK_P.68d
Copyright (c) 1995-2012 Xilinx, Inc.  All rights reserved.

Command Line: elfcheck -hw ../../m152b_fall2018_hw_platform/system.xml -pe
microblaze_0 hello_world.elf 

ELF file	: hello_world.elf
elfcheck passed.
Finished building: hello_world.elf.elfcheck
 
11:50:07 **** Incremental Build of configuration Debug for project hello_world ****
make all 
make: Nothing to be done for `all'.
11:51:57 **** Auto Build of configuration Debug for project hello_world ****
make all 
Building file: ../src/helloworld.c
Invoking: MicroBlaze gcc compiler
mb-gcc -Wall -O0 -g3 -c -fmessage-length=0 -I../../hello_world_bsp/microblaze_0/include -mxl-barrel-shift -mxl-pattern-compare -mcpu=v8.50.b -mno-xl-soft-mul -Wl,--no-relax -ffunction-sections -fdata-sections -MMD -MP -MF"src/helloworld.d" -MT"src/helloworld.d" -o "src/helloworld.o" "../src/helloworld.c"
../src/helloworld.c: In function 'main':
../src/helloworld.c:53:5: warning: passing argument 1 of 'print' makes pointer from integer without a cast [enabled by default]
c:\xilinx\sdk\2013.2\gnu\microblaze\nt\bin\../lib/gcc/microblaze-xilinx-elf/4.6.4/../../../../microblaze-xilinx-elf/include/stdio.h:233:9: note: expected 'char *' but argument is of type 'int'
../src/helloworld.c:69:5: warning: passing argument 1 of 'print' from incompatible pointer type [enabled by default]
c:\xilinx\sdk\2013.2\gnu\microblaze\nt\bin\../lib/gcc/microblaze-xilinx-elf/4.6.4/../../../../microblaze-xilinx-elf/include/stdio.h:233:9: note: expected 'char *' but argument is of type 'char **'
Finished building: ../src/helloworld.c
 
Building target: hello_world.elf
Invoking: MicroBlaze gcc linker
mb-gcc -Wl,-T -Wl,../src/lscript.ld -L../../hello_world_bsp/microblaze_0/lib -mxl-barrel-shift -mxl-pattern-compare -mcpu=v8.50.b -mno-xl-soft-mul -Wl,--no-relax -Wl,--gc-sections -o "hello_world.elf"  ./src/helloworld.o ./src/platform.o   -Wl,--start-group,-lxil,-lgcc,-lc,--end-group
Finished building target: hello_world.elf
 
Invoking: MicroBlaze Print Size
mb-size hello_world.elf  |tee "hello_world.elf.size"
   text	   data	    bss	    dec	    hex	filename
  12904	   1308	   2148	  16360	   3fe8	hello_world.elf
Finished building: hello_world.elf.size
 
Invoking: Xilinx ELF Check
elfcheck hello_world.elf -hw ../../m152b_fall2018_hw_platform/system.xml -pe microblaze_0  |tee "hello_world.elf.elfcheck"
elfcheck
Xilinx EDK 2013.2 Build EDK_P.68d
Copyright (c) 1995-2012 Xilinx, Inc.  All rights reserved.

Command Line: elfcheck -hw ../../m152b_fall2018_hw_platform/system.xml -pe
microblaze_0 hello_world.elf 

ELF file	: hello_world.elf
elfcheck passed.
Finished building: hello_world.elf.elfcheck
 
11:53:43 **** Incremental Build of configuration Debug for project hello_world ****
make all 
make: Nothing to be done for `all'.
11:54:08 **** Incremental Build of configuration Debug for project hello_world ****
make all 
make: Nothing to be done for `all'.
11:54:50 **** Auto Build of configuration Debug for project hello_world ****
make all 
Building file: ../src/helloworld.c
Invoking: MicroBlaze gcc compiler
mb-gcc -Wall -O0 -g3 -c -fmessage-length=0 -I../../hello_world_bsp/microblaze_0/include -mxl-barrel-shift -mxl-pattern-compare -mcpu=v8.50.b -mno-xl-soft-mul -Wl,--no-relax -ffunction-sections -fdata-sections -MMD -MP -MF"src/helloworld.d" -MT"src/helloworld.d" -o "src/helloworld.o" "../src/helloworld.c"
../src/helloworld.c: In function 'main':
../src/helloworld.c:54:5: warning: passing argument 1 of 'print' makes pointer from integer without a cast [enabled by default]
c:\xilinx\sdk\2013.2\gnu\microblaze\nt\bin\../lib/gcc/microblaze-xilinx-elf/4.6.4/../../../../microblaze-xilinx-elf/include/stdio.h:233:9: note: expected 'char *' but argument is of type 'int'
Finished building: ../src/helloworld.c
 
Building target: hello_world.elf
Invoking: MicroBlaze gcc linker
mb-gcc -Wl,-T -Wl,../src/lscript.ld -L../../hello_world_bsp/microblaze_0/lib -mxl-barrel-shift -mxl-pattern-compare -mcpu=v8.50.b -mno-xl-soft-mul -Wl,--no-relax -Wl,--gc-sections -o "hello_world.elf"  ./src/helloworld.o ./src/platform.o   -Wl,--start-group,-lxil,-lgcc,-lc,--end-group
Finished building target: hello_world.elf
 
Invoking: MicroBlaze Print Size
mb-size hello_world.elf  |tee "hello_world.elf.size"
   text	   data	    bss	    dec	    hex	filename
  12928	   1308	   2148	  16384	   4000	hello_world.elf
Finished building: hello_world.elf.size
 
Invoking: Xilinx ELF Check
elfcheck hello_world.elf -hw ../../m152b_fall2018_hw_platform/system.xml -pe microblaze_0  |tee "hello_world.elf.elfcheck"
elfcheck
Xilinx EDK 2013.2 Build EDK_P.68d
Copyright (c) 1995-2012 Xilinx, Inc.  All rights reserved.

Command Line: elfcheck -hw ../../m152b_fall2018_hw_platform/system.xml -pe
microblaze_0 hello_world.elf 

ELF file	: hello_world.elf
elfcheck passed.
Finished building: hello_world.elf.elfcheck
 
11:54:56 **** Incremental Build of configuration Debug for project hello_world ****
make all 
make: Nothing to be done for `all'.
11:56:49 **** Auto Build of configuration Debug for project hello_world ****
make all 
Building file: ../src/helloworld.c
Invoking: MicroBlaze gcc compiler
mb-gcc -Wall -O0 -g3 -c -fmessage-length=0 -I../../hello_world_bsp/microblaze_0/include -mxl-barrel-shift -mxl-pattern-compare -mcpu=v8.50.b -mno-xl-soft-mul -Wl,--no-relax -ffunction-sections -fdata-sections -MMD -MP -MF"src/helloworld.d" -MT"src/helloworld.d" -o "src/helloworld.o" "../src/helloworld.c"
../src/helloworld.c: In function 'main':
../src/helloworld.c:54:5: warning: implicit declaration of function 'itoa' [-Wimplicit-function-declaration]
Finished building: ../src/helloworld.c
 
Building target: hello_world.elf
Invoking: MicroBlaze gcc linker
mb-gcc -Wl,-T -Wl,../src/lscript.ld -L../../hello_world_bsp/microblaze_0/lib -mxl-barrel-shift -mxl-pattern-compare -mcpu=v8.50.b -mno-xl-soft-mul -Wl,--no-relax -Wl,--gc-sections -o "hello_world.elf"  ./src/helloworld.o ./src/platform.o   -Wl,--start-group,-lxil,-lgcc,-lc,--end-group
./src/helloworld.o: In function `main':
C:\Users\CS152B\Documents\m152b_fall2018\Lab3\hello_world\Debug/../src/helloworld.c:54: undefined reference to `itoa'
collect2: ld returned 1 exit status
make: *** [hello_world.elf] Error 1
11:57:44 **** Auto Build of configuration Debug for project hello_world ****
make all 
Building file: ../src/helloworld.c
Invoking: MicroBlaze gcc compiler
mb-gcc -Wall -O0 -g3 -c -fmessage-length=0 -I../../hello_world_bsp/microblaze_0/include -mxl-barrel-shift -mxl-pattern-compare -mcpu=v8.50.b -mno-xl-soft-mul -Wl,--no-relax -ffunction-sections -fdata-sections -MMD -MP -MF"src/helloworld.d" -MT"src/helloworld.d" -o "src/helloworld.o" "../src/helloworld.c"
../src/helloworld.c: In function 'main':
../src/helloworld.c:55:5: warning: passing argument 1 of 'print' makes pointer from integer without a cast [enabled by default]
c:\xilinx\sdk\2013.2\gnu\microblaze\nt\bin\../lib/gcc/microblaze-xilinx-elf/4.6.4/../../../../microblaze-xilinx-elf/include/stdio.h:233:9: note: expected 'char *' but argument is of type 'int'
../src/helloworld.c:49:10: warning: unused variable 'snum' [-Wunused-variable]
Finished building: ../src/helloworld.c
 
Building target: hello_world.elf
Invoking: MicroBlaze gcc linker
mb-gcc -Wl,-T -Wl,../src/lscript.ld -L../../hello_world_bsp/microblaze_0/lib -mxl-barrel-shift -mxl-pattern-compare -mcpu=v8.50.b -mno-xl-soft-mul -Wl,--no-relax -Wl,--gc-sections -o "hello_world.elf"  ./src/helloworld.o ./src/platform.o   -Wl,--start-group,-lxil,-lgcc,-lc,--end-group
Finished building target: hello_world.elf
 
Invoking: MicroBlaze Print Size
mb-size hello_world.elf  |tee "hello_world.elf.size"
   text	   data	    bss	    dec	    hex	filename
  12932	   1308	   2152	  16392	   4008	hello_world.elf
Finished building: hello_world.elf.size
 
Invoking: Xilinx ELF Check
elfcheck hello_world.elf -hw ../../m152b_fall2018_hw_platform/system.xml -pe microblaze_0  |tee "hello_world.elf.elfcheck"
elfcheck
Xilinx EDK 2013.2 Build EDK_P.68d
Copyright (c) 1995-2012 Xilinx, Inc.  All rights reserved.

Command Line: elfcheck -hw ../../m152b_fall2018_hw_platform/system.xml -pe
microblaze_0 hello_world.elf 

ELF file	: hello_world.elf
elfcheck passed.
Finished building: hello_world.elf.elfcheck
 
11:57:47 **** Incremental Build of configuration Debug for project hello_world ****
make all 
make: Nothing to be done for `all'.
