C:\Users\CS152B\Documents\m152b_fall2018\Lab4\proj\implementation\system.ngc 1542065927
C:/Users/CS152B/Documents/m152b_fall2018/Lab4/proj/implementation/system_mb_plb_wrapper.ngc 1542065714
C:/Users/CS152B/Documents/m152b_fall2018/Lab4/proj/implementation/system_microblaze_0_wrapper.ngc 1542065714
C:/Users/CS152B/Documents/m152b_fall2018/Lab4/proj/implementation/system_ilmb_wrapper.ngc 1542065714
C:/Users/CS152B/Documents/m152b_fall2018/Lab4/proj/implementation/system_dlmb_wrapper.ngc 1542065714
C:/Users/CS152B/Documents/m152b_fall2018/Lab4/proj/implementation/system_dlmb_cntlr_wrapper.ngc 1542065714
C:/Users/CS152B/Documents/m152b_fall2018/Lab4/proj/implementation/system_ilmb_cntlr_wrapper.ngc 1542065714
C:/Users/CS152B/Documents/m152b_fall2018/Lab4/proj/implementation/system_lmb_bram_wrapper.ngc 1542065714
C:/Users/CS152B/Documents/m152b_fall2018/Lab4/proj/implementation/system_rs232_uart_0_wrapper.ngc 1542065714
C:/Users/CS152B/Documents/m152b_fall2018/Lab4/proj/implementation/system_ddr2_sdram_wrapper.ngc 1542065714
C:/Users/CS152B/Documents/m152b_fall2018/Lab4/proj/implementation/system_clock_generator_0_wrapper.ngc 1542065729
C:/Users/CS152B/Documents/m152b_fall2018/Lab4/proj/implementation/system_mdm_0_wrapper.ngc 1542065714
C:/Users/CS152B/Documents/m152b_fall2018/Lab4/proj/implementation/system_proc_sys_reset_0_wrapper.ngc 1542065714
C:/Users/CS152B/Documents/m152b_fall2018/Lab4/proj/implementation/system_dvma_0_wrapper.ngc 1542065714
C:/Users/CS152B/Documents/m152b_fall2018/Lab4/proj/implementation/system_hdmi_0_wrapper.ngc 1542065714
C:/Users/CS152B/Documents/m152b_fall2018/Lab4/proj/implementation/system_cam_ctrl_0_wrapper.ngc 1542065714
C:/Users/CS152B/Documents/m152b_fall2018/Lab4/proj/implementation/system_cam_ctrl_1_wrapper.ngc 1542065714
C:/Users/CS152B/Documents/m152b_fall2018/Lab4/proj/implementation/system_cam_iic_0_wrapper.ngc 1542065714
C:/Users/CS152B/Documents/m152b_fall2018/Lab4/proj/implementation/system_cam_iic_1_wrapper.ngc 1542065714
C:/Users/CS152B/Documents/m152b_fall2018/Lab4/proj/implementation/system_xps_spi_0_wrapper.ngc 1542065714
C:/Users/CS152B/Documents/m152b_fall2018/Lab4/proj/implementation/system_xps_intc_0_wrapper.ngc 1542065714
C:/Users/CS152B/Documents/m152b_fall2018/Lab4/proj/implementation/system_xps_timer_0_wrapper.ngc 1542065714
