C:\Users\CS152B\Documents\m152b_fall2018\Lab4\implementation\system.ngc 1541189796
C:/Users/CS152B/Documents/m152b_fall2018/Lab4/implementation/system_microblaze_0_wrapper.ngc 1541189602
C:/Users/CS152B/Documents/m152b_fall2018/Lab4/implementation/system_mb_plb_wrapper.ngc 1541189330
C:/Users/CS152B/Documents/m152b_fall2018/Lab4/implementation/system_ilmb_wrapper.ngc 1541189606
C:/Users/CS152B/Documents/m152b_fall2018/Lab4/implementation/system_dlmb_wrapper.ngc 1541189610
C:/Users/CS152B/Documents/m152b_fall2018/Lab4/implementation/system_dlmb_cntlr_wrapper.ngc 1541189349
C:/Users/CS152B/Documents/m152b_fall2018/Lab4/implementation/system_ilmb_cntlr_wrapper.ngc 1541189356
C:/Users/CS152B/Documents/m152b_fall2018/Lab4/implementation/system_lmb_bram_wrapper.ngc 1541189368
C:/Users/CS152B/Documents/m152b_fall2018/Lab4/implementation/system_leds_8bit_wrapper.ngc 1541189382
C:/Users/CS152B/Documents/m152b_fall2018/Lab4/implementation/system_push_buttons_7bit_wrapper.ngc 1541189397
C:/Users/CS152B/Documents/m152b_fall2018/Lab4/implementation/system_dip_switches_8bit_wrapper.ngc 1541189411
C:/Users/CS152B/Documents/m152b_fall2018/Lab4/implementation/system_flash_wrapper.ngc 1541189428
C:/Users/CS152B/Documents/m152b_fall2018/Lab4/implementation/system_ddr2_sdram_wrapper.ngc 1541189615
C:/Users/CS152B/Documents/m152b_fall2018/Lab4/implementation/system_rs232_uart_0_wrapper.ngc 1541189552
C:/Users/CS152B/Documents/m152b_fall2018/Lab4/implementation/system_rs232_uart_1_wrapper.ngc 1541189570
C:/Users/CS152B/Documents/m152b_fall2018/Lab4/implementation/system_clock_generator_0_wrapper.ngc 1541189619
C:/Users/CS152B/Documents/m152b_fall2018/Lab4/implementation/system_mdm_0_wrapper.ngc 1541189589
C:/Users/CS152B/Documents/m152b_fall2018/Lab4/implementation/system_proc_sys_reset_0_wrapper.ngc 1541189596
OK
