16:50:01 **** Build of project mario_bsp ****
make -k all 
libgen -hw ../proj_hw_platform/system.xml\
	       \
	       -pe microblaze_0 \
	       -log libgen.log \
	       system.mss
libgen
Xilinx EDK 14.6 Build EDK_P.68d
Copyright (c) 1995-2012 Xilinx, Inc.  All rights reserved.

Command Line: libgen -hw ../proj_hw_platform/system.xml -pe microblaze_0 -log
libgen.log system.mss 


Staging source files.
Running DRCs.
Running generate.
Running post_generate.
Running include - 'make -s include "COMPILER=mb-gcc" "ARCHIVER=mb-ar"
"COMPILER_FLAGS=-mno-xl-soft-mul -mxl-barrel-shift -mxl-pattern-compare
-mcpu=v8.50.b  -O2 -c" "EXTRA_COMPILER_FLAGS=-g -ffunction-sections
-fdata-sections"'.

Running libs - 'make -s libs "COMPILER=mb-gcc" "ARCHIVER=mb-ar"
"COMPILER_FLAGS=-mno-xl-soft-mul -mxl-barrel-shift -mxl-pattern-compare
-mcpu=v8.50.b  -O2 -c" "EXTRA_COMPILER_FLAGS=-g -ffunction-sections
-fdata-sections"'.
Compiling common
Compiling lldma
Compiling standalone
Compiling gpio
Compiling iic
Compiling mpmc
Compiling bram
Compiling uartlite
Compiling intc
Compiling spi
Compiling tmrctr
Compiling cpu
Running execs_generate.
Finished building libraries
16:50:22 **** Build of configuration Debug for project mario ****
make all 
Building file: ../src/helloworld.c
Invoking: MicroBlaze gcc compiler
mb-gcc -Wall -O0 -g3 -c -fmessage-length=0 -I../../mario_bsp/microblaze_0/include -mxl-barrel-shift -mxl-pattern-compare -mcpu=v8.50.b -mno-xl-soft-mul -Wl,--no-relax -ffunction-sections -fdata-sections -MMD -MP -MF"src/helloworld.d" -MT"src/helloworld.d" -o "src/helloworld.o" "../src/helloworld.c"
Finished building: ../src/helloworld.c
 
Building file: ../src/platform.c
Invoking: MicroBlaze gcc compiler
mb-gcc -Wall -O0 -g3 -c -fmessage-length=0 -I../../mario_bsp/microblaze_0/include -mxl-barrel-shift -mxl-pattern-compare -mcpu=v8.50.b -mno-xl-soft-mul -Wl,--no-relax -ffunction-sections -fdata-sections -MMD -MP -MF"src/platform.d" -MT"src/platform.d" -o "src/platform.o" "../src/platform.c"
Finished building: ../src/platform.c
 
Building target: mario.elf
Invoking: MicroBlaze gcc linker
mb-gcc -Wl,-T -Wl,../src/lscript.ld -L../../mario_bsp/microblaze_0/lib -mxl-barrel-shift -mxl-pattern-compare -mcpu=v8.50.b -mno-xl-soft-mul -Wl,--no-relax -Wl,--gc-sections -o "mario.elf"  ./src/helloworld.o ./src/platform.o   -Wl,--start-group,-lxil,-lgcc,-lc,--end-group
Finished building target: mario.elf
 
Invoking: MicroBlaze Print Size
mb-size mario.elf  |tee "mario.elf.size"
   text	   data	    bss	    dec	    hex	filename
   2430	    308	   2080	   4818	   12d2	mario.elf
Finished building: mario.elf.size
 
Invoking: Xilinx ELF Check
elfcheck mario.elf -hw ../../proj_hw_platform/system.xml -pe microblaze_0  |tee "mario.elf.elfcheck"
elfcheck
Xilinx EDK 14.6 Build EDK_P.68d
Copyright (c) 1995-2012 Xilinx, Inc.  All rights reserved.

Command Line: elfcheck -hw ../../proj_hw_platform/system.xml -pe microblaze_0
mario.elf 

ELF file	: mario.elf
elfcheck passed.
Finished building: mario.elf.elfcheck
 
16:52:12 **** Auto Build of configuration Debug for project mario ****
make all 
make: Nothing to be done for `all'.
16:52:21 **** Incremental Build of configuration Debug for project mario ****
make all 
make: Nothing to be done for `all'.
16:53:19 **** Auto Build of configuration Debug for project mario ****
make all 
Building file: ../src/cam_ctrl.c
Invoking: MicroBlaze gcc compiler
mb-gcc -Wall -O0 -g3 -c -fmessage-length=0 -I../../mario_bsp/microblaze_0/include -mxl-barrel-shift -mxl-pattern-compare -mcpu=v8.50.b -mno-xl-soft-mul -Wl,--no-relax -ffunction-sections -fdata-sections -MMD -MP -MF"src/cam_ctrl.d" -MT"src/cam_ctrl.d" -o "src/cam_ctrl.o" "../src/cam_ctrl.c"
../src/cam_ctrl.c: In function 'CamStatus':
../src/cam_ctrl.c:124:1: warning: control reaches end of non-void function [-Wreturn-type]
Finished building: ../src/cam_ctrl.c
 
Building file: ../src/main.c
Invoking: MicroBlaze gcc compiler
mb-gcc -Wall -O0 -g3 -c -fmessage-length=0 -I../../mario_bsp/microblaze_0/include -mxl-barrel-shift -mxl-pattern-compare -mcpu=v8.50.b -mno-xl-soft-mul -Wl,--no-relax -ffunction-sections -fdata-sections -MMD -MP -MF"src/main.d" -MT"src/main.d" -o "src/main.o" "../src/main.c"
../src/main.c:23:6: warning: return type of 'main' is not 'int' [-Wmain]
../src/main.c: In function 'main':
../src/main.c:26:6: warning: unused variable 'color' [-Wunused-variable]
Finished building: ../src/main.c
 
Building file: ../src/vmodcam_cfg.c
Invoking: MicroBlaze gcc compiler
mb-gcc -Wall -O0 -g3 -c -fmessage-length=0 -I../../mario_bsp/microblaze_0/include -mxl-barrel-shift -mxl-pattern-compare -mcpu=v8.50.b -mno-xl-soft-mul -Wl,--no-relax -ffunction-sections -fdata-sections -MMD -MP -MF"src/vmodcam_cfg.d" -MT"src/vmodcam_cfg.d" -o "src/vmodcam_cfg.o" "../src/vmodcam_cfg.c"
../src/vmodcam_cfg.c: In function 'CamIicCfg':
../src/vmodcam_cfg.c:102:2: warning: implicit declaration of function 'CamIicSetupPLL' [-Wimplicit-function-declaration]
../src/vmodcam_cfg.c: In function 'CamIicSingleRead':
../src/vmodcam_cfg.c:334:6: warning: unused variable 'lCamIicReadHeader' [-Wunused-variable]
../src/vmodcam_cfg.c: In function 'CamIicSingleWrite':
../src/vmodcam_cfg.c:392:3: warning: 'return' with no value, in function returning non-void [-Wreturn-type]
../src/vmodcam_cfg.c:388:6: warning: unused variable 'cWriteBytes' [-Wunused-variable]
../src/vmodcam_cfg.c:387:6: warning: unused variable 'lCamIicRegData' [-Wunused-variable]
../src/vmodcam_cfg.c: In function 'ClearScreen':
../src/vmodcam_cfg.c:475:2: warning: 'return' with a value, in function returning void [enabled by default]
../src/vmodcam_cfg.c: In function 'CamIicInit':
../src/vmodcam_cfg.c:306:1: warning: control reaches end of non-void function [-Wreturn-type]
../src/vmodcam_cfg.c: In function 'CamIicPowerUp':
../src/vmodcam_cfg.c:168:1: warning: control reaches end of non-void function [-Wreturn-type]
../src/vmodcam_cfg.c: In function 'CamIicSetupPLL':
../src/vmodcam_cfg.c:140:1: warning: control reaches end of non-void function [-Wreturn-type]
Finished building: ../src/vmodcam_cfg.c
 
Building target: mario.elf
Invoking: MicroBlaze gcc linker
mb-gcc -Wl,-T -Wl,../src/lscript.ld -L../../mario_bsp/microblaze_0/lib -mxl-barrel-shift -mxl-pattern-compare -mcpu=v8.50.b -mno-xl-soft-mul -Wl,--no-relax -Wl,--gc-sections -o "mario.elf"  ./src/cam_ctrl.o ./src/helloworld.o ./src/main.o ./src/platform.o ./src/vmodcam_cfg.o   -Wl,--start-group,-lxil,-lgcc,-lc,--end-group
./src/main.o: In function `main':
C:\Users\CS152B\Documents\m152b_fall2018\mariokart2\mario\Debug/../src/main.c:23: multiple definition of `main'
./src/helloworld.o:C:\Users\CS152B\Documents\m152b_fall2018\mariokart2\mario\Debug/../src/helloworld.c:40: first defined here
collect2: ld returned 1 exit status
make: *** [mario.elf] Error 1
16:53:35 **** Auto Build of configuration Debug for project mario ****
make all 
Building file: ../src/main.c
Invoking: MicroBlaze gcc compiler
mb-gcc -Wall -O0 -g3 -c -fmessage-length=0 -I../../mario_bsp/microblaze_0/include -mxl-barrel-shift -mxl-pattern-compare -mcpu=v8.50.b -mno-xl-soft-mul -Wl,--no-relax -ffunction-sections -fdata-sections -MMD -MP -MF"src/main.d" -MT"src/main.d" -o "src/main.o" "../src/main.c"
../src/main.c: In function 'main1':
../src/main.c:26:6: warning: unused variable 'color' [-Wunused-variable]
Finished building: ../src/main.c
 
Building target: mario.elf
Invoking: MicroBlaze gcc linker
mb-gcc -Wl,-T -Wl,../src/lscript.ld -L../../mario_bsp/microblaze_0/lib -mxl-barrel-shift -mxl-pattern-compare -mcpu=v8.50.b -mno-xl-soft-mul -Wl,--no-relax -Wl,--gc-sections -o "mario.elf"  ./src/cam_ctrl.o ./src/helloworld.o ./src/main.o ./src/platform.o ./src/vmodcam_cfg.o   -Wl,--start-group,-lxil,-lgcc,-lc,--end-group
Finished building target: mario.elf
 
Invoking: MicroBlaze Print Size
mb-size mario.elf  |tee "mario.elf.size"
   text	   data	    bss	    dec	    hex	filename
   2430	    308	   2080	   4818	   12d2	mario.elf
Finished building: mario.elf.size
 
Invoking: Xilinx ELF Check
elfcheck mario.elf -hw ../../proj_hw_platform/system.xml -pe microblaze_0  |tee "mario.elf.elfcheck"
elfcheck
Xilinx EDK 14.6 Build EDK_P.68d
Copyright (c) 1995-2012 Xilinx, Inc.  All rights reserved.

Command Line: elfcheck -hw ../../proj_hw_platform/system.xml -pe microblaze_0
mario.elf 

ELF file	: mario.elf
elfcheck passed.
Finished building: mario.elf.elfcheck
 
12:12:35 **** Auto Build of configuration Debug for project mario ****
make all 
Building file: ../src/main.c
Invoking: MicroBlaze gcc compiler
mb-gcc -Wall -O0 -g3 -c -fmessage-length=0 -I../../mario_bsp/microblaze_0/include -mxl-barrel-shift -mxl-pattern-compare -mcpu=v8.50.b -mno-xl-soft-mul -Wl,--no-relax -ffunction-sections -fdata-sections -MMD -MP -MF"src/main.d" -MT"src/main.d" -o "src/main.o" "../src/main.c"
../src/main.c: In function 'main1':
../src/main.c:28:6: warning: unused variable 'color' [-Wunused-variable]
Finished building: ../src/main.c
 
Building target: mario.elf
Invoking: MicroBlaze gcc linker
mb-gcc -Wl,-T -Wl,../src/lscript.ld -L../../mario_bsp/microblaze_0/lib -mxl-barrel-shift -mxl-pattern-compare -mcpu=v8.50.b -mno-xl-soft-mul -Wl,--no-relax -Wl,--gc-sections -o "mario.elf"  ./src/cam_ctrl.o ./src/helloworld.o ./src/main.o ./src/platform.o ./src/vmodcam_cfg.o   -Wl,--start-group,-lxil,-lgcc,-lc,--end-group
Finished building target: mario.elf
 
Invoking: MicroBlaze Print Size
mb-size mario.elf  |tee "mario.elf.size"
   text	   data	    bss	    dec	    hex	filename
   2430	    308	   2080	   4818	   12d2	mario.elf
Finished building: mario.elf.size
 
Invoking: Xilinx ELF Check
elfcheck mario.elf -hw ../../proj_hw_platform/system.xml -pe microblaze_0  |tee "mario.elf.elfcheck"
elfcheck
Xilinx EDK 2013.2 Build EDK_P.68d
Copyright (c) 1995-2012 Xilinx, Inc.  All rights reserved.

Command Line: elfcheck -hw ../../proj_hw_platform/system.xml -pe microblaze_0
mario.elf 

ELF file	: mario.elf
elfcheck passed.
Finished building: mario.elf.elfcheck
 
12:12:43 **** Auto Build of configuration Debug for project mario ****
make all 
Building file: ../src/main.c
Invoking: MicroBlaze gcc compiler
mb-gcc -Wall -O0 -g3 -c -fmessage-length=0 -I../../mario_bsp/microblaze_0/include -mxl-barrel-shift -mxl-pattern-compare -mcpu=v8.50.b -mno-xl-soft-mul -Wl,--no-relax -ffunction-sections -fdata-sections -MMD -MP -MF"src/main.d" -MT"src/main.d" -o "src/main.o" "../src/main.c"
../src/main.c: In function 'main1':
../src/main.c:30:6: warning: unused variable 'color' [-Wunused-variable]
Finished building: ../src/main.c
 
Building target: mario.elf
Invoking: MicroBlaze gcc linker
mb-gcc -Wl,-T -Wl,../src/lscript.ld -L../../mario_bsp/microblaze_0/lib -mxl-barrel-shift -mxl-pattern-compare -mcpu=v8.50.b -mno-xl-soft-mul -Wl,--no-relax -Wl,--gc-sections -o "mario.elf"  ./src/cam_ctrl.o ./src/helloworld.o ./src/main.o ./src/platform.o ./src/vmodcam_cfg.o   -Wl,--start-group,-lxil,-lgcc,-lc,--end-group
Finished building target: mario.elf
 
Invoking: MicroBlaze Print Size
mb-size mario.elf  |tee "mario.elf.size"
   text	   data	    bss	    dec	    hex	filename
   2430	    308	   2080	   4818	   12d2	mario.elf
Finished building: mario.elf.size
 
Invoking: Xilinx ELF Check
elfcheck mario.elf -hw ../../proj_hw_platform/system.xml -pe microblaze_0  |tee "mario.elf.elfcheck"
elfcheck
Xilinx EDK 2013.2 Build EDK_P.68d
Copyright (c) 1995-2012 Xilinx, Inc.  All rights reserved.

Command Line: elfcheck -hw ../../proj_hw_platform/system.xml -pe microblaze_0
mario.elf 

ELF file	: mario.elf
elfcheck passed.
Finished building: mario.elf.elfcheck
 
12:12:54 **** Auto Build of configuration Debug for project mario ****
make all 
Building file: ../src/main.c
Invoking: MicroBlaze gcc compiler
mb-gcc -Wall -O0 -g3 -c -fmessage-length=0 -I../../mario_bsp/microblaze_0/include -mxl-barrel-shift -mxl-pattern-compare -mcpu=v8.50.b -mno-xl-soft-mul -Wl,--no-relax -ffunction-sections -fdata-sections -MMD -MP -MF"src/main.d" -MT"src/main.d" -o "src/main.o" "../src/main.c"
../src/main.c: In function 'main1':
../src/main.c:30:6: warning: unused variable 'color' [-Wunused-variable]
Finished building: ../src/main.c
 
Building target: mario.elf
Invoking: MicroBlaze gcc linker
mb-gcc -Wl,-T -Wl,../src/lscript.ld -L../../mario_bsp/microblaze_0/lib -mxl-barrel-shift -mxl-pattern-compare -mcpu=v8.50.b -mno-xl-soft-mul -Wl,--no-relax -Wl,--gc-sections -o "mario.elf"  ./src/cam_ctrl.o ./src/helloworld.o ./src/main.o ./src/platform.o ./src/vmodcam_cfg.o   -Wl,--start-group,-lxil,-lgcc,-lc,--end-group
Finished building target: mario.elf
 
Invoking: MicroBlaze Print Size
mb-size mario.elf  |tee "mario.elf.size"
   text	   data	    bss	    dec	    hex	filename
   2430	    308	   2080	   4818	   12d2	mario.elf
Finished building: mario.elf.size
 
Invoking: Xilinx ELF Check
elfcheck mario.elf -hw ../../proj_hw_platform/system.xml -pe microblaze_0  |tee "mario.elf.elfcheck"
elfcheck
Xilinx EDK 2013.2 Build EDK_P.68d
Copyright (c) 1995-2012 Xilinx, Inc.  All rights reserved.

Command Line: elfcheck -hw ../../proj_hw_platform/system.xml -pe microblaze_0
mario.elf 

ELF file	: mario.elf
elfcheck passed.
Finished building: mario.elf.elfcheck
 
12:12:56 **** Auto Build of configuration Debug for project mario ****
make all 
Building file: ../src/main.c
Invoking: MicroBlaze gcc compiler
mb-gcc -Wall -O0 -g3 -c -fmessage-length=0 -I../../mario_bsp/microblaze_0/include -mxl-barrel-shift -mxl-pattern-compare -mcpu=v8.50.b -mno-xl-soft-mul -Wl,--no-relax -ffunction-sections -fdata-sections -MMD -MP -MF"src/main.d" -MT"src/main.d" -o "src/main.o" "../src/main.c"
../src/main.c: In function 'main1':
../src/main.c:32:6: warning: unused variable 'color' [-Wunused-variable]
Finished building: ../src/main.c
 
Building target: mario.elf
Invoking: MicroBlaze gcc linker
mb-gcc -Wl,-T -Wl,../src/lscript.ld -L../../mario_bsp/microblaze_0/lib -mxl-barrel-shift -mxl-pattern-compare -mcpu=v8.50.b -mno-xl-soft-mul -Wl,--no-relax -Wl,--gc-sections -o "mario.elf"  ./src/cam_ctrl.o ./src/helloworld.o ./src/main.o ./src/platform.o ./src/vmodcam_cfg.o   -Wl,--start-group,-lxil,-lgcc,-lc,--end-group
Finished building target: mario.elf
 
Invoking: MicroBlaze Print Size
mb-size mario.elf  |tee "mario.elf.size"
   text	   data	    bss	    dec	    hex	filename
   2430	    308	   2080	   4818	   12d2	mario.elf
Finished building: mario.elf.size
 
Invoking: Xilinx ELF Check
elfcheck mario.elf -hw ../../proj_hw_platform/system.xml -pe microblaze_0  |tee "mario.elf.elfcheck"
elfcheck
Xilinx EDK 2013.2 Build EDK_P.68d
Copyright (c) 1995-2012 Xilinx, Inc.  All rights reserved.

Command Line: elfcheck -hw ../../proj_hw_platform/system.xml -pe microblaze_0
mario.elf 

ELF file	: mario.elf
elfcheck passed.
Finished building: mario.elf.elfcheck
 
12:13:04 **** Clean-only build of configuration Debug for project mario ****
make clean 
rm -rf  ./src/cam_ctrl.o ./src/helloworld.o ./src/main.o ./src/platform.o ./src/vmodcam_cfg.o  ./src/cam_ctrl.d ./src/helloworld.d ./src/main.d ./src/platform.d ./src/vmodcam_cfg.d  mario.elf.size  mario.elf.elfcheck  mario.elf
 
12:13:05 **** Auto Build of configuration Debug for project mario ****
make all 
Building file: ../src/cam_ctrl.c
Invoking: MicroBlaze gcc compiler
mb-gcc -Wall -O0 -g3 -c -fmessage-length=0 -I../../mario_bsp/microblaze_0/include -mxl-barrel-shift -mxl-pattern-compare -mcpu=v8.50.b -mno-xl-soft-mul -Wl,--no-relax -ffunction-sections -fdata-sections -MMD -MP -MF"src/cam_ctrl.d" -MT"src/cam_ctrl.d" -o "src/cam_ctrl.o" "../src/cam_ctrl.c"
../src/cam_ctrl.c: In function 'CamStatus':
../src/cam_ctrl.c:124:1: warning: control reaches end of non-void function [-Wreturn-type]
Finished building: ../src/cam_ctrl.c
 
Building file: ../src/main.c
Invoking: MicroBlaze gcc compiler
mb-gcc -Wall -O0 -g3 -c -fmessage-length=0 -I../../mario_bsp/microblaze_0/include -mxl-barrel-shift -mxl-pattern-compare -mcpu=v8.50.b -mno-xl-soft-mul -Wl,--no-relax -ffunction-sections -fdata-sections -MMD -MP -MF"src/main.d" -MT"src/main.d" -o "src/main.o" "../src/main.c"
../src/main.c: In function 'main1':
../src/main.c:32:6: warning: unused variable 'color' [-Wunused-variable]
Finished building: ../src/main.c
 
Building file: ../src/platform.c
Invoking: MicroBlaze gcc compiler
mb-gcc -Wall -O0 -g3 -c -fmessage-length=0 -I../../mario_bsp/microblaze_0/include -mxl-barrel-shift -mxl-pattern-compare -mcpu=v8.50.b -mno-xl-soft-mul -Wl,--no-relax -ffunction-sections -fdata-sections -MMD -MP -MF"src/platform.d" -MT"src/platform.d" -o "src/platform.o" "../src/platform.c"
Finished building: ../src/platform.c
 
Building file: ../src/vmodcam_cfg.c
Invoking: MicroBlaze gcc compiler
mb-gcc -Wall -O0 -g3 -c -fmessage-length=0 -I../../mario_bsp/microblaze_0/include -mxl-barrel-shift -mxl-pattern-compare -mcpu=v8.50.b -mno-xl-soft-mul -Wl,--no-relax -ffunction-sections -fdata-sections -MMD -MP -MF"src/vmodcam_cfg.d" -MT"src/vmodcam_cfg.d" -o "src/vmodcam_cfg.o" "../src/vmodcam_cfg.c"
../src/vmodcam_cfg.c: In function 'CamIicCfg':
../src/vmodcam_cfg.c:102:2: warning: implicit declaration of function 'CamIicSetupPLL' [-Wimplicit-function-declaration]
../src/vmodcam_cfg.c: In function 'CamIicSingleRead':
../src/vmodcam_cfg.c:334:6: warning: unused variable 'lCamIicReadHeader' [-Wunused-variable]
../src/vmodcam_cfg.c: In function 'CamIicSingleWrite':
../src/vmodcam_cfg.c:392:3: warning: 'return' with no value, in function returning non-void [-Wreturn-type]
../src/vmodcam_cfg.c:388:6: warning: unused variable 'cWriteBytes' [-Wunused-variable]
../src/vmodcam_cfg.c:387:6: warning: unused variable 'lCamIicRegData' [-Wunused-variable]
../src/vmodcam_cfg.c: In function 'ClearScreen':
../src/vmodcam_cfg.c:475:2: warning: 'return' with a value, in function returning void [enabled by default]
../src/vmodcam_cfg.c: In function 'CamIicInit':
../src/vmodcam_cfg.c:306:1: warning: control reaches end of non-void function [-Wreturn-type]
../src/vmodcam_cfg.c: In function 'CamIicPowerUp':
../src/vmodcam_cfg.c:168:1: warning: control reaches end of non-void function [-Wreturn-type]
../src/vmodcam_cfg.c: In function 'CamIicSetupPLL':
../src/vmodcam_cfg.c:140:1: warning: control reaches end of non-void function [-Wreturn-type]
Finished building: ../src/vmodcam_cfg.c
 
Building target: mario.elf
Invoking: MicroBlaze gcc linker
mb-gcc -Wl,-T -Wl,../src/lscript.ld -L../../mario_bsp/microblaze_0/lib -mxl-barrel-shift -mxl-pattern-compare -mcpu=v8.50.b -mno-xl-soft-mul -Wl,--no-relax -Wl,--gc-sections -o "mario.elf"  ./src/cam_ctrl.o ./src/main.o ./src/platform.o ./src/vmodcam_cfg.o   -Wl,--start-group,-lxil,-lgcc,-lc,--end-group
c:/xilinx/sdk/2013.2/gnu/microblaze/nt/bin/../lib/gcc/microblaze-xilinx-elf/4.6.4/../../../../microblaze-xilinx-elf/lib/bs/m/crtinit.o: In function `_crtinit':
/gnu/mb_gnu/src/newlib/libgloss/microblaze/crtinit.S:69: undefined reference to `main'
collect2: ld returned 1 exit status
make: *** [mario.elf] Error 1
12:13:21 **** Auto Build of configuration Debug for project mario ****
make all 
Building file: ../src/main.c
Invoking: MicroBlaze gcc compiler
mb-gcc -Wall -O0 -g3 -c -fmessage-length=0 -I../../mario_bsp/microblaze_0/include -mxl-barrel-shift -mxl-pattern-compare -mcpu=v8.50.b -mno-xl-soft-mul -Wl,--no-relax -ffunction-sections -fdata-sections -MMD -MP -MF"src/main.d" -MT"src/main.d" -o "src/main.o" "../src/main.c"
../src/main.c: In function 'main':
../src/main.c:32:6: warning: unused variable 'color' [-Wunused-variable]
Finished building: ../src/main.c
 
Building target: mario.elf
Invoking: MicroBlaze gcc linker
mb-gcc -Wl,-T -Wl,../src/lscript.ld -L../../mario_bsp/microblaze_0/lib -mxl-barrel-shift -mxl-pattern-compare -mcpu=v8.50.b -mno-xl-soft-mul -Wl,--no-relax -Wl,--gc-sections -o "mario.elf"  ./src/cam_ctrl.o ./src/main.o ./src/platform.o ./src/vmodcam_cfg.o   -Wl,--start-group,-lxil,-lgcc,-lc,--end-group
Finished building target: mario.elf
 
Invoking: MicroBlaze Print Size
mb-size mario.elf  |tee "mario.elf.size"
   text	   data	    bss	    dec	    hex	filename
   9246	    316	   2080	  11642	   2d7a	mario.elf
Finished building: mario.elf.size
 
Invoking: Xilinx ELF Check
elfcheck mario.elf -hw ../../proj_hw_platform/system.xml -pe microblaze_0  |tee "mario.elf.elfcheck"
elfcheck
Xilinx EDK 2013.2 Build EDK_P.68d
Copyright (c) 1995-2012 Xilinx, Inc.  All rights reserved.

Command Line: elfcheck -hw ../../proj_hw_platform/system.xml -pe microblaze_0
mario.elf 

ELF file	: mario.elf
elfcheck passed.
Finished building: mario.elf.elfcheck
 
12:14:17 **** Auto Build of configuration Debug for project mario ****
make all 
Building file: ../src/main.c
Invoking: MicroBlaze gcc compiler
mb-gcc -Wall -O0 -g3 -c -fmessage-length=0 -I../../mario_bsp/microblaze_0/include -mxl-barrel-shift -mxl-pattern-compare -mcpu=v8.50.b -mno-xl-soft-mul -Wl,--no-relax -ffunction-sections -fdata-sections -MMD -MP -MF"src/main.d" -MT"src/main.d" -o "src/main.o" "../src/main.c"
../src/main.c:26:13: error: unknown type name 'XSpi'
../src/main.c: In function 'main':
../src/main.c:60:6: warning: unused variable 'color' [-Wunused-variable]
make: *** [src/main.o] Error 1
12:14:30 **** Auto Build of configuration Debug for project mario ****
make all 
Building file: ../src/main.c
Invoking: MicroBlaze gcc compiler
mb-gcc -Wall -O0 -g3 -c -fmessage-length=0 -I../../mario_bsp/microblaze_0/include -mxl-barrel-shift -mxl-pattern-compare -mcpu=v8.50.b -mno-xl-soft-mul -Wl,--no-relax -ffunction-sections -fdata-sections -MMD -MP -MF"src/main.d" -MT"src/main.d" -o "src/main.o" "../src/main.c"
../src/main.c:25:1: error: unknown type name 'XSpi'
../src/main.c:31:13: error: unknown type name 'XSpi'
../src/main.c: In function 'main':
../src/main.c:65:6: warning: unused variable 'color' [-Wunused-variable]
../src/main.c: At top level:
../src/main.c:25:14: warning: 'SpiInstance' defined but not used [-Wunused-variable]
make: *** [src/main.o] Error 1
12:14:51 **** Auto Build of configuration Debug for project mario ****
make all 
Building file: ../src/main.c
Invoking: MicroBlaze gcc compiler
mb-gcc -Wall -O0 -g3 -c -fmessage-length=0 -I../../mario_bsp/microblaze_0/include -mxl-barrel-shift -mxl-pattern-compare -mcpu=v8.50.b -mno-xl-soft-mul -Wl,--no-relax -ffunction-sections -fdata-sections -MMD -MP -MF"src/main.d" -MT"src/main.d" -o "src/main.o" "../src/main.c"
../src/main.c: In function 'SpiPoll':
../src/main.c:36:5: warning: unused variable 'Test' [-Wunused-variable]
../src/main.c: In function 'main':
../src/main.c:67:6: warning: unused variable 'color' [-Wunused-variable]
../src/main.c: At top level:
../src/main.c:27:14: warning: 'SpiInstance' defined but not used [-Wunused-variable]
Finished building: ../src/main.c
 
Building target: mario.elf
Invoking: MicroBlaze gcc linker
mb-gcc -Wl,-T -Wl,../src/lscript.ld -L../../mario_bsp/microblaze_0/lib -mxl-barrel-shift -mxl-pattern-compare -mcpu=v8.50.b -mno-xl-soft-mul -Wl,--no-relax -Wl,--gc-sections -o "mario.elf"  ./src/cam_ctrl.o ./src/main.o ./src/platform.o ./src/vmodcam_cfg.o   -Wl,--start-group,-lxil,-lgcc,-lc,--end-group
Finished building target: mario.elf
 
Invoking: MicroBlaze Print Size
mb-size mario.elf  |tee "mario.elf.size"
   text	   data	    bss	    dec	    hex	filename
   9246	    316	   2080	  11642	   2d7a	mario.elf
Finished building: mario.elf.size
 
Invoking: Xilinx ELF Check
elfcheck mario.elf -hw ../../proj_hw_platform/system.xml -pe microblaze_0  |tee "mario.elf.elfcheck"
elfcheck
Xilinx EDK 2013.2 Build EDK_P.68d
Copyright (c) 1995-2012 Xilinx, Inc.  All rights reserved.

Command Line: elfcheck -hw ../../proj_hw_platform/system.xml -pe microblaze_0
mario.elf 

ELF file	: mario.elf
elfcheck passed.
Finished building: mario.elf.elfcheck
 
12:17:45 **** Auto Build of project mario_bsp ****
make -k all 
Finished building libraries
12:18:11 **** Auto Build of configuration Debug for project mario ****
make all 
Building file: ../src/main.c
Invoking: MicroBlaze gcc compiler
mb-gcc -Wall -O0 -g3 -c -fmessage-length=0 -I../../mario_bsp/microblaze_0/include -mxl-barrel-shift -mxl-pattern-compare -mcpu=v8.50.b -mno-xl-soft-mul -Wl,--no-relax -ffunction-sections -fdata-sections -MMD -MP -MF"src/main.d" -MT"src/main.d" -o "src/main.o" "../src/main.c"
../src/main.c: In function 'SpiPoll':
../src/main.c:36:5: warning: unused variable 'Test' [-Wunused-variable]
../src/main.c: In function 'main':
../src/main.c:65:24: error: 'XPAR_SPI_GYRO_DEVICE_ID' undeclared (first use in this function)
../src/main.c:65:24: note: each undeclared identifier is reported only once for each function it appears in
../src/main.c:69:6: warning: unused variable 'color' [-Wunused-variable]
make: *** [src/main.o] Error 1
12:18:55 **** Auto Build of configuration Debug for project mario ****
make all 
Building file: ../src/main.c
Invoking: MicroBlaze gcc compiler
mb-gcc -Wall -O0 -g3 -c -fmessage-length=0 -I../../mario_bsp/microblaze_0/include -mxl-barrel-shift -mxl-pattern-compare -mcpu=v8.50.b -mno-xl-soft-mul -Wl,--no-relax -ffunction-sections -fdata-sections -MMD -MP -MF"src/main.d" -MT"src/main.d" -o "src/main.o" "../src/main.c"
../src/main.c: In function 'SpiPoll':
../src/main.c:36:5: warning: unused variable 'Test' [-Wunused-variable]
../src/main.c: In function 'main':
../src/main.c:69:6: warning: unused variable 'color' [-Wunused-variable]
Finished building: ../src/main.c
 
Building target: mario.elf
Invoking: MicroBlaze gcc linker
mb-gcc -Wl,-T -Wl,../src/lscript.ld -L../../mario_bsp/microblaze_0/lib -mxl-barrel-shift -mxl-pattern-compare -mcpu=v8.50.b -mno-xl-soft-mul -Wl,--no-relax -Wl,--gc-sections -o "mario.elf"  ./src/cam_ctrl.o ./src/main.o ./src/platform.o ./src/vmodcam_cfg.o   -Wl,--start-group,-lxil,-lgcc,-lc,--end-group
Finished building target: mario.elf
 
Invoking: MicroBlaze Print Size
mb-size mario.elf  |tee "mario.elf.size"
   text	   data	    bss	    dec	    hex	filename
  12028	    348	   2216	  14592	   3900	mario.elf
Finished building: mario.elf.size
 
Invoking: Xilinx ELF Check
elfcheck mario.elf -hw ../../proj_hw_platform/system.xml -pe microblaze_0  |tee "mario.elf.elfcheck"
elfcheck
Xilinx EDK 2013.2 Build EDK_P.68d
Copyright (c) 1995-2012 Xilinx, Inc.  All rights reserved.

Command Line: elfcheck -hw ../../proj_hw_platform/system.xml -pe microblaze_0
mario.elf 

ELF file	: mario.elf
elfcheck passed.
Finished building: mario.elf.elfcheck
 
12:19:04 **** Auto Build of configuration Debug for project mario ****
make all 
Building file: ../src/main.c
Invoking: MicroBlaze gcc compiler
mb-gcc -Wall -O0 -g3 -c -fmessage-length=0 -I../../mario_bsp/microblaze_0/include -mxl-barrel-shift -mxl-pattern-compare -mcpu=v8.50.b -mno-xl-soft-mul -Wl,--no-relax -ffunction-sections -fdata-sections -MMD -MP -MF"src/main.d" -MT"src/main.d" -o "src/main.o" "../src/main.c"
../src/main.c: In function 'SpiPoll':
../src/main.c:36:5: warning: unused variable 'Test' [-Wunused-variable]
Finished building: ../src/main.c
 
Building target: mario.elf
Invoking: MicroBlaze gcc linker
mb-gcc -Wl,-T -Wl,../src/lscript.ld -L../../mario_bsp/microblaze_0/lib -mxl-barrel-shift -mxl-pattern-compare -mcpu=v8.50.b -mno-xl-soft-mul -Wl,--no-relax -Wl,--gc-sections -o "mario.elf"  ./src/cam_ctrl.o ./src/main.o ./src/platform.o ./src/vmodcam_cfg.o   -Wl,--start-group,-lxil,-lgcc,-lc,--end-group
Finished building target: mario.elf
 
Invoking: MicroBlaze Print Size
mb-size mario.elf  |tee "mario.elf.size"
   text	   data	    bss	    dec	    hex	filename
   8080	    344	   2208	  10632	   2988	mario.elf
Finished building: mario.elf.size
 
Invoking: Xilinx ELF Check
elfcheck mario.elf -hw ../../proj_hw_platform/system.xml -pe microblaze_0  |tee "mario.elf.elfcheck"
elfcheck
Xilinx EDK 2013.2 Build EDK_P.68d
Copyright (c) 1995-2012 Xilinx, Inc.  All rights reserved.

Command Line: elfcheck -hw ../../proj_hw_platform/system.xml -pe microblaze_0
mario.elf 

ELF file	: mario.elf
elfcheck passed.
Finished building: mario.elf.elfcheck
 
12:19:25 **** Auto Build of configuration Debug for project mario ****
make all 
Building file: ../src/main.c
Invoking: MicroBlaze gcc compiler
mb-gcc -Wall -O0 -g3 -c -fmessage-length=0 -I../../mario_bsp/microblaze_0/include -mxl-barrel-shift -mxl-pattern-compare -mcpu=v8.50.b -mno-xl-soft-mul -Wl,--no-relax -ffunction-sections -fdata-sections -MMD -MP -MF"src/main.d" -MT"src/main.d" -o "src/main.o" "../src/main.c"
../src/main.c: In function 'SpiPoll':
../src/main.c:36:5: warning: unused variable 'Test' [-Wunused-variable]
Finished building: ../src/main.c
 
Building target: mario.elf
Invoking: MicroBlaze gcc linker
mb-gcc -Wl,-T -Wl,../src/lscript.ld -L../../mario_bsp/microblaze_0/lib -mxl-barrel-shift -mxl-pattern-compare -mcpu=v8.50.b -mno-xl-soft-mul -Wl,--no-relax -Wl,--gc-sections -o "mario.elf"  ./src/cam_ctrl.o ./src/main.o ./src/platform.o ./src/vmodcam_cfg.o   -Wl,--start-group,-lxil,-lgcc,-lc,--end-group
Finished building target: mario.elf
 
Invoking: MicroBlaze Print Size
mb-size mario.elf  |tee "mario.elf.size"
   text	   data	    bss	    dec	    hex	filename
   8056	    344	   2208	  10608	   2970	mario.elf
Finished building: mario.elf.size
 
Invoking: Xilinx ELF Check
elfcheck mario.elf -hw ../../proj_hw_platform/system.xml -pe microblaze_0  |tee "mario.elf.elfcheck"
elfcheck
Xilinx EDK 2013.2 Build EDK_P.68d
Copyright (c) 1995-2012 Xilinx, Inc.  All rights reserved.

Command Line: elfcheck -hw ../../proj_hw_platform/system.xml -pe microblaze_0
mario.elf 

ELF file	: mario.elf
elfcheck passed.
Finished building: mario.elf.elfcheck
 
12:19:45 **** Incremental Build of configuration Debug for project mario ****
make all 
make: Nothing to be done for `all'.
12:20:45 **** Auto Build of configuration Debug for project mario ****
make all 
Building file: ../src/main.c
Invoking: MicroBlaze gcc compiler
mb-gcc -Wall -O0 -g3 -c -fmessage-length=0 -I../../mario_bsp/microblaze_0/include -mxl-barrel-shift -mxl-pattern-compare -mcpu=v8.50.b -mno-xl-soft-mul -Wl,--no-relax -ffunction-sections -fdata-sections -MMD -MP -MF"src/main.d" -MT"src/main.d" -o "src/main.o" "../src/main.c"
../src/main.c: In function 'SpiPoll':
../src/main.c:36:5: warning: unused variable 'Test' [-Wunused-variable]
Finished building: ../src/main.c
 
Building target: mario.elf
Invoking: MicroBlaze gcc linker
mb-gcc -Wl,-T -Wl,../src/lscript.ld -L../../mario_bsp/microblaze_0/lib -mxl-barrel-shift -mxl-pattern-compare -mcpu=v8.50.b -mno-xl-soft-mul -Wl,--no-relax -Wl,--gc-sections -o "mario.elf"  ./src/cam_ctrl.o ./src/main.o ./src/platform.o ./src/vmodcam_cfg.o   -Wl,--start-group,-lxil,-lgcc,-lc,--end-group
Finished building target: mario.elf
 
Invoking: MicroBlaze Print Size
mb-size mario.elf  |tee "mario.elf.size"
   text	   data	    bss	    dec	    hex	filename
   8080	    344	   2208	  10632	   2988	mario.elf
Finished building: mario.elf.size
 
Invoking: Xilinx ELF Check
elfcheck mario.elf -hw ../../proj_hw_platform/system.xml -pe microblaze_0  |tee "mario.elf.elfcheck"
elfcheck
Xilinx EDK 2013.2 Build EDK_P.68d
Copyright (c) 1995-2012 Xilinx, Inc.  All rights reserved.

Command Line: elfcheck -hw ../../proj_hw_platform/system.xml -pe microblaze_0
mario.elf 

ELF file	: mario.elf
elfcheck passed.
Finished building: mario.elf.elfcheck
 
12:20:48 **** Incremental Build of configuration Debug for project mario ****
make all 
make: Nothing to be done for `all'.
12:21:20 **** Incremental Build of configuration Debug for project mario ****
make all 
make: Nothing to be done for `all'.
12:21:38 **** Incremental Build of configuration Debug for project mario ****
make all 
make: Nothing to be done for `all'.
12:21:51 **** Incremental Build of configuration Debug for project mario ****
make all 
make: Nothing to be done for `all'.
12:32:01 **** Auto Build of configuration Debug for project mario ****
make all 
Building file: ../src/main.c
Invoking: MicroBlaze gcc compiler
mb-gcc -Wall -O0 -g3 -c -fmessage-length=0 -I../../mario_bsp/microblaze_0/include -mxl-barrel-shift -mxl-pattern-compare -mcpu=v8.50.b -mno-xl-soft-mul -Wl,--no-relax -ffunction-sections -fdata-sections -MMD -MP -MF"src/main.d" -MT"src/main.d" -o "src/main.o" "../src/main.c"
../src/main.c: In function 'SpiPoll':
../src/main.c:36:5: warning: unused variable 'Test' [-Wunused-variable]
Finished building: ../src/main.c
 
Building target: mario.elf
Invoking: MicroBlaze gcc linker
mb-gcc -Wl,-T -Wl,../src/lscript.ld -L../../mario_bsp/microblaze_0/lib -mxl-barrel-shift -mxl-pattern-compare -mcpu=v8.50.b -mno-xl-soft-mul -Wl,--no-relax -Wl,--gc-sections -o "mario.elf"  ./src/cam_ctrl.o ./src/main.o ./src/platform.o ./src/vmodcam_cfg.o   -Wl,--start-group,-lxil,-lgcc,-lc,--end-group
Finished building target: mario.elf
 
Invoking: MicroBlaze Print Size
mb-size mario.elf  |tee "mario.elf.size"
   text	   data	    bss	    dec	    hex	filename
   8332	    344	   2212	  10888	   2a88	mario.elf
Finished building: mario.elf.size
 
Invoking: Xilinx ELF Check
elfcheck mario.elf -hw ../../proj_hw_platform/system.xml -pe microblaze_0  |tee "mario.elf.elfcheck"
elfcheck
Xilinx EDK 2013.2 Build EDK_P.68d
Copyright (c) 1995-2012 Xilinx, Inc.  All rights reserved.

Command Line: elfcheck -hw ../../proj_hw_platform/system.xml -pe microblaze_0
mario.elf 

ELF file	: mario.elf
elfcheck passed.
Finished building: mario.elf.elfcheck
 
12:32:14 **** Incremental Build of configuration Debug for project mario ****
make all 
make: Nothing to be done for `all'.
12:32:23 **** Incremental Build of configuration Debug for project mario ****
make all 
make: Nothing to be done for `all'.
12:36:01 **** Auto Build of configuration Debug for project mario ****
make all 
Building file: ../src/main.c
Invoking: MicroBlaze gcc compiler
mb-gcc -Wall -O0 -g3 -c -fmessage-length=0 -I../../mario_bsp/microblaze_0/include -mxl-barrel-shift -mxl-pattern-compare -mcpu=v8.50.b -mno-xl-soft-mul -Wl,--no-relax -ffunction-sections -fdata-sections -MMD -MP -MF"src/main.d" -MT"src/main.d" -o "src/main.o" "../src/main.c"
../src/main.c: In function 'SpiPoll':
../src/main.c:37:5: warning: unused variable 'Test' [-Wunused-variable]
Finished building: ../src/main.c
 
Building target: mario.elf
Invoking: MicroBlaze gcc linker
mb-gcc -Wl,-T -Wl,../src/lscript.ld -L../../mario_bsp/microblaze_0/lib -mxl-barrel-shift -mxl-pattern-compare -mcpu=v8.50.b -mno-xl-soft-mul -Wl,--no-relax -Wl,--gc-sections -o "mario.elf"  ./src/cam_ctrl.o ./src/main.o ./src/platform.o ./src/vmodcam_cfg.o   -Wl,--start-group,-lxil,-lgcc,-lc,--end-group
Finished building target: mario.elf
 
Invoking: MicroBlaze Print Size
mb-size mario.elf  |tee "mario.elf.size"
   text	   data	    bss	    dec	    hex	filename
   8344	    344	   2208	  10896	   2a90	mario.elf
Finished building: mario.elf.size
 
Invoking: Xilinx ELF Check
elfcheck mario.elf -hw ../../proj_hw_platform/system.xml -pe microblaze_0  |tee "mario.elf.elfcheck"
elfcheck
Xilinx EDK 2013.2 Build EDK_P.68d
Copyright (c) 1995-2012 Xilinx, Inc.  All rights reserved.

Command Line: elfcheck -hw ../../proj_hw_platform/system.xml -pe microblaze_0
mario.elf 

ELF file	: mario.elf
elfcheck passed.
Finished building: mario.elf.elfcheck
 
12:37:13 **** Incremental Build of configuration Debug for project mario ****
make all 
make: Nothing to be done for `all'.
12:38:09 **** Auto Build of configuration Debug for project mario ****
make all 
Building file: ../src/main.c
Invoking: MicroBlaze gcc compiler
mb-gcc -Wall -O0 -g3 -c -fmessage-length=0 -I../../mario_bsp/microblaze_0/include -mxl-barrel-shift -mxl-pattern-compare -mcpu=v8.50.b -mno-xl-soft-mul -Wl,--no-relax -ffunction-sections -fdata-sections -MMD -MP -MF"src/main.d" -MT"src/main.d" -o "src/main.o" "../src/main.c"
../src/main.c: In function 'SpiPoll':
../src/main.c:37:5: warning: unused variable 'Test' [-Wunused-variable]
Finished building: ../src/main.c
 
Building target: mario.elf
Invoking: MicroBlaze gcc linker
mb-gcc -Wl,-T -Wl,../src/lscript.ld -L../../mario_bsp/microblaze_0/lib -mxl-barrel-shift -mxl-pattern-compare -mcpu=v8.50.b -mno-xl-soft-mul -Wl,--no-relax -Wl,--gc-sections -o "mario.elf"  ./src/cam_ctrl.o ./src/main.o ./src/platform.o ./src/vmodcam_cfg.o   -Wl,--start-group,-lxil,-lgcc,-lc,--end-group
Finished building target: mario.elf
 
Invoking: MicroBlaze Print Size
mb-size mario.elf  |tee "mario.elf.size"
   text	   data	    bss	    dec	    hex	filename
   8344	    344	   2200	  10888	   2a88	mario.elf
Finished building: mario.elf.size
 
Invoking: Xilinx ELF Check
elfcheck mario.elf -hw ../../proj_hw_platform/system.xml -pe microblaze_0  |tee "mario.elf.elfcheck"
elfcheck
Xilinx EDK 2013.2 Build EDK_P.68d
Copyright (c) 1995-2012 Xilinx, Inc.  All rights reserved.

Command Line: elfcheck -hw ../../proj_hw_platform/system.xml -pe microblaze_0
mario.elf 

ELF file	: mario.elf
elfcheck passed.
Finished building: mario.elf.elfcheck
 
12:40:04 **** Auto Build of configuration Debug for project mario ****
make all 
Building file: ../src/main.c
Invoking: MicroBlaze gcc compiler
mb-gcc -Wall -O0 -g3 -c -fmessage-length=0 -I../../mario_bsp/microblaze_0/include -mxl-barrel-shift -mxl-pattern-compare -mcpu=v8.50.b -mno-xl-soft-mul -Wl,--no-relax -ffunction-sections -fdata-sections -MMD -MP -MF"src/main.d" -MT"src/main.d" -o "src/main.o" "../src/main.c"
../src/main.c: In function 'SpiPoll':
../src/main.c:37:5: warning: unused variable 'Test' [-Wunused-variable]
Finished building: ../src/main.c
 
Building target: mario.elf
Invoking: MicroBlaze gcc linker
mb-gcc -Wl,-T -Wl,../src/lscript.ld -L../../mario_bsp/microblaze_0/lib -mxl-barrel-shift -mxl-pattern-compare -mcpu=v8.50.b -mno-xl-soft-mul -Wl,--no-relax -Wl,--gc-sections -o "mario.elf"  ./src/cam_ctrl.o ./src/main.o ./src/platform.o ./src/vmodcam_cfg.o   -Wl,--start-group,-lxil,-lgcc,-lc,--end-group
Finished building target: mario.elf
 
Invoking: MicroBlaze Print Size
mb-size mario.elf  |tee "mario.elf.size"
   text	   data	    bss	    dec	    hex	filename
   8344	    344	   2200	  10888	   2a88	mario.elf
Finished building: mario.elf.size
 
Invoking: Xilinx ELF Check
elfcheck mario.elf -hw ../../proj_hw_platform/system.xml -pe microblaze_0  |tee "mario.elf.elfcheck"
elfcheck
Xilinx EDK 2013.2 Build EDK_P.68d
Copyright (c) 1995-2012 Xilinx, Inc.  All rights reserved.

Command Line: elfcheck -hw ../../proj_hw_platform/system.xml -pe microblaze_0
mario.elf 

ELF file	: mario.elf
elfcheck passed.
Finished building: mario.elf.elfcheck
 
12:40:20 **** Incremental Build of configuration Debug for project mario ****
make all 
make: Nothing to be done for `all'.
12:40:59 **** Auto Build of configuration Debug for project mario ****
make all 
Building file: ../src/main.c
Invoking: MicroBlaze gcc compiler
mb-gcc -Wall -O0 -g3 -c -fmessage-length=0 -I../../mario_bsp/microblaze_0/include -mxl-barrel-shift -mxl-pattern-compare -mcpu=v8.50.b -mno-xl-soft-mul -Wl,--no-relax -ffunction-sections -fdata-sections -MMD -MP -MF"src/main.d" -MT"src/main.d" -o "src/main.o" "../src/main.c"
../src/main.c: In function 'SpiPoll':
../src/main.c:37:5: warning: unused variable 'Test' [-Wunused-variable]
Finished building: ../src/main.c
 
Building target: mario.elf
Invoking: MicroBlaze gcc linker
mb-gcc -Wl,-T -Wl,../src/lscript.ld -L../../mario_bsp/microblaze_0/lib -mxl-barrel-shift -mxl-pattern-compare -mcpu=v8.50.b -mno-xl-soft-mul -Wl,--no-relax -Wl,--gc-sections -o "mario.elf"  ./src/cam_ctrl.o ./src/main.o ./src/platform.o ./src/vmodcam_cfg.o   -Wl,--start-group,-lxil,-lgcc,-lc,--end-group
Finished building target: mario.elf
 
Invoking: MicroBlaze Print Size
mb-size mario.elf  |tee "mario.elf.size"
   text	   data	    bss	    dec	    hex	filename
   8368	    344	   2200	  10912	   2aa0	mario.elf
Finished building: mario.elf.size
 
Invoking: Xilinx ELF Check
elfcheck mario.elf -hw ../../proj_hw_platform/system.xml -pe microblaze_0  |tee "mario.elf.elfcheck"
elfcheck
Xilinx EDK 2013.2 Build EDK_P.68d
Copyright (c) 1995-2012 Xilinx, Inc.  All rights reserved.

Command Line: elfcheck -hw ../../proj_hw_platform/system.xml -pe microblaze_0
mario.elf 

ELF file	: mario.elf
elfcheck passed.
Finished building: mario.elf.elfcheck
 
12:41:02 **** Incremental Build of configuration Debug for project mario ****
make all 
make: Nothing to be done for `all'.
12:41:32 **** Auto Build of configuration Debug for project mario ****
make all 
Building file: ../src/main.c
Invoking: MicroBlaze gcc compiler
mb-gcc -Wall -O0 -g3 -c -fmessage-length=0 -I../../mario_bsp/microblaze_0/include -mxl-barrel-shift -mxl-pattern-compare -mcpu=v8.50.b -mno-xl-soft-mul -Wl,--no-relax -ffunction-sections -fdata-sections -MMD -MP -MF"src/main.d" -MT"src/main.d" -o "src/main.o" "../src/main.c"
../src/main.c: In function 'SpiPoll':
../src/main.c:37:5: warning: unused variable 'Test' [-Wunused-variable]
Finished building: ../src/main.c
 
Building target: mario.elf
Invoking: MicroBlaze gcc linker
mb-gcc -Wl,-T -Wl,../src/lscript.ld -L../../mario_bsp/microblaze_0/lib -mxl-barrel-shift -mxl-pattern-compare -mcpu=v8.50.b -mno-xl-soft-mul -Wl,--no-relax -Wl,--gc-sections -o "mario.elf"  ./src/cam_ctrl.o ./src/main.o ./src/platform.o ./src/vmodcam_cfg.o   -Wl,--start-group,-lxil,-lgcc,-lc,--end-group
Finished building target: mario.elf
 
Invoking: MicroBlaze Print Size
mb-size mario.elf  |tee "mario.elf.size"
   text	   data	    bss	    dec	    hex	filename
   8368	    344	   2200	  10912	   2aa0	mario.elf
Finished building: mario.elf.size
 
Invoking: Xilinx ELF Check
elfcheck mario.elf -hw ../../proj_hw_platform/system.xml -pe microblaze_0  |tee "mario.elf.elfcheck"
elfcheck
Xilinx EDK 2013.2 Build EDK_P.68d
Copyright (c) 1995-2012 Xilinx, Inc.  All rights reserved.

Command Line: elfcheck -hw ../../proj_hw_platform/system.xml -pe microblaze_0
mario.elf 

ELF file	: mario.elf
elfcheck passed.
Finished building: mario.elf.elfcheck
 
12:41:35 **** Incremental Build of configuration Debug for project mario ****
make all 
make: Nothing to be done for `all'.
12:41:58 **** Auto Build of configuration Debug for project mario ****
make all 
Building file: ../src/main.c
Invoking: MicroBlaze gcc compiler
mb-gcc -Wall -O0 -g3 -c -fmessage-length=0 -I../../mario_bsp/microblaze_0/include -mxl-barrel-shift -mxl-pattern-compare -mcpu=v8.50.b -mno-xl-soft-mul -Wl,--no-relax -ffunction-sections -fdata-sections -MMD -MP -MF"src/main.d" -MT"src/main.d" -o "src/main.o" "../src/main.c"
../src/main.c: In function 'SpiPoll':
../src/main.c:37:5: warning: unused variable 'Test' [-Wunused-variable]
Finished building: ../src/main.c
 
Building target: mario.elf
Invoking: MicroBlaze gcc linker
mb-gcc -Wl,-T -Wl,../src/lscript.ld -L../../mario_bsp/microblaze_0/lib -mxl-barrel-shift -mxl-pattern-compare -mcpu=v8.50.b -mno-xl-soft-mul -Wl,--no-relax -Wl,--gc-sections -o "mario.elf"  ./src/cam_ctrl.o ./src/main.o ./src/platform.o ./src/vmodcam_cfg.o   -Wl,--start-group,-lxil,-lgcc,-lc,--end-group
Finished building target: mario.elf
 
Invoking: MicroBlaze Print Size
mb-size mario.elf  |tee "mario.elf.size"
   text	   data	    bss	    dec	    hex	filename
   8368	    344	   2200	  10912	   2aa0	mario.elf
Finished building: mario.elf.size
 
Invoking: Xilinx ELF Check
elfcheck mario.elf -hw ../../proj_hw_platform/system.xml -pe microblaze_0  |tee "mario.elf.elfcheck"
elfcheck
Xilinx EDK 2013.2 Build EDK_P.68d
Copyright (c) 1995-2012 Xilinx, Inc.  All rights reserved.

Command Line: elfcheck -hw ../../proj_hw_platform/system.xml -pe microblaze_0
mario.elf 

ELF file	: mario.elf
elfcheck passed.
Finished building: mario.elf.elfcheck
 
12:42:01 **** Incremental Build of configuration Debug for project mario ****
make all 
make: Nothing to be done for `all'.
12:57:33 **** Incremental Build of configuration Debug for project mario ****
make all 
make: Nothing to be done for `all'.
12:57:49 **** Incremental Build of configuration Debug for project mario ****
make all 
make: Nothing to be done for `all'.
13:25:16 **** Auto Build of project mario_bsp ****
make -k all 
Finished building libraries
13:27:31 **** Auto Build of project mario_bsp ****
make -k all 
libgen -hw ../proj_hw_platform/system.xml\
	       \
	       -pe microblaze_0 \
	       -log libgen.log \
	       system.mss
libgen
Xilinx EDK 14.6 Build EDK_P.68d
Copyright (c) 1995-2012 Xilinx, Inc.  All rights reserved.

Command Line: libgen -hw ../proj_hw_platform/system.xml -pe microblaze_0 -log
libgen.log system.mss 


Staging source files.
Running DRCs.
Running generate.
Running post_generate.
Running include - 'make -s include "COMPILER=mb-gcc" "ARCHIVER=mb-ar"
"COMPILER_FLAGS=-mno-xl-soft-mul -mxl-barrel-shift -mxl-pattern-compare
-mcpu=v8.50.b  -O2 -c" "EXTRA_COMPILER_FLAGS=-g -ffunction-sections
-fdata-sections"'.

Running libs - 'make -s libs "COMPILER=mb-gcc" "ARCHIVER=mb-ar"
"COMPILER_FLAGS=-mno-xl-soft-mul -mxl-barrel-shift -mxl-pattern-compare
-mcpu=v8.50.b  -O2 -c" "EXTRA_COMPILER_FLAGS=-g -ffunction-sections
-fdata-sections"'.
Compiling common
Compiling lldma
Compiling standalone
Compiling gpio
Compiling iic
Compiling mpmc
Compiling bram
Compiling uartlite
Compiling intc
Compiling spi
Compiling tmrctr
Compiling cpu
Running execs_generate.
Finished building libraries
13:27:53 **** Auto Build of configuration Debug for project mario ****
make all 
make: Nothing to be done for `all'.
13:28:01 **** Incremental Build of configuration Debug for project mario ****
make all 
make: Nothing to be done for `all'.
13:29:07 **** Incremental Build of configuration Debug for project mario ****
make all 
make: Nothing to be done for `all'.
13:29:17 **** Incremental Build of configuration Debug for project mario ****
make all 
make: Nothing to be done for `all'.
13:29:46 **** Auto Build of configuration Debug for project mario ****
make all 
Building file: ../src/main.c
Invoking: MicroBlaze gcc compiler
mb-gcc -Wall -O0 -g3 -c -fmessage-length=0 -I../../mario_bsp/microblaze_0/include -mxl-barrel-shift -mxl-pattern-compare -mcpu=v8.50.b -mno-xl-soft-mul -Wl,--no-relax -ffunction-sections -fdata-sections -MMD -MP -MF"src/main.d" -MT"src/main.d" -o "src/main.o" "../src/main.c"
../src/main.c: In function 'SpiPoll':
../src/main.c:37:5: warning: unused variable 'Test' [-Wunused-variable]
Finished building: ../src/main.c
 
Building target: mario.elf
Invoking: MicroBlaze gcc linker
mb-gcc -Wl,-T -Wl,../src/lscript.ld -L../../mario_bsp/microblaze_0/lib -mxl-barrel-shift -mxl-pattern-compare -mcpu=v8.50.b -mno-xl-soft-mul -Wl,--no-relax -Wl,--gc-sections -o "mario.elf"  ./src/cam_ctrl.o ./src/main.o ./src/platform.o ./src/vmodcam_cfg.o   -Wl,--start-group,-lxil,-lgcc,-lc,--end-group
Finished building target: mario.elf
 
Invoking: MicroBlaze Print Size
mb-size mario.elf  |tee "mario.elf.size"
   text	   data	    bss	    dec	    hex	filename
   8368	    344	   2200	  10912	   2aa0	mario.elf
Finished building: mario.elf.size
 
Invoking: Xilinx ELF Check
elfcheck mario.elf -hw ../../proj_hw_platform/system.xml -pe microblaze_0  |tee "mario.elf.elfcheck"
elfcheck
Xilinx EDK 14.6 Build EDK_P.68d
Copyright (c) 1995-2012 Xilinx, Inc.  All rights reserved.

Command Line: elfcheck -hw ../../proj_hw_platform/system.xml -pe microblaze_0
mario.elf 

ELF file	: mario.elf
elfcheck passed.
Finished building: mario.elf.elfcheck
 
13:29:50 **** Incremental Build of configuration Debug for project mario ****
make all 
make: Nothing to be done for `all'.
13:54:19 **** Auto Build of project mario_bsp ****
make -k all 
Finished building libraries
14:15:02 **** Auto Build of project mario_bsp ****
make -k all 
Finished building libraries
17:20:04 **** Build of project mario_bsp ****
make -k all 
libgen -hw ../proj_hw_platform/system.xml\
	       \
	       -pe microblaze_0 \
	       -log libgen.log \
	       system.mss
libgen
Xilinx EDK 14.6 Build EDK_P.68d
Copyright (c) 1995-2012 Xilinx, Inc.  All rights reserved.

Command Line: libgen -hw ../proj_hw_platform/system.xml -pe microblaze_0 -log
libgen.log system.mss 


Staging source files.
Running DRCs.
Running generate.
Running post_generate.
Running include - 'make -s include "COMPILER=mb-gcc" "ARCHIVER=mb-ar"
"COMPILER_FLAGS=-mno-xl-soft-mul -mxl-barrel-shift -mxl-pattern-compare
-mcpu=v8.50.b  -O2 -c" "EXTRA_COMPILER_FLAGS=-g -ffunction-sections
-fdata-sections"'.

Running libs - 'make -s libs "COMPILER=mb-gcc" "ARCHIVER=mb-ar"
"COMPILER_FLAGS=-mno-xl-soft-mul -mxl-barrel-shift -mxl-pattern-compare
-mcpu=v8.50.b  -O2 -c" "EXTRA_COMPILER_FLAGS=-g -ffunction-sections
-fdata-sections"'.
Compiling common
Compiling lldma
Compiling standalone
Compiling gpio
Compiling iic
Compiling mpmc
Compiling bram
Compiling uartlite
Compiling intc
Compiling spi
Compiling tmrctr
Compiling cpu
Running execs_generate.
Finished building libraries
17:20:20 **** Build of configuration Debug for project mario ****
make all 
make: Nothing to be done for `all'.
17:20:35 **** Incremental Build of configuration Debug for project mario ****
make all 
make: Nothing to be done for `all'.
14:34:12 **** Auto Build of project mario_bsp ****
make -k all 
libgen -hw ../proj_hw_platform/system.xml\
	       \
	       -pe microblaze_0 \
	       -log libgen.log \
	       system.mss
libgen
Xilinx EDK 2013.2 Build EDK_P.68d
Copyright (c) 1995-2012 Xilinx, Inc.  All rights reserved.

Command Line: libgen -hw ../proj_hw_platform/system.xml -pe microblaze_0 -log
libgen.log system.mss 


Staging source files.
Running DRCs.
Running generate.
Running post_generate.
Running include - 'make -s include "COMPILER=mb-gcc" "ARCHIVER=mb-ar"
"COMPILER_FLAGS=-mno-xl-soft-mul -mxl-barrel-shift -mxl-pattern-compare
-mcpu=v8.50.b  -O2 -c" "EXTRA_COMPILER_FLAGS=-g -ffunction-sections
-fdata-sections"'.

Running libs - 'make -s libs "COMPILER=mb-gcc" "ARCHIVER=mb-ar"
"COMPILER_FLAGS=-mno-xl-soft-mul -mxl-barrel-shift -mxl-pattern-compare
-mcpu=v8.50.b  -O2 -c" "EXTRA_COMPILER_FLAGS=-g -ffunction-sections
-fdata-sections"'.
Compiling common
Compiling lldma
Compiling standalone
Compiling gpio
Compiling iic
Compiling mpmc
Compiling bram
Compiling uartlite
Compiling intc
Compiling spi
Compiling tmrctr
Compiling cpu
Running execs_generate.
Finished building libraries
14:35:02 **** Auto Build of configuration Debug for project mario ****
make all 
make: Nothing to be done for `all'.
14:35:52 **** Incremental Build of configuration Debug for project mario ****
make all 
make: Nothing to be done for `all'.
14:37:47 **** Auto Build of configuration Debug for project mario ****
make all 
Building file: ../src/main.c
Invoking: MicroBlaze gcc compiler
mb-gcc -Wall -O0 -g3 -c -fmessage-length=0 -I../../mario_bsp/microblaze_0/include -mxl-barrel-shift -mxl-pattern-compare -mcpu=v8.50.b -mno-xl-soft-mul -Wl,--no-relax -ffunction-sections -fdata-sections -MMD -MP -MF"src/main.d" -MT"src/main.d" -o "src/main.o" "../src/main.c"
../src/main.c: In function 'SpiPoll':
../src/main.c:37:5: warning: unused variable 'Test' [-Wunused-variable]
Finished building: ../src/main.c
 
Building target: mario.elf
Invoking: MicroBlaze gcc linker
mb-gcc -Wl,-T -Wl,../src/lscript.ld -L../../mario_bsp/microblaze_0/lib -mxl-barrel-shift -mxl-pattern-compare -mcpu=v8.50.b -mno-xl-soft-mul -Wl,--no-relax -Wl,--gc-sections -o "mario.elf"  ./src/cam_ctrl.o ./src/main.o ./src/platform.o ./src/vmodcam_cfg.o   -Wl,--start-group,-lxil,-lgcc,-lc,--end-group
Finished building target: mario.elf
 
Invoking: MicroBlaze Print Size
mb-size mario.elf  |tee "mario.elf.size"
   text	   data	    bss	    dec	    hex	filename
   8368	    344	   2200	  10912	   2aa0	mario.elf
Finished building: mario.elf.size
 
Invoking: Xilinx ELF Check
elfcheck mario.elf -hw ../../proj_hw_platform/system.xml -pe microblaze_0  |tee "mario.elf.elfcheck"
elfcheck
Xilinx EDK 2013.2 Build EDK_P.68d
Copyright (c) 1995-2012 Xilinx, Inc.  All rights reserved.

Command Line: elfcheck -hw ../../proj_hw_platform/system.xml -pe microblaze_0
mario.elf 

ELF file	: mario.elf
elfcheck passed.
Finished building: mario.elf.elfcheck
 
14:38:15 **** Auto Build of configuration Debug for project mario ****
make all 
Building file: ../src/main.c
Invoking: MicroBlaze gcc compiler
mb-gcc -Wall -O0 -g3 -c -fmessage-length=0 -I../../mario_bsp/microblaze_0/include -mxl-barrel-shift -mxl-pattern-compare -mcpu=v8.50.b -mno-xl-soft-mul -Wl,--no-relax -ffunction-sections -fdata-sections -MMD -MP -MF"src/main.d" -MT"src/main.d" -o "src/main.o" "../src/main.c"
../src/main.c: In function 'SpiPoll':
../src/main.c:37:5: warning: unused variable 'Test' [-Wunused-variable]
Finished building: ../src/main.c
 
Building target: mario.elf
Invoking: MicroBlaze gcc linker
mb-gcc -Wl,-T -Wl,../src/lscript.ld -L../../mario_bsp/microblaze_0/lib -mxl-barrel-shift -mxl-pattern-compare -mcpu=v8.50.b -mno-xl-soft-mul -Wl,--no-relax -Wl,--gc-sections -o "mario.elf"  ./src/cam_ctrl.o ./src/main.o ./src/platform.o ./src/vmodcam_cfg.o   -Wl,--start-group,-lxil,-lgcc,-lc,--end-group
Finished building target: mario.elf
 
Invoking: MicroBlaze Print Size
mb-size mario.elf  |tee "mario.elf.size"
   text	   data	    bss	    dec	    hex	filename
   8368	    344	   2200	  10912	   2aa0	mario.elf
Finished building: mario.elf.size
 
Invoking: Xilinx ELF Check
elfcheck mario.elf -hw ../../proj_hw_platform/system.xml -pe microblaze_0  |tee "mario.elf.elfcheck"
elfcheck
Xilinx EDK 2013.2 Build EDK_P.68d
Copyright (c) 1995-2012 Xilinx, Inc.  All rights reserved.

Command Line: elfcheck -hw ../../proj_hw_platform/system.xml -pe microblaze_0
mario.elf 

ELF file	: mario.elf
elfcheck passed.
Finished building: mario.elf.elfcheck
 
14:38:18 **** Incremental Build of configuration Debug for project mario ****
make all 
make: Nothing to be done for `all'.
14:38:30 **** Incremental Build of configuration Debug for project mario ****
make all 
make: Nothing to be done for `all'.
14:39:49 **** Auto Build of configuration Debug for project mario ****
make all 
Building file: ../src/main.c
Invoking: MicroBlaze gcc compiler
mb-gcc -Wall -O0 -g3 -c -fmessage-length=0 -I../../mario_bsp/microblaze_0/include -mxl-barrel-shift -mxl-pattern-compare -mcpu=v8.50.b -mno-xl-soft-mul -Wl,--no-relax -ffunction-sections -fdata-sections -MMD -MP -MF"src/main.d" -MT"src/main.d" -o "src/main.o" "../src/main.c"
../src/main.c: In function 'SpiPoll':
../src/main.c:37:5: warning: unused variable 'Test' [-Wunused-variable]
Finished building: ../src/main.c
 
Building target: mario.elf
Invoking: MicroBlaze gcc linker
mb-gcc -Wl,-T -Wl,../src/lscript.ld -L../../mario_bsp/microblaze_0/lib -mxl-barrel-shift -mxl-pattern-compare -mcpu=v8.50.b -mno-xl-soft-mul -Wl,--no-relax -Wl,--gc-sections -o "mario.elf"  ./src/cam_ctrl.o ./src/main.o ./src/platform.o ./src/vmodcam_cfg.o   -Wl,--start-group,-lxil,-lgcc,-lc,--end-group
Finished building target: mario.elf
 
Invoking: MicroBlaze Print Size
mb-size mario.elf  |tee "mario.elf.size"
   text	   data	    bss	    dec	    hex	filename
   8372	    344	   2204	  10920	   2aa8	mario.elf
Finished building: mario.elf.size
 
Invoking: Xilinx ELF Check
elfcheck mario.elf -hw ../../proj_hw_platform/system.xml -pe microblaze_0  |tee "mario.elf.elfcheck"
elfcheck
Xilinx EDK 2013.2 Build EDK_P.68d
Copyright (c) 1995-2012 Xilinx, Inc.  All rights reserved.

Command Line: elfcheck -hw ../../proj_hw_platform/system.xml -pe microblaze_0
mario.elf 

ELF file	: mario.elf
elfcheck passed.
Finished building: mario.elf.elfcheck
 
14:40:47 **** Auto Build of configuration Debug for project mario ****
make all 
Building file: ../src/main.c
Invoking: MicroBlaze gcc compiler
mb-gcc -Wall -O0 -g3 -c -fmessage-length=0 -I../../mario_bsp/microblaze_0/include -mxl-barrel-shift -mxl-pattern-compare -mcpu=v8.50.b -mno-xl-soft-mul -Wl,--no-relax -ffunction-sections -fdata-sections -MMD -MP -MF"src/main.d" -MT"src/main.d" -o "src/main.o" "../src/main.c"
../src/main.c: In function 'SpiPoll':
../src/main.c:37:5: warning: unused variable 'Test' [-Wunused-variable]
Finished building: ../src/main.c
 
Building target: mario.elf
Invoking: MicroBlaze gcc linker
mb-gcc -Wl,-T -Wl,../src/lscript.ld -L../../mario_bsp/microblaze_0/lib -mxl-barrel-shift -mxl-pattern-compare -mcpu=v8.50.b -mno-xl-soft-mul -Wl,--no-relax -Wl,--gc-sections -o "mario.elf"  ./src/cam_ctrl.o ./src/main.o ./src/platform.o ./src/vmodcam_cfg.o   -Wl,--start-group,-lxil,-lgcc,-lc,--end-group
Finished building target: mario.elf
 
Invoking: MicroBlaze Print Size
mb-size mario.elf  |tee "mario.elf.size"
   text	   data	    bss	    dec	    hex	filename
   8372	    344	   2204	  10920	   2aa8	mario.elf
Finished building: mario.elf.size
 
Invoking: Xilinx ELF Check
elfcheck mario.elf -hw ../../proj_hw_platform/system.xml -pe microblaze_0  |tee "mario.elf.elfcheck"
elfcheck
Xilinx EDK 2013.2 Build EDK_P.68d
Copyright (c) 1995-2012 Xilinx, Inc.  All rights reserved.

Command Line: elfcheck -hw ../../proj_hw_platform/system.xml -pe microblaze_0
mario.elf 

ELF file	: mario.elf
elfcheck passed.
Finished building: mario.elf.elfcheck
 
14:41:05 **** Auto Build of configuration Debug for project mario ****
make all 
Building file: ../src/main.c
Invoking: MicroBlaze gcc compiler
mb-gcc -Wall -O0 -g3 -c -fmessage-length=0 -I../../mario_bsp/microblaze_0/include -mxl-barrel-shift -mxl-pattern-compare -mcpu=v8.50.b -mno-xl-soft-mul -Wl,--no-relax -ffunction-sections -fdata-sections -MMD -MP -MF"src/main.d" -MT"src/main.d" -o "src/main.o" "../src/main.c"
../src/main.c: In function 'SpiPoll':
../src/main.c:37:5: warning: unused variable 'Test' [-Wunused-variable]
Finished building: ../src/main.c
 
Building target: mario.elf
Invoking: MicroBlaze gcc linker
mb-gcc -Wl,-T -Wl,../src/lscript.ld -L../../mario_bsp/microblaze_0/lib -mxl-barrel-shift -mxl-pattern-compare -mcpu=v8.50.b -mno-xl-soft-mul -Wl,--no-relax -Wl,--gc-sections -o "mario.elf"  ./src/cam_ctrl.o ./src/main.o ./src/platform.o ./src/vmodcam_cfg.o   -Wl,--start-group,-lxil,-lgcc,-lc,--end-group
Finished building target: mario.elf
 
Invoking: MicroBlaze Print Size
mb-size mario.elf  |tee "mario.elf.size"
   text	   data	    bss	    dec	    hex	filename
   8372	    344	   2204	  10920	   2aa8	mario.elf
Finished building: mario.elf.size
 
Invoking: Xilinx ELF Check
elfcheck mario.elf -hw ../../proj_hw_platform/system.xml -pe microblaze_0  |tee "mario.elf.elfcheck"
elfcheck
Xilinx EDK 2013.2 Build EDK_P.68d
Copyright (c) 1995-2012 Xilinx, Inc.  All rights reserved.

Command Line: elfcheck -hw ../../proj_hw_platform/system.xml -pe microblaze_0
mario.elf 

ELF file	: mario.elf
elfcheck passed.
Finished building: mario.elf.elfcheck
 
14:41:36 **** Incremental Build of configuration Debug for project mario ****
make all 
make: Nothing to be done for `all'.
14:41:47 **** Auto Build of project mario_bsp ****
make -k all 
Finished building libraries
14:41:56 **** Incremental Build of configuration Debug for project mario ****
make all 
make: Nothing to be done for `all'.
14:43:58 **** Auto Build of configuration Debug for project mario ****
make all 
Building file: ../src/main.c
Invoking: MicroBlaze gcc compiler
mb-gcc -Wall -O0 -g3 -c -fmessage-length=0 -I../../mario_bsp/microblaze_0/include -mxl-barrel-shift -mxl-pattern-compare -mcpu=v8.50.b -mno-xl-soft-mul -Wl,--no-relax -ffunction-sections -fdata-sections -MMD -MP -MF"src/main.d" -MT"src/main.d" -o "src/main.o" "../src/main.c"
../src/main.c: In function 'SpiPoll':
../src/main.c:37:5: warning: unused variable 'Test' [-Wunused-variable]
../src/main.c: In function 'main':
../src/main.c:70:11: error: 'SpiInstance' undeclared (first use in this function)
../src/main.c:70:11: note: each undeclared identifier is reported only once for each function it appears in
../src/main.c: At top level:
../src/main.c:27:14: warning: 'spi' defined but not used [-Wunused-variable]
make: *** [src/main.o] Error 1
14:44:01 **** Auto Build of configuration Debug for project mario ****
make all 
Building file: ../src/main.c
Invoking: MicroBlaze gcc compiler
mb-gcc -Wall -O0 -g3 -c -fmessage-length=0 -I../../mario_bsp/microblaze_0/include -mxl-barrel-shift -mxl-pattern-compare -mcpu=v8.50.b -mno-xl-soft-mul -Wl,--no-relax -ffunction-sections -fdata-sections -MMD -MP -MF"src/main.d" -MT"src/main.d" -o "src/main.o" "../src/main.c"
../src/main.c: In function 'SpiPoll':
../src/main.c:37:5: warning: unused variable 'Test' [-Wunused-variable]
../src/main.c: In function 'main':
../src/main.c:70:11: error: 'SpiInstance' undeclared (first use in this function)
../src/main.c:70:11: note: each undeclared identifier is reported only once for each function it appears in
../src/main.c: At top level:
../src/main.c:27:14: warning: 'spi_inst' defined but not used [-Wunused-variable]
make: *** [src/main.o] Error 1
14:44:08 **** Auto Build of configuration Debug for project mario ****
make all 
Building file: ../src/main.c
Invoking: MicroBlaze gcc compiler
mb-gcc -Wall -O0 -g3 -c -fmessage-length=0 -I../../mario_bsp/microblaze_0/include -mxl-barrel-shift -mxl-pattern-compare -mcpu=v8.50.b -mno-xl-soft-mul -Wl,--no-relax -ffunction-sections -fdata-sections -MMD -MP -MF"src/main.d" -MT"src/main.d" -o "src/main.o" "../src/main.c"
../src/main.c: In function 'SpiPoll':
../src/main.c:37:5: warning: unused variable 'Test' [-Wunused-variable]
Finished building: ../src/main.c
 
Building target: mario.elf
Invoking: MicroBlaze gcc linker
mb-gcc -Wl,-T -Wl,../src/lscript.ld -L../../mario_bsp/microblaze_0/lib -mxl-barrel-shift -mxl-pattern-compare -mcpu=v8.50.b -mno-xl-soft-mul -Wl,--no-relax -Wl,--gc-sections -o "mario.elf"  ./src/cam_ctrl.o ./src/main.o ./src/platform.o ./src/vmodcam_cfg.o   -Wl,--start-group,-lxil,-lgcc,-lc,--end-group
Finished building target: mario.elf
 
Invoking: MicroBlaze Print Size
mb-size mario.elf  |tee "mario.elf.size"
   text	   data	    bss	    dec	    hex	filename
   8372	    344	   2204	  10920	   2aa8	mario.elf
Finished building: mario.elf.size
 
Invoking: Xilinx ELF Check
elfcheck mario.elf -hw ../../proj_hw_platform/system.xml -pe microblaze_0  |tee "mario.elf.elfcheck"
elfcheck
Xilinx EDK 2013.2 Build EDK_P.68d
Copyright (c) 1995-2012 Xilinx, Inc.  All rights reserved.

Command Line: elfcheck -hw ../../proj_hw_platform/system.xml -pe microblaze_0
mario.elf 

ELF file	: mario.elf
elfcheck passed.
Finished building: mario.elf.elfcheck
 
14:44:12 **** Incremental Build of configuration Debug for project mario ****
make all 
make: Nothing to be done for `all'.
14:44:20 **** Incremental Build of configuration Debug for project mario ****
make all 
make: Nothing to be done for `all'.
15:00:06 **** Auto Build of project mario_bsp ****
make -k all 
Finished building libraries
15:00:55 **** Auto Build of project mario_bsp ****
make -k all 
libgen -hw ../proj_hw_platform/system.xml\
	       \
	       -pe microblaze_0 \
	       -log libgen.log \
	       system.mss
libgen
Xilinx EDK 14.6 Build EDK_P.68d
Copyright (c) 1995-2012 Xilinx, Inc.  All rights reserved.

Command Line: libgen -hw ../proj_hw_platform/system.xml -pe microblaze_0 -log
libgen.log system.mss 


Staging source files.
Running DRCs.
Running generate.
Running post_generate.
Running include - 'make -s include "COMPILER=mb-gcc" "ARCHIVER=mb-ar"
"COMPILER_FLAGS=-mno-xl-soft-mul -mxl-barrel-shift -mxl-pattern-compare
-mcpu=v8.50.b  -O2 -c" "EXTRA_COMPILER_FLAGS=-g -ffunction-sections
-fdata-sections"'.

Running libs - 'make -s libs "COMPILER=mb-gcc" "ARCHIVER=mb-ar"
"COMPILER_FLAGS=-mno-xl-soft-mul -mxl-barrel-shift -mxl-pattern-compare
-mcpu=v8.50.b  -O2 -c" "EXTRA_COMPILER_FLAGS=-g -ffunction-sections
-fdata-sections"'.
Compiling common
Compiling lldma
Compiling standalone
Compiling gpio
Compiling iic
Compiling mpmc
Compiling bram
Compiling uartlite
Compiling intc
Compiling spi
Compiling tmrctr
Compiling cpu
Running execs_generate.
Finished building libraries
15:01:13 **** Auto Build of configuration Debug for project mario ****
make all 
make: Nothing to be done for `all'.
15:02:38 **** Incremental Build of configuration Debug for project mario ****
make all 
make: Nothing to be done for `all'.
15:03:19 **** Auto Build of configuration Debug for project mario ****
make all 
Building file: ../src/main.c
Invoking: MicroBlaze gcc compiler
mb-gcc -Wall -O0 -g3 -c -fmessage-length=0 -I../../mario_bsp/microblaze_0/include -mxl-barrel-shift -mxl-pattern-compare -mcpu=v8.50.b -mno-xl-soft-mul -Wl,--no-relax -ffunction-sections -fdata-sections -MMD -MP -MF"src/main.d" -MT"src/main.d" -o "src/main.o" "../src/main.c"
../src/main.c: In function 'SpiPoll':
../src/main.c:37:5: warning: unused variable 'Test' [-Wunused-variable]
Finished building: ../src/main.c
 
Building target: mario.elf
Invoking: MicroBlaze gcc linker
mb-gcc -Wl,-T -Wl,../src/lscript.ld -L../../mario_bsp/microblaze_0/lib -mxl-barrel-shift -mxl-pattern-compare -mcpu=v8.50.b -mno-xl-soft-mul -Wl,--no-relax -Wl,--gc-sections -o "mario.elf"  ./src/cam_ctrl.o ./src/main.o ./src/platform.o ./src/vmodcam_cfg.o   -Wl,--start-group,-lxil,-lgcc,-lc,--end-group
Finished building target: mario.elf
 
Invoking: MicroBlaze Print Size
mb-size mario.elf  |tee "mario.elf.size"
   text	   data	    bss	    dec	    hex	filename
   8372	    344	   2204	  10920	   2aa8	mario.elf
Finished building: mario.elf.size
 
Invoking: Xilinx ELF Check
elfcheck mario.elf -hw ../../proj_hw_platform/system.xml -pe microblaze_0  |tee "mario.elf.elfcheck"
elfcheck
Xilinx EDK 14.6 Build EDK_P.68d
Copyright (c) 1995-2012 Xilinx, Inc.  All rights reserved.

Command Line: elfcheck -hw ../../proj_hw_platform/system.xml -pe microblaze_0
mario.elf 

ELF file	: mario.elf
elfcheck passed.
Finished building: mario.elf.elfcheck
 
15:04:14 **** Auto Build of configuration Debug for project mario ****
make all 
Building file: ../src/main.c
Invoking: MicroBlaze gcc compiler
mb-gcc -Wall -O0 -g3 -c -fmessage-length=0 -I../../mario_bsp/microblaze_0/include -mxl-barrel-shift -mxl-pattern-compare -mcpu=v8.50.b -mno-xl-soft-mul -Wl,--no-relax -ffunction-sections -fdata-sections -MMD -MP -MF"src/main.d" -MT"src/main.d" -o "src/main.o" "../src/main.c"
../src/main.c: In function 'SpiPoll':
../src/main.c:48:2: error: expected expression before 'if'
../src/main.c:37:5: warning: unused variable 'Test' [-Wunused-variable]
../src/main.c:35:6: warning: variable 'status' set but not used [-Wunused-but-set-variable]
make: *** [src/main.o] Error 1
15:04:34 **** Auto Build of configuration Debug for project mario ****
make all 
Building file: ../src/main.c
Invoking: MicroBlaze gcc compiler
mb-gcc -Wall -O0 -g3 -c -fmessage-length=0 -I../../mario_bsp/microblaze_0/include -mxl-barrel-shift -mxl-pattern-compare -mcpu=v8.50.b -mno-xl-soft-mul -Wl,--no-relax -ffunction-sections -fdata-sections -MMD -MP -MF"src/main.d" -MT"src/main.d" -o "src/main.o" "../src/main.c"
../src/main.c: In function 'SpiPoll':
../src/main.c:48:2: error: expected expression before 'if'
../src/main.c:37:5: warning: unused variable 'Test' [-Wunused-variable]
../src/main.c:35:6: warning: variable 'status' set but not used [-Wunused-but-set-variable]
make: *** [src/main.o] Error 1
15:05:30 **** Auto Build of configuration Debug for project mario ****
make all 
Building file: ../src/main.c
Invoking: MicroBlaze gcc compiler
mb-gcc -Wall -O0 -g3 -c -fmessage-length=0 -I../../mario_bsp/microblaze_0/include -mxl-barrel-shift -mxl-pattern-compare -mcpu=v8.50.b -mno-xl-soft-mul -Wl,--no-relax -ffunction-sections -fdata-sections -MMD -MP -MF"src/main.d" -MT"src/main.d" -o "src/main.o" "../src/main.c"
../src/main.c: In function 'SpiPoll':
../src/main.c:47:2: error: too few arguments to function 'XSpi_Initialize'
../../mario_bsp/microblaze_0/include/xspi.h:792:5: note: declared here
../src/main.c:48:2: error: expected ';' before 'if'
../src/main.c:37:5: warning: unused variable 'Test' [-Wunused-variable]
../src/main.c:35:6: warning: variable 'status' set but not used [-Wunused-but-set-variable]
make: *** [src/main.o] Error 1
15:05:59 **** Auto Build of configuration Debug for project mario ****
make all 
Building file: ../src/main.c
Invoking: MicroBlaze gcc compiler
mb-gcc -Wall -O0 -g3 -c -fmessage-length=0 -I../../mario_bsp/microblaze_0/include -mxl-barrel-shift -mxl-pattern-compare -mcpu=v8.50.b -mno-xl-soft-mul -Wl,--no-relax -ffunction-sections -fdata-sections -MMD -MP -MF"src/main.d" -MT"src/main.d" -o "src/main.o" "../src/main.c"
../src/main.c: In function 'SpiPoll':
../src/main.c:47:2: error: too few arguments to function 'XSpi_Initialize'
../../mario_bsp/microblaze_0/include/xspi.h:792:5: note: declared here
../src/main.c:48:2: error: expected ';' before 'if'
../src/main.c:37:5: warning: unused variable 'Test' [-Wunused-variable]
../src/main.c:35:6: warning: variable 'status' set but not used [-Wunused-but-set-variable]
make: *** [src/main.o] Error 1
15:06:10 **** Auto Build of configuration Debug for project mario ****
make all 
Building file: ../src/main.c
Invoking: MicroBlaze gcc compiler
mb-gcc -Wall -O0 -g3 -c -fmessage-length=0 -I../../mario_bsp/microblaze_0/include -mxl-barrel-shift -mxl-pattern-compare -mcpu=v8.50.b -mno-xl-soft-mul -Wl,--no-relax -ffunction-sections -fdata-sections -MMD -MP -MF"src/main.d" -MT"src/main.d" -o "src/main.o" "../src/main.c"
../src/main.c: In function 'SpiPoll':
../src/main.c:47:2: error: too few arguments to function 'XSpi_Initialize'
../../mario_bsp/microblaze_0/include/xspi.h:792:5: note: declared here
../src/main.c:48:2: error: expected ';' before 'if'
../src/main.c:37:5: warning: unused variable 'Test' [-Wunused-variable]
../src/main.c:35:6: warning: variable 'status' set but not used [-Wunused-but-set-variable]
../src/main.c: In function 'main':
../src/main.c:72:11: error: 'SPIINST' undeclared (first use in this function)
../src/main.c:72:11: note: each undeclared identifier is reported only once for each function it appears in
../src/main.c: At top level:
../src/main.c:27:14: warning: 'spi_inst' defined but not used [-Wunused-variable]
make: *** [src/main.o] Error 1
15:06:22 **** Auto Build of configuration Debug for project mario ****
make all 
Building file: ../src/main.c
Invoking: MicroBlaze gcc compiler
mb-gcc -Wall -O0 -g3 -c -fmessage-length=0 -I../../mario_bsp/microblaze_0/include -mxl-barrel-shift -mxl-pattern-compare -mcpu=v8.50.b -mno-xl-soft-mul -Wl,--no-relax -ffunction-sections -fdata-sections -MMD -MP -MF"src/main.d" -MT"src/main.d" -o "src/main.o" "../src/main.c"
../src/main.c: In function 'SpiPoll':
../src/main.c:47:2: error: too few arguments to function 'XSpi_Initialize'
../../mario_bsp/microblaze_0/include/xspi.h:792:5: note: declared here
../src/main.c:48:2: error: expected ';' before 'if'
../src/main.c:37:5: warning: unused variable 'Test' [-Wunused-variable]
../src/main.c:35:6: warning: variable 'status' set but not used [-Wunused-but-set-variable]
make: *** [src/main.o] Error 1
15:06:37 **** Auto Build of configuration Debug for project mario ****
make all 
Building file: ../src/main.c
Invoking: MicroBlaze gcc compiler
mb-gcc -Wall -O0 -g3 -c -fmessage-length=0 -I../../mario_bsp/microblaze_0/include -mxl-barrel-shift -mxl-pattern-compare -mcpu=v8.50.b -mno-xl-soft-mul -Wl,--no-relax -ffunction-sections -fdata-sections -MMD -MP -MF"src/main.d" -MT"src/main.d" -o "src/main.o" "../src/main.c"
../src/main.c: In function 'SpiPoll':
../src/main.c:37:5: warning: unused variable 'Test' [-Wunused-variable]
Finished building: ../src/main.c
 
Building target: mario.elf
Invoking: MicroBlaze gcc linker
mb-gcc -Wl,-T -Wl,../src/lscript.ld -L../../mario_bsp/microblaze_0/lib -mxl-barrel-shift -mxl-pattern-compare -mcpu=v8.50.b -mno-xl-soft-mul -Wl,--no-relax -Wl,--gc-sections -o "mario.elf"  ./src/cam_ctrl.o ./src/main.o ./src/platform.o ./src/vmodcam_cfg.o   -Wl,--start-group,-lxil,-lgcc,-lc,--end-group
Finished building target: mario.elf
 
Invoking: MicroBlaze Print Size
mb-size mario.elf  |tee "mario.elf.size"
   text	   data	    bss	    dec	    hex	filename
   8520	    344	   2200	  11064	   2b38	mario.elf
Finished building: mario.elf.size
 
Invoking: Xilinx ELF Check
elfcheck mario.elf -hw ../../proj_hw_platform/system.xml -pe microblaze_0  |tee "mario.elf.elfcheck"
elfcheck
Xilinx EDK 14.6 Build EDK_P.68d
Copyright (c) 1995-2012 Xilinx, Inc.  All rights reserved.

Command Line: elfcheck -hw ../../proj_hw_platform/system.xml -pe microblaze_0
mario.elf 

ELF file	: mario.elf
elfcheck passed.
Finished building: mario.elf.elfcheck
 
15:07:17 **** Auto Build of configuration Debug for project mario ****
make all 
Building file: ../src/main.c
Invoking: MicroBlaze gcc compiler
mb-gcc -Wall -O0 -g3 -c -fmessage-length=0 -I../../mario_bsp/microblaze_0/include -mxl-barrel-shift -mxl-pattern-compare -mcpu=v8.50.b -mno-xl-soft-mul -Wl,--no-relax -ffunction-sections -fdata-sections -MMD -MP -MF"src/main.d" -MT"src/main.d" -o "src/main.o" "../src/main.c"
../src/main.c: In function 'SpiPoll':
../src/main.c:37:5: warning: unused variable 'Test' [-Wunused-variable]
Finished building: ../src/main.c
 
Building target: mario.elf
Invoking: MicroBlaze gcc linker
mb-gcc -Wl,-T -Wl,../src/lscript.ld -L../../mario_bsp/microblaze_0/lib -mxl-barrel-shift -mxl-pattern-compare -mcpu=v8.50.b -mno-xl-soft-mul -Wl,--no-relax -Wl,--gc-sections -o "mario.elf"  ./src/cam_ctrl.o ./src/main.o ./src/platform.o ./src/vmodcam_cfg.o   -Wl,--start-group,-lxil,-lgcc,-lc,--end-group
Finished building target: mario.elf
 
Invoking: MicroBlaze Print Size
mb-size mario.elf  |tee "mario.elf.size"
   text	   data	    bss	    dec	    hex	filename
   8556	    344	   2204	  11104	   2b60	mario.elf
Finished building: mario.elf.size
 
Invoking: Xilinx ELF Check
elfcheck mario.elf -hw ../../proj_hw_platform/system.xml -pe microblaze_0  |tee "mario.elf.elfcheck"
elfcheck
Xilinx EDK 14.6 Build EDK_P.68d
Copyright (c) 1995-2012 Xilinx, Inc.  All rights reserved.

Command Line: elfcheck -hw ../../proj_hw_platform/system.xml -pe microblaze_0
mario.elf 

ELF file	: mario.elf
elfcheck passed.
Finished building: mario.elf.elfcheck
 
15:07:21 **** Incremental Build of configuration Debug for project mario ****
make all 
make: Nothing to be done for `all'.
15:11:40 **** Incremental Build of configuration Debug for project mario ****
make all 
make: Nothing to be done for `all'.
15:22:39 **** Auto Build of project mario_bsp ****
make -k all 
Finished building libraries
15:22:44 **** Auto Build of configuration Debug for project mario ****
make all 
make: Nothing to be done for `all'.
15:24:52 **** Auto Build of project mario_bsp ****
make -k all 
Finished building libraries
15:25:26 **** Incremental Build of configuration Debug for project mario ****
make all 
make: Nothing to be done for `all'.
15:25:27 **** Incremental Build of configuration Debug for project mario ****
make all 
make: Nothing to be done for `all'.
15:26:05 **** Incremental Build of configuration Debug for project mario ****
make all 
make: Nothing to be done for `all'.
15:26:37 **** Incremental Build of configuration Debug for project mario ****
make all 
make: Nothing to be done for `all'.
15:26:48 **** Incremental Build of configuration Debug for project mario ****
make all 
make: Nothing to be done for `all'.
15:27:20 **** Auto Build of project mario_bsp ****
make -k all 
Finished building libraries
15:27:24 **** Incremental Build of configuration Debug for project mario ****
make all 
make: Nothing to be done for `all'.
15:28:13 **** Auto Build of configuration Debug for project mario ****
make all 
Building file: ../src/main.c
Invoking: MicroBlaze gcc compiler
mb-gcc -Wall -O0 -g3 -c -fmessage-length=0 -I../../mario_bsp/microblaze_0/include -mxl-barrel-shift -mxl-pattern-compare -mcpu=v8.50.b -mno-xl-soft-mul -Wl,--no-relax -ffunction-sections -fdata-sections -MMD -MP -MF"src/main.d" -MT"src/main.d" -o "src/main.o" "../src/main.c"
../src/main.c: In function 'SpiPoll':
../src/main.c:37:5: warning: unused variable 'Test' [-Wunused-variable]
Finished building: ../src/main.c
 
Building target: mario.elf
Invoking: MicroBlaze gcc linker
mb-gcc -Wl,-T -Wl,../src/lscript.ld -L../../mario_bsp/microblaze_0/lib -mxl-barrel-shift -mxl-pattern-compare -mcpu=v8.50.b -mno-xl-soft-mul -Wl,--no-relax -Wl,--gc-sections -o "mario.elf"  ./src/cam_ctrl.o ./src/main.o ./src/platform.o ./src/vmodcam_cfg.o   -Wl,--start-group,-lxil,-lgcc,-lc,--end-group
Finished building target: mario.elf
 
Invoking: MicroBlaze Print Size
mb-size mario.elf  |tee "mario.elf.size"
   text	   data	    bss	    dec	    hex	filename
   8560	    344	   2200	  11104	   2b60	mario.elf
Finished building: mario.elf.size
 
Invoking: Xilinx ELF Check
elfcheck mario.elf -hw ../../proj_hw_platform/system.xml -pe microblaze_0  |tee "mario.elf.elfcheck"
elfcheck
Xilinx EDK 2013.2 Build EDK_P.68d
Copyright (c) 1995-2012 Xilinx, Inc.  All rights reserved.

Command Line: elfcheck -hw ../../proj_hw_platform/system.xml -pe microblaze_0
mario.elf 

ELF file	: mario.elf
elfcheck passed.
Finished building: mario.elf.elfcheck
 
15:28:18 **** Incremental Build of configuration Debug for project mario ****
make all 
make: Nothing to be done for `all'.
15:28:38 **** Incremental Build of configuration Debug for project mario ****
make all 
make: Nothing to be done for `all'.
15:35:10 **** Auto Build of configuration Debug for project mario ****
make all 
Building file: ../src/main.c
Invoking: MicroBlaze gcc compiler
mb-gcc -Wall -O0 -g3 -c -fmessage-length=0 -I../../mario_bsp/microblaze_0/include -mxl-barrel-shift -mxl-pattern-compare -mcpu=v8.50.b -mno-xl-soft-mul -Wl,--no-relax -ffunction-sections -fdata-sections -MMD -MP -MF"src/main.d" -MT"src/main.d" -o "src/main.o" "../src/main.c"
../src/main.c: In function 'SpiPoll':
../src/main.c:37:5: warning: unused variable 'Test' [-Wunused-variable]
Finished building: ../src/main.c
 
Building target: mario.elf
Invoking: MicroBlaze gcc linker
mb-gcc -Wl,-T -Wl,../src/lscript.ld -L../../mario_bsp/microblaze_0/lib -mxl-barrel-shift -mxl-pattern-compare -mcpu=v8.50.b -mno-xl-soft-mul -Wl,--no-relax -Wl,--gc-sections -o "mario.elf"  ./src/cam_ctrl.o ./src/main.o ./src/platform.o ./src/vmodcam_cfg.o   -Wl,--start-group,-lxil,-lgcc,-lc,--end-group
Finished building target: mario.elf
 
Invoking: MicroBlaze Print Size
mb-size mario.elf  |tee "mario.elf.size"
   text	   data	    bss	    dec	    hex	filename
   8560	    344	   2200	  11104	   2b60	mario.elf
Finished building: mario.elf.size
 
Invoking: Xilinx ELF Check
elfcheck mario.elf -hw ../../proj_hw_platform/system.xml -pe microblaze_0  |tee "mario.elf.elfcheck"
elfcheck
Xilinx EDK 2013.2 Build EDK_P.68d
Copyright (c) 1995-2012 Xilinx, Inc.  All rights reserved.

Command Line: elfcheck -hw ../../proj_hw_platform/system.xml -pe microblaze_0
mario.elf 

ELF file	: mario.elf
elfcheck passed.
Finished building: mario.elf.elfcheck
 
15:35:14 **** Incremental Build of configuration Debug for project mario ****
make all 
make: Nothing to be done for `all'.
15:35:24 **** Auto Build of configuration Debug for project mario ****
make all 
Building file: ../src/main.c
Invoking: MicroBlaze gcc compiler
mb-gcc -Wall -O0 -g3 -c -fmessage-length=0 -I../../mario_bsp/microblaze_0/include -mxl-barrel-shift -mxl-pattern-compare -mcpu=v8.50.b -mno-xl-soft-mul -Wl,--no-relax -ffunction-sections -fdata-sections -MMD -MP -MF"src/main.d" -MT"src/main.d" -o "src/main.o" "../src/main.c"
../src/main.c: In function 'SpiPoll':
../src/main.c:37:5: warning: unused variable 'Test' [-Wunused-variable]
Finished building: ../src/main.c
 
Building target: mario.elf
Invoking: MicroBlaze gcc linker
mb-gcc -Wl,-T -Wl,../src/lscript.ld -L../../mario_bsp/microblaze_0/lib -mxl-barrel-shift -mxl-pattern-compare -mcpu=v8.50.b -mno-xl-soft-mul -Wl,--no-relax -Wl,--gc-sections -o "mario.elf"  ./src/cam_ctrl.o ./src/main.o ./src/platform.o ./src/vmodcam_cfg.o   -Wl,--start-group,-lxil,-lgcc,-lc,--end-group
Finished building target: mario.elf
 
Invoking: MicroBlaze Print Size
mb-size mario.elf  |tee "mario.elf.size"
   text	   data	    bss	    dec	    hex	filename
   8560	    344	   2200	  11104	   2b60	mario.elf
Finished building: mario.elf.size
 
Invoking: Xilinx ELF Check
elfcheck mario.elf -hw ../../proj_hw_platform/system.xml -pe microblaze_0  |tee "mario.elf.elfcheck"
elfcheck
Xilinx EDK 2013.2 Build EDK_P.68d
Copyright (c) 1995-2012 Xilinx, Inc.  All rights reserved.

[...]
../src/main.c: In function 'main':
../src/main.c:214:6: warning: unused variable 'color' [-Wunused-variable]
../src/main.c: At top level:
../src/main.c:32:13: warning: 'SPIINST' defined but not used [-Wunused-variable]
Finished building: ../src/main.c
 
Building file: ../src/platform.c
Invoking: MicroBlaze gcc compiler
mb-gcc -Wall -O0 -g3 -c -fmessage-length=0 -I../../mario_bsp/microblaze_0/include -mxl-barrel-shift -mxl-pattern-compare -mcpu=v8.50.b -mno-xl-soft-mul -Wl,--no-relax -ffunction-sections -fdata-sections -MMD -MP -MF"src/platform.d" -MT"src/platform.d" -o "src/platform.o" "../src/platform.c"
Finished building: ../src/platform.c
 
Building file: ../src/pmodACL.c
Invoking: MicroBlaze gcc compiler
mb-gcc -Wall -O0 -g3 -c -fmessage-length=0 -I../../mario_bsp/microblaze_0/include -mxl-barrel-shift -mxl-pattern-compare -mcpu=v8.50.b -mno-xl-soft-mul -Wl,--no-relax -ffunction-sections -fdata-sections -MMD -MP -MF"src/pmodACL.d" -MT"src/pmodACL.d" -o "src/pmodACL.o" "../src/pmodACL.c"
../src/pmodACL.c:23:1: warning: excess elements in struct initializer [enabled by default]
../src/pmodACL.c:23:1: warning: (near initialization for 'XSpi_ACLConfig') [enabled by default]
../src/pmodACL.c: In function 'SetGRange':
../src/pmodACL.c:435:5: warning: unused variable 'bResult' [-Wunused-variable]
../src/pmodACL.c: In function 'CalibrateOneAxisGravitational':
../src/pmodACL.c:642:3: warning: implicit declaration of function 'usleep' [-Wimplicit-function-declaration]
Finished building: ../src/pmodACL.c
 
Building file: ../src/pmodGYRO.c
Invoking: MicroBlaze gcc compiler
mb-gcc -Wall -O0 -g3 -c -fmessage-length=0 -I../../mario_bsp/microblaze_0/include -mxl-barrel-shift -mxl-pattern-compare -mcpu=v8.50.b -mno-xl-soft-mul -Wl,--no-relax -ffunction-sections -fdata-sections -MMD -MP -MF"src/pmodGYRO.d" -MT"src/pmodGYRO.d" -o "src/pmodGYRO.o" "../src/pmodGYRO.c"
../src/pmodGYRO.c:57:1: warning: excess elements in struct initializer [enabled by default]
../src/pmodGYRO.c:57:1: warning: (near initialization for 'GYROConfig') [enabled by default]
../src/pmodGYRO.c: In function 'GYRO_begin':
../src/pmodGYRO.c:530:1: warning: control reaches end of non-void function [-Wreturn-type]
Finished building: ../src/pmodGYRO.c
 
Building file: ../src/vmodcam_cfg.c
Invoking: MicroBlaze gcc compiler
mb-gcc -Wall -O0 -g3 -c -fmessage-length=0 -I../../mario_bsp/microblaze_0/include -mxl-barrel-shift -mxl-pattern-compare -mcpu=v8.50.b -mno-xl-soft-mul -Wl,--no-relax -ffunction-sections -fdata-sections -MMD -MP -MF"src/vmodcam_cfg.d" -MT"src/vmodcam_cfg.d" -o "src/vmodcam_cfg.o" "../src/vmodcam_cfg.c"
../src/vmodcam_cfg.c: In function 'CamIicCfg':
../src/vmodcam_cfg.c:102:2: warning: implicit declaration of function 'CamIicSetupPLL' [-Wimplicit-function-declaration]
../src/vmodcam_cfg.c: In function 'CamIicSingleRead':
../src/vmodcam_cfg.c:334:6: warning: unused variable 'lCamIicReadHeader' [-Wunused-variable]
../src/vmodcam_cfg.c: In function 'CamIicSingleWrite':
../src/vmodcam_cfg.c:392:3: warning: 'return' with no value, in function returning non-void [-Wreturn-type]
../src/vmodcam_cfg.c:388:6: warning: unused variable 'cWriteBytes' [-Wunused-variable]
../src/vmodcam_cfg.c:387:6: warning: unused variable 'lCamIicRegData' [-Wunused-variable]
../src/vmodcam_cfg.c: In function 'ClearScreen':
../src/vmodcam_cfg.c:475:2: warning: 'return' with a value, in function returning void [enabled by default]
../src/vmodcam_cfg.c: In function 'CamIicInit':
../src/vmodcam_cfg.c:306:1: warning: control reaches end of non-void function [-Wreturn-type]
../src/vmodcam_cfg.c: In function 'CamIicPowerUp':
../src/vmodcam_cfg.c:168:1: warning: control reaches end of non-void function [-Wreturn-type]
../src/vmodcam_cfg.c: In function 'CamIicSetupPLL':
../src/vmodcam_cfg.c:140:1: warning: control reaches end of non-void function [-Wreturn-type]
Finished building: ../src/vmodcam_cfg.c
 
Building target: mario.elf
Invoking: MicroBlaze gcc linker
mb-gcc -Wl,-T -Wl,../src/lscript.ld -L../../mario_bsp/microblaze_0/lib -mxl-barrel-shift -mxl-pattern-compare -mcpu=v8.50.b -mno-xl-soft-mul -Wl,--no-relax -Wl,--gc-sections -o "mario.elf"  ./src/cam_ctrl.o ./src/main.o ./src/platform.o ./src/pmodACL.o ./src/pmodGYRO.o ./src/vmodcam_cfg.o   -Wl,--start-group,-lxil,-lgcc,-lc,--end-group
Finished building target: mario.elf
 
Invoking: MicroBlaze Print Size
mb-size mario.elf  |tee "mario.elf.size"
   text	   data	    bss	    dec	    hex	filename
   9246	    316	   2080	  11642	   2d7a	mario.elf
Finished building: mario.elf.size
 
Invoking: Xilinx ELF Check
elfcheck mario.elf -hw ../../proj_hw_platform/system.xml -pe microblaze_0  |tee "mario.elf.elfcheck"
elfcheck
Xilinx EDK 2013.2 Build EDK_P.68d
Copyright (c) 1995-2012 Xilinx, Inc.  All rights reserved.

Command Line: elfcheck -hw ../../proj_hw_platform/system.xml -pe microblaze_0
mario.elf 

ELF file	: mario.elf
elfcheck passed.
Finished building: mario.elf.elfcheck
 
15:30:16 **** Auto Build of configuration Debug for project mario ****
make all 
Building file: ../src/main.c
Invoking: MicroBlaze gcc compiler
mb-gcc -Wall -O0 -g3 -c -fmessage-length=0 -I../../mario_bsp/microblaze_0/include -mxl-barrel-shift -mxl-pattern-compare -mcpu=v8.50.b -mno-xl-soft-mul -Wl,--no-relax -ffunction-sections -fdata-sections -MMD -MP -MF"src/main.d" -MT"src/main.d" -o "src/main.o" "../src/main.c"
In file included from ../src/main.c:13:0:
../src/game_controller.h: In function 'propagateGame':
../src/game_controller.h:93:5: warning: implicit declaration of function 'playerDead' [-Wimplicit-function-declaration]
../src/game_controller.h: At top level:
../src/game_controller.h:116:6: warning: conflicting types for 'playerDead' [enabled by default]
../src/game_controller.h:93:5: note: previous implicit declaration of 'playerDead' was here
../src/main.c: In function 'spiSetup':
../src/main.c:43:5: warning: unused variable 'Test' [-Wunused-variable]
../src/main.c:42:6: warning: unused variable 'Count' [-Wunused-variable]
../src/main.c: In function 'readGyroReg':
../src/main.c:120:2: warning: passing argument 1 of 'XSpi_Transfer' from incompatible pointer type [enabled by default]
../../mario_bsp/microblaze_0/include/xspi.h:809:5: note: expected 'struct XSpi *' but argument is of type 'struct XSpi **'
../src/main.c: In function 'main':
../src/main.c:214:6: warning: unused variable 'color' [-Wunused-variable]
../src/main.c: At top level:
../src/main.c:32:13: warning: 'SPIINST' defined but not used [-Wunused-variable]
Finished building: ../src/main.c
 
Building target: mario.elf
Invoking: MicroBlaze gcc linker
mb-gcc -Wl,-T -Wl,../src/lscript.ld -L../../mario_bsp/microblaze_0/lib -mxl-barrel-shift -mxl-pattern-compare -mcpu=v8.50.b -mno-xl-soft-mul -Wl,--no-relax -Wl,--gc-sections -o "mario.elf"  ./src/cam_ctrl.o ./src/main.o ./src/platform.o ./src/pmodACL.o ./src/pmodGYRO.o ./src/vmodcam_cfg.o   -Wl,--start-group,-lxil,-lgcc,-lc,--end-group
Finished building target: mario.elf
 
Invoking: MicroBlaze Print Size
mb-size mario.elf  |tee "mario.elf.size"
   text	   data	    bss	    dec	    hex	filename
   9250	    316	   2090	  11656	   2d88	mario.elf
Finished building: mario.elf.size
 
Invoking: Xilinx ELF Check
elfcheck mario.elf -hw ../../proj_hw_platform/system.xml -pe microblaze_0  |tee "mario.elf.elfcheck"
elfcheck
Xilinx EDK 2013.2 Build EDK_P.68d
Copyright (c) 1995-2012 Xilinx, Inc.  All rights reserved.

Command Line: elfcheck -hw ../../proj_hw_platform/system.xml -pe microblaze_0
mario.elf 

ELF file	: mario.elf
elfcheck passed.
Finished building: mario.elf.elfcheck
 
15:30:20 **** Incremental Build of configuration Debug for project mario ****
make all 
make: Nothing to be done for `all'.
15:30:43 **** Auto Build of configuration Debug for project mario ****
make all 
Building file: ../src/main.c
Invoking: MicroBlaze gcc compiler
mb-gcc -Wall -O0 -g3 -c -fmessage-length=0 -I../../mario_bsp/microblaze_0/include -mxl-barrel-shift -mxl-pattern-compare -mcpu=v8.50.b -mno-xl-soft-mul -Wl,--no-relax -ffunction-sections -fdata-sections -MMD -MP -MF"src/main.d" -MT"src/main.d" -o "src/main.o" "../src/main.c"
In file included from ../src/main.c:13:0:
../src/game_controller.h: In function 'propagateGame':
../src/game_controller.h:93:5: warning: implicit declaration of function 'playerDead' [-Wimplicit-function-declaration]
../src/game_controller.h: At top level:
../src/game_controller.h:116:6: warning: conflicting types for 'playerDead' [enabled by default]
../src/game_controller.h:93:5: note: previous implicit declaration of 'playerDead' was here
../src/main.c: In function 'spiSetup':
../src/main.c:43:5: warning: unused variable 'Test' [-Wunused-variable]
../src/main.c:42:6: warning: unused variable 'Count' [-Wunused-variable]
../src/main.c: In function 'readGyroReg':
../src/main.c:120:2: warning: passing argument 1 of 'XSpi_Transfer' from incompatible pointer type [enabled by default]
../../mario_bsp/microblaze_0/include/xspi.h:809:5: note: expected 'struct XSpi *' but argument is of type 'struct XSpi **'
../src/main.c: In function 'main':
../src/main.c:214:6: warning: unused variable 'color' [-Wunused-variable]
../src/main.c: At top level:
../src/main.c:32:13: warning: 'SPIINST' defined but not used [-Wunused-variable]
Finished building: ../src/main.c
 
Building target: mario.elf
Invoking: MicroBlaze gcc linker
mb-gcc -Wl,-T -Wl,../src/lscript.ld -L../../mario_bsp/microblaze_0/lib -mxl-barrel-shift -mxl-pattern-compare -mcpu=v8.50.b -mno-xl-soft-mul -Wl,--no-relax -Wl,--gc-sections -o "mario.elf"  ./src/cam_ctrl.o ./src/main.o ./src/platform.o ./src/pmodACL.o ./src/pmodGYRO.o ./src/vmodcam_cfg.o   -Wl,--start-group,-lxil,-lgcc,-lc,--end-group
Finished building target: mario.elf
 
Invoking: MicroBlaze Print Size
mb-size mario.elf  |tee "mario.elf.size"
   text	   data	    bss	    dec	    hex	filename
   2882	    308	   2090	   5280	   14a0	mario.elf
Finished building: mario.elf.size
 
Invoking: Xilinx ELF Check
elfcheck mario.elf -hw ../../proj_hw_platform/system.xml -pe microblaze_0  |tee "mario.elf.elfcheck"
elfcheck
Xilinx EDK 2013.2 Build EDK_P.68d
Copyright (c) 1995-2012 Xilinx, Inc.  All rights reserved.

Command Line: elfcheck -hw ../../proj_hw_platform/system.xml -pe microblaze_0
mario.elf 

ELF file	: mario.elf
elfcheck passed.
Finished building: mario.elf.elfcheck
 
15:30:47 **** Incremental Build of configuration Debug for project mario ****
make all 
make: Nothing to be done for `all'.
15:31:21 **** Auto Build of configuration Debug for project mario ****
make all 
Building file: ../src/cam_ctrl.c
Invoking: MicroBlaze gcc compiler
mb-gcc -Wall -O0 -g3 -c -fmessage-length=0 -I../../mario_bsp/microblaze_0/include -mxl-barrel-shift -mxl-pattern-compare -mcpu=v8.50.b -mno-xl-soft-mul -Wl,--no-relax -ffunction-sections -fdata-sections -MMD -MP -MF"src/cam_ctrl.d" -MT"src/cam_ctrl.d" -o "src/cam_ctrl.o" "../src/cam_ctrl.c"
../src/cam_ctrl.c: In function 'CamStatus':
../src/cam_ctrl.c:124:1: warning: control reaches end of non-void function [-Wreturn-type]
Finished building: ../src/cam_ctrl.c
 
Building target: mario.elf
Invoking: MicroBlaze gcc linker
mb-gcc -Wl,-T -Wl,../src/lscript.ld -L../../mario_bsp/microblaze_0/lib -mxl-barrel-shift -mxl-pattern-compare -mcpu=v8.50.b -mno-xl-soft-mul -Wl,--no-relax -Wl,--gc-sections -o "mario.elf"  ./src/cam_ctrl.o ./src/main.o ./src/platform.o ./src/pmodACL.o ./src/pmodGYRO.o ./src/vmodcam_cfg.o   -Wl,--start-group,-lxil,-lgcc,-lc,--end-group
Finished building target: mario.elf
 
Invoking: MicroBlaze Print Size
mb-size mario.elf  |tee "mario.elf.size"
   text	   data	    bss	    dec	    hex	filename
   2882	    308	   2090	   5280	   14a0	mario.elf
Finished building: mario.elf.size
 
Invoking: Xilinx ELF Check
elfcheck mario.elf -hw ../../proj_hw_platform/system.xml -pe microblaze_0  |tee "mario.elf.elfcheck"
elfcheck
Xilinx EDK 2013.2 Build EDK_P.68d
Copyright (c) 1995-2012 Xilinx, Inc.  All rights reserved.

Command Line: elfcheck -hw ../../proj_hw_platform/system.xml -pe microblaze_0
mario.elf 

ELF file	: mario.elf
elfcheck passed.
Finished building: mario.elf.elfcheck
 
15:36:02 **** Auto Build of configuration Debug for project mario ****
make all 
Building file: ../src/main.c
Invoking: MicroBlaze gcc compiler
mb-gcc -Wall -O0 -g3 -c -fmessage-length=0 -I../../mario_bsp/microblaze_0/include -mxl-barrel-shift -mxl-pattern-compare -mcpu=v8.50.b -mno-xl-soft-mul -Wl,--no-relax -ffunction-sections -fdata-sections -MMD -MP -MF"src/main.d" -MT"src/main.d" -o "src/main.o" "../src/main.c"
In file included from ../src/main.c:13:0:
../src/game_controller.h: In function 'propagateGame':
../src/game_controller.h:93:5: warning: implicit declaration of function 'playerDead' [-Wimplicit-function-declaration]
../src/game_controller.h: At top level:
../src/game_controller.h:116:6: warning: conflicting types for 'playerDead' [enabled by default]
../src/game_controller.h:93:5: note: previous implicit declaration of 'playerDead' was here
../src/main.c: In function 'spiSetup':
../src/main.c:43:5: warning: unused variable 'Test' [-Wunused-variable]
../src/main.c:42:6: warning: unused variable 'Count' [-Wunused-variable]
../src/main.c: In function 'readGyroReg':
../src/main.c:120:2: warning: passing argument 1 of 'XSpi_Transfer' from incompatible pointer type [enabled by default]
../../mario_bsp/microblaze_0/include/xspi.h:809:5: note: expected 'struct XSpi *' but argument is of type 'struct XSpi **'
../src/main.c: In function 'main':
../src/main.c:215:2: warning: implicit declaration of function 'initgame' [-Wimplicit-function-declaration]
../src/main.c:219:6: warning: unused variable 'color' [-Wunused-variable]
../src/main.c: At top level:
../src/main.c:32:13: warning: 'SPIINST' defined but not used [-Wunused-variable]
Finished building: ../src/main.c
 
Building target: mario.elf
Invoking: MicroBlaze gcc linker
mb-gcc -Wl,-T -Wl,../src/lscript.ld -L../../mario_bsp/microblaze_0/lib -mxl-barrel-shift -mxl-pattern-compare -mcpu=v8.50.b -mno-xl-soft-mul -Wl,--no-relax -Wl,--gc-sections -o "mario.elf"  ./src/cam_ctrl.o ./src/main.o ./src/platform.o ./src/pmodACL.o ./src/pmodGYRO.o ./src/vmodcam_cfg.o   -Wl,--start-group,-lxil,-lgcc,-lc,--end-group
./src/main.o: In function `main':
C:\Users\CS152B\Documents\m152b_fall2018\mariokart2\mario\Debug/../src/main.c:215: undefined reference to `initgame'
collect2: ld returned 1 exit status
make: *** [mario.elf] Error 1
15:36:14 **** Auto Build of configuration Debug for project mario ****
make all 
Building file: ../src/main.c
Invoking: MicroBlaze gcc compiler
mb-gcc -Wall -O0 -g3 -c -fmessage-length=0 -I../../mario_bsp/microblaze_0/include -mxl-barrel-shift -mxl-pattern-compare -mcpu=v8.50.b -mno-xl-soft-mul -Wl,--no-relax -ffunction-sections -fdata-sections -MMD -MP -MF"src/main.d" -MT"src/main.d" -o "src/main.o" "../src/main.c"
In file included from ../src/main.c:13:0:
../src/game_controller.h: In function 'propagateGame':
../src/game_controller.h:93:5: warning: implicit declaration of function 'playerDead' [-Wimplicit-function-declaration]
../src/game_controller.h: At top level:
../src/game_controller.h:116:6: warning: conflicting types for 'playerDead' [enabled by default]
../src/game_controller.h:93:5: note: previous implicit declaration of 'playerDead' was here
../src/main.c: In function 'spiSetup':
../src/main.c:43:5: warning: unused variable 'Test' [-Wunused-variable]
../src/main.c:42:6: warning: unused variable 'Count' [-Wunused-variable]
../src/main.c: In function 'readGyroReg':
../src/main.c:120:2: warning: passing argument 1 of 'XSpi_Transfer' from incompatible pointer type [enabled by default]
../../mario_bsp/microblaze_0/include/xspi.h:809:5: note: expected 'struct XSpi *' but argument is of type 'struct XSpi **'
../src/main.c: In function 'main':
../src/main.c:219:6: warning: unused variable 'color' [-Wunused-variable]
../src/main.c: At top level:
../src/main.c:32:13: warning: 'SPIINST' defined but not used [-Wunused-variable]
Finished building: ../src/main.c
 
Building target: mario.elf
Invoking: MicroBlaze gcc linker
mb-gcc -Wl,-T -Wl,../src/lscript.ld -L../../mario_bsp/microblaze_0/lib -mxl-barrel-shift -mxl-pattern-compare -mcpu=v8.50.b -mno-xl-soft-mul -Wl,--no-relax -Wl,--gc-sections -o "mario.elf"  ./src/cam_ctrl.o ./src/main.o ./src/platform.o ./src/pmodACL.o ./src/pmodGYRO.o ./src/vmodcam_cfg.o   -Wl,--start-group,-lxil,-lgcc,-lc,--end-group
Finished building target: mario.elf
 
Invoking: MicroBlaze Print Size
mb-size mario.elf  |tee "mario.elf.size"
   text	   data	    bss	    dec	    hex	filename
   4170	    308	  12106	  16584	   40c8	mario.elf
Finished building: mario.elf.size
 
Invoking: Xilinx ELF Check
elfcheck mario.elf -hw ../../proj_hw_platform/system.xml -pe microblaze_0  |tee "mario.elf.elfcheck"
elfcheck
Xilinx EDK 2013.2 Build EDK_P.68d
Copyright (c) 1995-2012 Xilinx, Inc.  All rights reserved.

Command Line: elfcheck -hw ../../proj_hw_platform/system.xml -pe microblaze_0
mario.elf 

ELF file	: mario.elf
elfcheck passed.
Finished building: mario.elf.elfcheck
 
15:36:18 **** Incremental Build of configuration Debug for project mario ****
make all 
make: Nothing to be done for `all'.
15:37:13 **** Auto Build of configuration Debug for project mario ****
make all 
Building file: ../src/main.c
Invoking: MicroBlaze gcc compiler
mb-gcc -Wall -O0 -g3 -c -fmessage-length=0 -I../../mario_bsp/microblaze_0/include -mxl-barrel-shift -mxl-pattern-compare -mcpu=v8.50.b -mno-xl-soft-mul -Wl,--no-relax -ffunction-sections -fdata-sections -MMD -MP -MF"src/main.d" -MT"src/main.d" -o "src/main.o" "../src/main.c"
In file included from ../src/main.c:13:0:
../src/game_controller.h: In function 'propagateGame':
../src/game_controller.h:93:5: warning: implicit declaration of function 'playerDead' [-Wimplicit-function-declaration]
../src/game_controller.h: At top level:
../src/game_controller.h:116:6: warning: conflicting types for 'playerDead' [enabled by default]
../src/game_controller.h:93:5: note: previous implicit declaration of 'playerDead' was here
../src/main.c: In function 'spiSetup':
../src/main.c:43:5: warning: unused variable 'Test' [-Wunused-variable]
../src/main.c:42:6: warning: unused variable 'Count' [-Wunused-variable]
../src/main.c: In function 'readGyroReg':
../src/main.c:120:2: warning: passing argument 1 of 'XSpi_Transfer' from incompatible pointer type [enabled by default]
../../mario_bsp/microblaze_0/include/xspi.h:809:5: note: expected 'struct XSpi *' but argument is of type 'struct XSpi **'
../src/main.c: In function 'main':
../src/main.c:219:6: warning: unused variable 'color' [-Wunused-variable]
../src/main.c: At top level:
../src/main.c:32:13: warning: 'SPIINST' defined but not used [-Wunused-variable]
Finished building: ../src/main.c
 
Building target: mario.elf
Invoking: MicroBlaze gcc linker
mb-gcc -Wl,-T -Wl,../src/lscript.ld -L../../mario_bsp/microblaze_0/lib -mxl-barrel-shift -mxl-pattern-compare -mcpu=v8.50.b -mno-xl-soft-mul -Wl,--no-relax -Wl,--gc-sections -o "mario.elf"  ./src/cam_ctrl.o ./src/main.o ./src/platform.o ./src/pmodACL.o ./src/pmodGYRO.o ./src/vmodcam_cfg.o   -Wl,--start-group,-lxil,-lgcc,-lc,--end-group
Finished building target: mario.elf
 
Invoking: MicroBlaze Print Size
mb-size mario.elf  |tee "mario.elf.size"
   text	   data	    bss	    dec	    hex	filename
   4182	    308	  12096	  16586	   40ca	mario.elf
Finished building: mario.elf.size
 
Invoking: Xilinx ELF Check
elfcheck mario.elf -hw ../../proj_hw_platform/system.xml -pe microblaze_0  |tee "mario.elf.elfcheck"
elfcheck
Xilinx EDK 2013.2 Build EDK_P.68d
Copyright (c) 1995-2012 Xilinx, Inc.  All rights reserved.

Command Line: elfcheck -hw ../../proj_hw_platform/system.xml -pe microblaze_0
mario.elf 

ELF file	: mario.elf
elfcheck passed.
Finished building: mario.elf.elfcheck
 
15:37:17 **** Incremental Build of configuration Debug for project mario ****
make all 
make: Nothing to be done for `all'.
